Archive member included because of file (symbol)

u:/installedapps/atmel/atmel toolchain/arm gcc/native/4.7.3.1029/arm-gnu-toolchain/bin/../lib/gcc/arm-none-eabi/4.7.3/armv7-m\libgcc.a(_arm_addsubsf3.o)
                              src/test/unity.o (__aeabi_fsub)
u:/installedapps/atmel/atmel toolchain/arm gcc/native/4.7.3.1029/arm-gnu-toolchain/bin/../lib/gcc/arm-none-eabi/4.7.3/armv7-m\libgcc.a(_arm_muldivsf3.o)
                              src/test/unity.o (__aeabi_fmul)
u:/installedapps/atmel/atmel toolchain/arm gcc/native/4.7.3.1029/arm-gnu-toolchain/bin/../lib/gcc/arm-none-eabi/4.7.3/armv7-m\libgcc.a(_arm_cmpsf2.o)
                              src/test/unity.o (__aeabi_fcmpeq)
u:/installedapps/atmel/atmel toolchain/arm gcc/native/4.7.3.1029/arm-gnu-toolchain/bin/../lib/gcc/arm-none-eabi/4.7.3/../../../../arm-none-eabi/lib/armv7-m\libc.a(lib_a-__atexit.o)
                              u:/installedapps/atmel/atmel toolchain/arm gcc/native/4.7.3.1029/arm-gnu-toolchain/bin/../lib/gcc/arm-none-eabi/4.7.3/../../../../arm-none-eabi/lib/armv7-m/crt0.o (__register_exitproc)
u:/installedapps/atmel/atmel toolchain/arm gcc/native/4.7.3.1029/arm-gnu-toolchain/bin/../lib/gcc/arm-none-eabi/4.7.3/../../../../arm-none-eabi/lib/armv7-m\libc.a(lib_a-exit.o)
                              u:/installedapps/atmel/atmel toolchain/arm gcc/native/4.7.3.1029/arm-gnu-toolchain/bin/../lib/gcc/arm-none-eabi/4.7.3/../../../../arm-none-eabi/lib/armv7-m/crt0.o (exit)
u:/installedapps/atmel/atmel toolchain/arm gcc/native/4.7.3.1029/arm-gnu-toolchain/bin/../lib/gcc/arm-none-eabi/4.7.3/../../../../arm-none-eabi/lib/armv7-m\libc.a(lib_a-fini.o)
                              u:/installedapps/atmel/atmel toolchain/arm gcc/native/4.7.3.1029/arm-gnu-toolchain/bin/../lib/gcc/arm-none-eabi/4.7.3/../../../../arm-none-eabi/lib/armv7-m/crt0.o (__libc_fini_array)
u:/installedapps/atmel/atmel toolchain/arm gcc/native/4.7.3.1029/arm-gnu-toolchain/bin/../lib/gcc/arm-none-eabi/4.7.3/../../../../arm-none-eabi/lib/armv7-m\libc.a(lib_a-impure.o)
                              u:/installedapps/atmel/atmel toolchain/arm gcc/native/4.7.3.1029/arm-gnu-toolchain/bin/../lib/gcc/arm-none-eabi/4.7.3/../../../../arm-none-eabi/lib/armv7-m\libc.a(lib_a-__atexit.o) (_global_impure_ptr)
u:/installedapps/atmel/atmel toolchain/arm gcc/native/4.7.3.1029/arm-gnu-toolchain/bin/../lib/gcc/arm-none-eabi/4.7.3/../../../../arm-none-eabi/lib/armv7-m\libc.a(lib_a-init.o)
                              u:/installedapps/atmel/atmel toolchain/arm gcc/native/4.7.3.1029/arm-gnu-toolchain/bin/../lib/gcc/arm-none-eabi/4.7.3/../../../../arm-none-eabi/lib/armv7-m/crt0.o (__libc_init_array)
u:/installedapps/atmel/atmel toolchain/arm gcc/native/4.7.3.1029/arm-gnu-toolchain/bin/../lib/gcc/arm-none-eabi/4.7.3/../../../../arm-none-eabi/lib/armv7-m\libc.a(lib_a-iprintf.o)
                              src/ASF/sam/drivers/adc/adc.o (iprintf)
u:/installedapps/atmel/atmel toolchain/arm gcc/native/4.7.3.1029/arm-gnu-toolchain/bin/../lib/gcc/arm-none-eabi/4.7.3/../../../../arm-none-eabi/lib/armv7-m\libc.a(lib_a-memcpy.o)
                              src/ASF/thirdparty/freertos/freertos-7.3.0/source/queue.o (memcpy)
u:/installedapps/atmel/atmel toolchain/arm gcc/native/4.7.3.1029/arm-gnu-toolchain/bin/../lib/gcc/arm-none-eabi/4.7.3/../../../../arm-none-eabi/lib/armv7-m\libc.a(lib_a-memset.o)
                              u:/installedapps/atmel/atmel toolchain/arm gcc/native/4.7.3.1029/arm-gnu-toolchain/bin/../lib/gcc/arm-none-eabi/4.7.3/../../../../arm-none-eabi/lib/armv7-m/crt0.o (memset)
u:/installedapps/atmel/atmel toolchain/arm gcc/native/4.7.3.1029/arm-gnu-toolchain/bin/../lib/gcc/arm-none-eabi/4.7.3/../../../../arm-none-eabi/lib/armv7-m\libc.a(lib_a-puts.o)
                              src/ASF/sam/drivers/adc/adc.o (puts)
u:/installedapps/atmel/atmel toolchain/arm gcc/native/4.7.3.1029/arm-gnu-toolchain/bin/../lib/gcc/arm-none-eabi/4.7.3/../../../../arm-none-eabi/lib/armv7-m\libc.a(lib_a-setbuf.o)
                              src/main.o (setbuf)
u:/installedapps/atmel/atmel toolchain/arm gcc/native/4.7.3.1029/arm-gnu-toolchain/bin/../lib/gcc/arm-none-eabi/4.7.3/../../../../arm-none-eabi/lib/armv7-m\libc.a(lib_a-setjmp.o)
                              src/test/unity.o (setjmp)
u:/installedapps/atmel/atmel toolchain/arm gcc/native/4.7.3.1029/arm-gnu-toolchain/bin/../lib/gcc/arm-none-eabi/4.7.3/../../../../arm-none-eabi/lib/armv7-m\libc.a(lib_a-setvbuf.o)
                              u:/installedapps/atmel/atmel toolchain/arm gcc/native/4.7.3.1029/arm-gnu-toolchain/bin/../lib/gcc/arm-none-eabi/4.7.3/../../../../arm-none-eabi/lib/armv7-m\libc.a(lib_a-setbuf.o) (setvbuf)
u:/installedapps/atmel/atmel toolchain/arm gcc/native/4.7.3.1029/arm-gnu-toolchain/bin/../lib/gcc/arm-none-eabi/4.7.3/../../../../arm-none-eabi/lib/armv7-m\libc.a(lib_a-sprintf.o)
                              src/ASF/thirdparty/freertos/freertos-7.3.0/source/tasks.o (sprintf)
[...]
Memory Configuration

Name             Origin             Length             Attributes
rom              0x00080000         0x00080000         xr
sram0            0x20000000         0x00010000         xrw
sram1            0x20080000         0x00008000         xrw
ram              0x20070000         0x00018000         xrw
*default*        0x00000000         0xffffffff

Linker script and memory map

LOAD u:/installedapps/atmel/atmel toolchain/arm gcc/native/4.7.3.1029/arm-gnu-toolchain/bin/../lib/gcc/arm-none-eabi/4.7.3/armv7-m/crti.o
LOAD u:/installedapps/atmel/atmel toolchain/arm gcc/native/4.7.3.1029/arm-gnu-toolchain/bin/../lib/gcc/arm-none-eabi/4.7.3/armv7-m/crtbegin.o
LOAD u:/installedapps/atmel/atmel toolchain/arm gcc/native/4.7.3.1029/arm-gnu-toolchain/bin/../lib/gcc/arm-none-eabi/4.7.3/../../../../arm-none-eabi/lib/armv7-m/crt0.o
LOAD src/ASF/common/services/serial/usart_serial.o
LOAD src/ASF/common/utils/stdio/read.o
LOAD src/ASF/common/utils/stdio/write.o
LOAD src/ASF/sam/drivers/adc/adc.o
LOAD src/ASF/sam/drivers/uart/uart.o
LOAD src/ASF/sam/drivers/usart/usart.o
LOAD src/ASF/thirdparty/freertos/freertos-7.3.0/source/FreeRTOS_CLI.o
LOAD src/main.o
LOAD src/pwm_controller.o
LOAD src/serial_communication.o
LOAD src/test/test_duty_cycle.o
LOAD src/test/unity.o
LOAD src/ASF/thirdparty/freertos/freertos-7.3.0/source/list.o
LOAD src/ASF/thirdparty/freertos/freertos-7.3.0/source/portable/gcc/sam/port.o
LOAD src/ASF/thirdparty/freertos/freertos-7.3.0/source/portable/memmang/heap_4.o
LOAD src/ASF/thirdparty/freertos/freertos-7.3.0/source/queue.o
LOAD src/ASF/thirdparty/freertos/freertos-7.3.0/source/tasks.o
LOAD src/ASF/thirdparty/freertos/freertos-7.3.0/source/timers.o
LOAD src/ASF/sam/drivers/adc/adc_sam3u.o
LOAD src/ASF/sam/drivers/pwm/pwm.o
LOAD src/ASF/common/services/clock/sam3x/sysclk.o
LOAD src/ASF/common/utils/interrupt/interrupt_sam_nvic.o
LOAD src/ASF/sam/boards/arduino_due_x/init.o
LOAD src/ASF/sam/drivers/pio/pio.o
LOAD src/ASF/sam/drivers/pio/pio_handler.o
LOAD src/ASF/sam/drivers/pmc/pmc.o
LOAD src/ASF/sam/drivers/pmc/sleep.o
LOAD src/ASF/sam/utils/cmsis/sam3x/source/templates/exceptions.o
LOAD src/ASF/sam/utils/cmsis/sam3x/source/templates/gcc/startup_sam3x.o
LOAD src/ASF/sam/utils/cmsis/sam3x/source/templates/system_sam3x.o
LOAD src/ASF/sam/utils/syscalls/gcc/syscalls.o
START GROUP
LOAD ../src/ASF/thirdparty/CMSIS/Lib/GCC\libarm_cortexM3l_math.a
LOAD u:/installedapps/atmel/atmel toolchain/arm gcc/native/4.7.3.1029/arm-gnu-toolchain/bin/../lib/gcc/arm-none-eabi/4.7.3/../../../../arm-none-eabi/lib/armv7-m\libm.a
END GROUP
START GROUP
LOAD u:/installedapps/atmel/atmel toolchain/arm gcc/native/4.7.3.1029/arm-gnu-toolchain/bin/../lib/gcc/arm-none-eabi/4.7.3/armv7-m\libgcc.a
LOAD u:/installedapps/atmel/atmel toolchain/arm gcc/native/4.7.3.1029/arm-gnu-toolchain/bin/../lib/gcc/arm-none-eabi/4.7.3/../../../../arm-none-eabi/lib/armv7-m\libc.a
END GROUP
LOAD u:/installedapps/atmel/atmel toolchain/arm gcc/native/4.7.3.1029/arm-gnu-toolchain/bin/../lib/gcc/arm-none-eabi/4.7.3/armv7-m/crtend.o
LOAD u:/installedapps/atmel/atmel toolchain/arm gcc/native/4.7.3.1029/arm-gnu-toolchain/bin/../lib/gcc/arm-none-eabi/4.7.3/armv7-m/crtn.o
                [0x00002000]                __stack_size__ = DEFINED (__stack_size__)?__stack_size__:0x2000
                0x20087ffc                __ram_end__ = ((ORIGIN (ram) + 0x18000) - 0x4)

.text           0x00080000     0x707c
                0x00080000                . = ALIGN (0x4)
                0x00080000                _sfixed = .
 *(.vectors .vectors.*)
 .vectors       0x00080000       0xf4 src/ASF/sam/utils/cmsis/sam3x/source/templates/gcc/startup_sam3x.o
                0x00080000                exception_table
 *(.text .text.* .gnu.linkonce.t.*)
 .text          0x000800f4       0xb0 u:/installedapps/atmel/atmel toolchain/arm gcc/native/4.7.3.1029/arm-gnu-toolchain/bin/../lib/gcc/arm-none-eabi/4.7.3/armv7-m/crtbegin.o
 .text._read    0x000801a4       0x88 src/ASF/common/utils/stdio/read.o
                0x000801a4                _read
 .text._write   0x0008022c       0xa0 src/ASF/common/utils/stdio/write.o
                0x0008022c                _write
 .text.uart_init
                0x000802cc       0x44 src/ASF/sam/drivers/uart/uart.o
                0x000802cc                uart_init
 .text.uart_write
                0x00080310       0x18 src/ASF/sam/drivers/uart/uart.o
                0x00080310                uart_write
 .text.uart_read
                0x00080328       0x18 src/ASF/sam/drivers/uart/uart.o
                0x00080328                uart_read
 .text.usart_write
                0x00080340       0x20 src/ASF/sam/drivers/usart/usart.o
                0x00080340                usart_write
 .text.usart_read
                0x00080360       0x20 src/ASF/sam/drivers/usart/usart.o
                0x00080360                usart_read
 .text.usart_serial_getchar
                0x00080380       0xe4 src/main.o
 .text.usart_serial_putchar
                0x00080464       0xe8 src/main.o
 .text.init_pwm
                0x0008054c       0x54 src/main.o
                0x0008054c                init_pwm
 .text.init_tasks
                0x000805a0       0x58 src/main.o
                0x000805a0                init_tasks
 .text.init_sempahores
                0x000805f8       0x38 src/main.o
                0x000805f8                init_sempahores
 .text.main     0x00080630      0x110 src/main.o
                0x00080630                main
 .text.initialize_pwm
                0x00080740      0x1f4 src/pwm_controller.o
                0x00080740                initialize_pwm
 .text.update_duty_cycle_DAC1
                0x00080934       0x2c src/pwm_controller.o
                0x00080934                update_duty_cycle_DAC1
 .text.update_duty_cycle_36
                0x00080960       0x2c src/pwm_controller.o
                0x00080960                update_duty_cycle_36
 .text.update_duty_cycle_38
                0x0008098c       0x2c src/pwm_controller.o
                0x0008098c                update_duty_cycle_38
 .text.update_duty_cycle_40
                0x000809b8       0x2c src/pwm_controller.o
                0x000809b8                update_duty_cycle_40
 .text.update_duty_cycle_9
                0x000809e4       0x2c src/pwm_controller.o
                0x000809e4                update_duty_cycle_9
 .text.start_communication
                0x00080a10      0x180 src/serial_communication.o
                0x00080a10                start_communication
 .text.test_duty_cycle_DAC1
                0x00080b90       0x34 src/test/test_duty_cycle.o
                0x00080b90                test_duty_cycle_DAC1
 .text.test_duty_cycle_36
                0x00080bc4       0x34 src/test/test_duty_cycle.o
                0x00080bc4                test_duty_cycle_36
 .text.test_duty_cycle_38
                0x00080bf8       0x34 src/test/test_duty_cycle.o
                0x00080bf8                test_duty_cycle_38
 .text.test_duty_cycle_40
                0x00080c2c       0x34 src/test/test_duty_cycle.o
                0x00080c2c                test_duty_cycle_40
 .text.test_duty_cycle_9
                0x00080c60       0x34 src/test/test_duty_cycle.o
                0x00080c60                test_duty_cycle_9
 .text.test_update_duty_cycle_DAC1
                0x00080c94       0x40 src/test/test_duty_cycle.o
                0x00080c94                test_update_duty_cycle_DAC1
 .text.UnityPrintNumber
                0x00080cd4      0x21c src/test/unity.o
                0x00080cd4                UnityPrintNumber
 .text.UnityPrintNumberUnsigned
                0x00080ef0       0xe4 src/test/unity.o
                0x00080ef0                UnityPrintNumberUnsigned
 .text.UnityPrintNumberHex
                0x00080fd4      0x200 src/test/unity.o
                0x00080fd4                UnityPrintNumberHex
 .text.UnityPrintNumberByStyle
                0x000811d4       0x50 src/test/unity.o
                0x000811d4                UnityPrintNumberByStyle
 .text.UnityPrint
                0x00081224      0x284 src/test/unity.o
                0x00081224                UnityPrint
 .text.UnityTestResultsBegin
                0x000814a8      0x1bc src/test/unity.o
 .text.UnityTestResultsFailBegin
                0x00081664       0xb0 src/test/unity.o
 .text.UnityAddMsgIfSpecified
                0x00081714       0x20 src/test/unity.o
 .text.UnityPrintFail
                0x00081734       0x18 src/test/unity.o
                0x00081734                UnityPrintFail
 .text.UnityPrintOk
                0x0008174c       0x18 src/test/unity.o
                0x0008174c                UnityPrintOk
 .text.UnityConcludeTest
                0x00081764       0xfc src/test/unity.o
                0x00081764                UnityConcludeTest
 .text.UnityAssertEqualNumber
                0x00081860       0x84 src/test/unity.o
                0x00081860                UnityAssertEqualNumber
 .text.setUp    0x000818e4        0x4 src/test/unity.o
                0x000818e4                setUp
 .text.tearDown
                0x000818e8        0x4 src/test/unity.o
                0x000818e8                tearDown
 .text.UnityDefaultTestRun
                0x000818ec       0x70 src/test/unity.o
                0x000818ec                UnityDefaultTestRun
 .text.UnityBegin
                0x0008195c       0x20 src/test/unity.o
                0x0008195c                UnityBegin
 .text.UnityEnd
                0x0008197c      0x294 src/test/unity.o
                0x0008197c                UnityEnd
 .text.vListInitialise
                0x00081c10       0x18 src/ASF/thirdparty/freertos/freertos-7.3.0/source/list.o
                0x00081c10                vListInitialise
 .text.vListInitialiseItem
                0x00081c28        0x8 src/ASF/thirdparty/freertos/freertos-7.3.0/source/list.o
                0x00081c28                vListInitialiseItem
 .text.vListInsertEnd
                0x00081c30       0x20 src/ASF/thirdparty/freertos/freertos-7.3.0/source/list.o
                0x00081c30                vListInsertEnd
 .text.vListInsert
                0x00081c50       0x44 src/ASF/thirdparty/freertos/freertos-7.3.0/source/list.o
                0x00081c50                vListInsert
 .text.uxListRemove
                0x00081c94       0x2c src/ASF/thirdparty/freertos/freertos-7.3.0/source/list.o
                0x00081c94                uxListRemove
 .text.prvPortStartFirstTask
                0x00081cc0       0x14 src/ASF/thirdparty/freertos/freertos-7.3.0/source/portable/gcc/sam/port.o
 .text.pxPortInitialiseStack
                0x00081cd4       0x20 src/ASF/thirdparty/freertos/freertos-7.3.0/source/portable/gcc/sam/port.o
                0x00081cd4                pxPortInitialiseStack
 .text.SVC_Handler
                0x00081cf4       0x20 src/ASF/thirdparty/freertos/freertos-7.3.0/source/portable/gcc/sam/port.o
                0x00081cf4                SVC_Handler
 .text.vPortYieldFromISR
                0x00081d14       0x10 src/ASF/thirdparty/freertos/freertos-7.3.0/source/portable/gcc/sam/port.o
                0x00081d14                vPortYieldFromISR
 .text.ulPortSetInterruptMask
                0x00081d24       0x14 src/ASF/thirdparty/freertos/freertos-7.3.0/source/portable/gcc/sam/port.o
                0x00081d24                ulPortSetInterruptMask
 .text.vPortEnterCritical
                0x00081d38       0x20 src/ASF/thirdparty/freertos/freertos-7.3.0/source/portable/gcc/sam/port.o
                0x00081d38                vPortEnterCritical
 .text.vPortClearInterruptMask
                0x00081d58        0x8 src/ASF/thirdparty/freertos/freertos-7.3.0/source/portable/gcc/sam/port.o
                0x00081d58                vPortClearInterruptMask
 .text.vPortExitCritical
                0x00081d60       0x24 src/ASF/thirdparty/freertos/freertos-7.3.0/source/portable/gcc/sam/port.o
                0x00081d60                vPortExitCritical
 .text.PendSV_Handler
                0x00081d84       0x3c src/ASF/thirdparty/freertos/freertos-7.3.0/source/portable/gcc/sam/port.o
                0x00081d84                PendSV_Handler
 .text.SysTick_Handler
                0x00081dc0       0x34 src/ASF/thirdparty/freertos/freertos-7.3.0/source/portable/gcc/sam/port.o
                0x00081dc0                SysTick_Handler
 .text.vPortSetupTimerInterrupt
                0x00081df4       0x24 src/ASF/thirdparty/freertos/freertos-7.3.0/source/portable/gcc/sam/port.o
                0x00081df4                vPortSetupTimerInterrupt
 .text.xPortStartScheduler
                0x00081e18       0x40 src/ASF/thirdparty/freertos/freertos-7.3.0/source/portable/gcc/sam/port.o
                0x00081e18                xPortStartScheduler
 .text.prvInsertBlockIntoFreeList
                0x00081e58       0x5c src/ASF/thirdparty/freertos/freertos-7.3.0/source/portable/memmang/heap_4.o
 .text.pvPortMalloc
                0x00081eb4       0xfc src/ASF/thirdparty/freertos/freertos-7.3.0/source/portable/memmang/heap_4.o
                0x00081eb4                pvPortMalloc
 .text.vPortFree
                0x00081fb0       0x3c src/ASF/thirdparty/freertos/freertos-7.3.0/source/portable/memmang/heap_4.o
                0x00081fb0                vPortFree
 .text.prvUnlockQueue
                0x00081fec       0xb4 src/ASF/thirdparty/freertos/freertos-7.3.0/source/queue.o
 .text.prvCopyDataFromQueue
                0x000820a0       0x28 src/ASF/thirdparty/freertos/freertos-7.3.0/source/queue.o
 .text.prvCopyDataToQueue
                0x000820c8       0x78 src/ASF/thirdparty/freertos/freertos-7.3.0/source/queue.o
 .text.xQueueGenericReset
                0x00082140       0x90 src/ASF/thirdparty/freertos/freertos-7.3.0/source/queue.o
                0x00082140                xQueueGenericReset
 .text.xQueueGenericCreate
                0x000821d0       0x6c src/ASF/thirdparty/freertos/freertos-7.3.0/source/queue.o
                0x000821d0                xQueueGenericCreate
 .text.xQueueGenericSend
                0x0008223c      0x180 src/ASF/thirdparty/freertos/freertos-7.3.0/source/queue.o
                0x0008223c                xQueueGenericSend
 .text.xQueueGenericSendFromISR
                0x000823bc       0xb0 src/ASF/thirdparty/freertos/freertos-7.3.0/source/queue.o
                0x000823bc                xQueueGenericSendFromISR
 .text.xQueueGenericReceive
                0x0008246c      0x1d0 src/ASF/thirdparty/freertos/freertos-7.3.0/source/queue.o
                0x0008246c                xQueueGenericReceive
 .text.vQueueWaitForMessageRestricted
                0x0008263c       0x54 src/ASF/thirdparty/freertos/freertos-7.3.0/source/queue.o
                0x0008263c                vQueueWaitForMessageRestricted
 .text.prvAddCurrentTaskToDelayedList
                0x00082690       0x84 src/ASF/thirdparty/freertos/freertos-7.3.0/source/tasks.o
 .text.xTaskGenericCreate
                0x00082714      0x2bc src/ASF/thirdparty/freertos/freertos-7.3.0/source/tasks.o
                0x00082714                xTaskGenericCreate
 .text.vTaskStartScheduler
                0x000829d0       0x88 src/ASF/thirdparty/freertos/freertos-7.3.0/source/tasks.o
                0x000829d0                vTaskStartScheduler
 .text.vTaskSuspendAll
                0x00082a58       0x14 src/ASF/thirdparty/freertos/freertos-7.3.0/source/tasks.o
                0x00082a58                vTaskSuspendAll
 .text.xTaskGetTickCount
                0x00082a6c       0x28 src/ASF/thirdparty/freertos/freertos-7.3.0/source/tasks.o
                0x00082a6c                xTaskGetTickCount
 .text.vTaskIncrementTick
                0x00082a94      0x19c src/ASF/thirdparty/freertos/freertos-7.3.0/source/tasks.o
                0x00082a94                vTaskIncrementTick
 .text.xTaskResumeAll
                0x00082c30      0x14c src/ASF/thirdparty/freertos/freertos-7.3.0/source/tasks.o
                0x00082c30                xTaskResumeAll
 .text.prvIdleTask
                0x00082d7c       0xa0 src/ASF/thirdparty/freertos/freertos-7.3.0/source/tasks.o
 .text.vTaskDelayUntil
                0x00082e1c       0xbc src/ASF/thirdparty/freertos/freertos-7.3.0/source/tasks.o
                0x00082e1c                vTaskDelayUntil
 .text.vTaskSwitchContext
                0x00082ed8       0xc0 src/ASF/thirdparty/freertos/freertos-7.3.0/source/tasks.o
                0x00082ed8                vTaskSwitchContext
 .text.vTaskPlaceOnEventList
                0x00082f98       0x78 src/ASF/thirdparty/freertos/freertos-7.3.0/source/tasks.o
                0x00082f98                vTaskPlaceOnEventList
 .text.vTaskPlaceOnEventListRestricted
                0x00083010       0x58 src/ASF/thirdparty/freertos/freertos-7.3.0/source/tasks.o
                0x00083010                vTaskPlaceOnEventListRestricted
 .text.xTaskRemoveFromEventList
                0x00083068       0xa8 src/ASF/thirdparty/freertos/freertos-7.3.0/source/tasks.o
                0x00083068                xTaskRemoveFromEventList
 .text.vTaskSetTimeOutState
                0x00083110       0x30 src/ASF/thirdparty/freertos/freertos-7.3.0/source/tasks.o
                0x00083110                vTaskSetTimeOutState
 .text.xTaskCheckForTimeOut
                0x00083140       0xb4 src/ASF/thirdparty/freertos/freertos-7.3.0/source/tasks.o
                0x00083140                xTaskCheckForTimeOut
 .text.vTaskMissedYield
                0x000831f4       0x10 src/ASF/thirdparty/freertos/freertos-7.3.0/source/tasks.o
                0x000831f4                vTaskMissedYield
 .text.xTaskGetCurrentTaskHandle
                0x00083204        0xc src/ASF/thirdparty/freertos/freertos-7.3.0/source/tasks.o
                0x00083204                xTaskGetCurrentTaskHandle
 .text.xTaskGetSchedulerState
                0x00083210       0x28 src/ASF/thirdparty/freertos/freertos-7.3.0/source/tasks.o
                0x00083210                xTaskGetSchedulerState
 .text.vTaskPriorityInherit
                0x00083238       0xa8 src/ASF/thirdparty/freertos/freertos-7.3.0/source/tasks.o
                0x00083238                vTaskPriorityInherit
 .text.vTaskPriorityDisinherit
                0x000832e0       0x60 src/ASF/thirdparty/freertos/freertos-7.3.0/source/tasks.o
                0x000832e0                vTaskPriorityDisinherit
 .text.prvCheckForValidListAndQueue
                0x00083340       0x78 src/ASF/thirdparty/freertos/freertos-7.3.0/source/timers.o
 .text.prvInsertTimerInActiveList
                0x000833b8       0x68 src/ASF/thirdparty/freertos/freertos-7.3.0/source/timers.o
 .text.xTimerCreateTimerTask
                0x00083420       0x5c src/ASF/thirdparty/freertos/freertos-7.3.0/source/timers.o
                0x00083420                xTimerCreateTimerTask
 .text.xTimerGenericCommand
                0x0008347c       0x68 src/ASF/thirdparty/freertos/freertos-7.3.0/source/timers.o
                0x0008347c                xTimerGenericCommand
 .text.prvSampleTimeNow
                0x000834e4       0xe4 src/ASF/thirdparty/freertos/freertos-7.3.0/source/timers.o
 .text.prvTimerTask
                0x000835c8      0x1dc src/ASF/thirdparty/freertos/freertos-7.3.0/source/timers.o
 .text.pwm_clocks_generate
                0x000837a4      0x124 src/ASF/sam/drivers/pwm/pwm.o
 .text.pwm_init
                0x000838c8       0x4c src/ASF/sam/drivers/pwm/pwm.o
                0x000838c8                pwm_init
 .text.pwm_channel_init
                0x00083914      0x128 src/ASF/sam/drivers/pwm/pwm.o
                0x00083914                pwm_channel_init
 .text.pwm_channel_update_duty
                0x00083a3c       0x24 src/ASF/sam/drivers/pwm/pwm.o
                0x00083a3c                pwm_channel_update_duty
 .text.pwm_channel_enable
                0x00083a60        0xc src/ASF/sam/drivers/pwm/pwm.o
                0x00083a60                pwm_channel_enable
 .text.pwm_channel_disable
                0x00083a6c        0xc src/ASF/sam/drivers/pwm/pwm.o
                0x00083a6c                pwm_channel_disable
 .text.sysclk_init
                0x00083a78       0x8c src/ASF/common/services/clock/sam3x/sysclk.o
                0x00083a78                sysclk_init
 .text.board_init
                0x00083b04       0xa4 src/ASF/sam/boards/arduino_due_x/init.o
                0x00083b04                board_init
 .text.pio_pull_up
                0x00083ba8        0xc src/ASF/sam/drivers/pio/pio.o
                0x00083ba8                pio_pull_up
 .text.pio_set_peripheral
                0x00083bb4       0x44 src/ASF/sam/drivers/pio/pio.o
                0x00083bb4                pio_set_peripheral
 .text.pio_disable_interrupt
                0x00083bf8        0x4 src/ASF/sam/drivers/pio/pio.o
                0x00083bf8                pio_disable_interrupt
 .text.pio_set_output
                0x00083bfc       0x3c src/ASF/sam/drivers/pio/pio.o
                0x00083bfc                pio_set_output
 .text.pio_set_input
                0x00083c38       0x4c src/ASF/sam/drivers/pio/pio.o
                0x00083c38                pio_set_input
 .text.pio_get_interrupt_status
                0x00083c84        0x4 src/ASF/sam/drivers/pio/pio.o
                0x00083c84                pio_get_interrupt_status
 .text.pio_get_interrupt_mask
                0x00083c88        0x4 src/ASF/sam/drivers/pio/pio.o
                0x00083c88                pio_get_interrupt_mask
 .text.pio_configure_pin_group
                0x00083c8c       0xc8 src/ASF/sam/drivers/pio/pio.o
                0x00083c8c                pio_configure_pin_group
 .text.pio_get_pin_group
                0x00083d54       0x14 src/ASF/sam/drivers/pio/pio.o
                0x00083d54                pio_get_pin_group
 .text.pio_configure_pin
                0x00083d68       0xfc src/ASF/sam/drivers/pio/pio.o
                0x00083d68                pio_configure_pin
 .text.pio_handler_process
                0x00083e64      0x140 src/ASF/sam/drivers/pio/pio_handler.o
                0x00083e64                pio_handler_process
 .text.PIOA_Handler
                0x00083fa4       0x1c src/ASF/sam/drivers/pio/pio_handler.o
                0x00083fa4                PIOA_Handler
 .text.PIOB_Handler
                0x00083fc0       0x1c src/ASF/sam/drivers/pio/pio_handler.o
                0x00083fc0                PIOB_Handler
 .text.PIOC_Handler
                0x00083fdc       0x1c src/ASF/sam/drivers/pio/pio_handler.o
                0x00083fdc                PIOC_Handler
 .text.PIOD_Handler
                0x00083ff8       0x1c src/ASF/sam/drivers/pio/pio_handler.o
                0x00083ff8                PIOD_Handler
 .text.pmc_switch_mck_to_pllack
                0x00084014       0xa0 src/ASF/sam/drivers/pmc/pmc.o
                0x00084014                pmc_switch_mck_to_pllack
 .text.pmc_switch_mainck_to_xtal
                0x000840b4       0x70 src/ASF/sam/drivers/pmc/pmc.o
                0x000840b4                pmc_switch_mainck_to_xtal
 .text.pmc_osc_is_ready_mainck
                0x00084124       0x10 src/ASF/sam/drivers/pmc/pmc.o
                0x00084124                pmc_osc_is_ready_mainck
 .text.pmc_disable_pllack
                0x00084134       0x10 src/ASF/sam/drivers/pmc/pmc.o
                0x00084134                pmc_disable_pllack
 .text.pmc_is_locked_pllack
                0x00084144       0x10 src/ASF/sam/drivers/pmc/pmc.o
                0x00084144                pmc_is_locked_pllack
 .text.pmc_enable_periph_clk
                0x00084154       0x84 src/ASF/sam/drivers/pmc/pmc.o
                0x00084154                pmc_enable_periph_clk
 .text.Dummy_Handler
                0x000841d8        0x4 src/ASF/sam/utils/cmsis/sam3x/source/templates/exceptions.o
                0x000841d8                DACC_Handler
                0x000841d8                DebugMon_Handler
                0x000841d8                DMAC_Handler
                0x000841d8                TRNG_Handler
                0x000841d8                HardFault_Handler
                0x000841d8                TC2_Handler
                0x000841d8                USART3_Handler
                0x000841d8                TWI1_Handler
                0x000841d8                NMI_Handler
                0x000841d8                TC7_Handler
                0x000841d8                ADC_Handler
                0x000841d8                SMC_Handler
                0x000841d8                USART0_Handler
                0x000841d8                RTT_Handler
                0x000841d8                EFC1_Handler
                0x000841d8                RTC_Handler
                0x000841d8                UsageFault_Handler
                0x000841d8                TC6_Handler
                0x000841d8                WDT_Handler
                0x000841d8                CAN0_Handler
                0x000841d8                TC4_Handler
                0x000841d8                TC1_Handler
                0x000841d8                HSMCI_Handler
                0x000841d8                TC3_Handler
                0x000841d8                Dummy_Handler
                0x000841d8                TWI0_Handler
                0x000841d8                USART1_Handler
                0x000841d8                SSC_Handler
                0x000841d8                EFC0_Handler
                0x000841d8                PMC_Handler
                0x000841d8                PWM_Handler
                0x000841d8                CAN1_Handler
                0x000841d8                MemManage_Handler
                0x000841d8                SUPC_Handler
                0x000841d8                TC8_Handler
                0x000841d8                USART2_Handler
                0x000841d8                EMAC_Handler
                0x000841d8                UART_Handler
                0x000841d8                BusFault_Handler
                0x000841d8                RSTC_Handler
                0x000841d8                TC0_Handler
                0x000841d8                TC5_Handler
                0x000841d8                UOTGHS_Handler
                0x000841d8                SPI0_Handler
 .text.Reset_Handler
                0x000841dc      0x138 src/ASF/sam/utils/cmsis/sam3x/source/templates/gcc/startup_sam3x.o
                0x000841dc                Reset_Handler
 .text.SystemCoreClockUpdate
                0x00084314      0x1c8 src/ASF/sam/utils/cmsis/sam3x/source/templates/system_sam3x.o
                0x00084314                SystemCoreClockUpdate
 .text.system_init_flash
                0x000844dc       0xc4 src/ASF/sam/utils/cmsis/sam3x/source/templates/system_sam3x.o
                0x000844dc                system_init_flash
 .text._sbrk    0x000845a0       0x4c src/ASF/sam/utils/syscalls/gcc/syscalls.o
                0x000845a0                _sbrk
 .text._close   0x000845ec        0x8 src/ASF/sam/utils/syscalls/gcc/syscalls.o
                0x000845ec                _close
 .text._fstat   0x000845f4        0xc src/ASF/sam/utils/syscalls/gcc/syscalls.o
                0x000845f4                _fstat
 .text._isatty  0x00084600        0x8 src/ASF/sam/utils/syscalls/gcc/syscalls.o
                0x00084600                _isatty
 .text._lseek   0x00084608        0x8 src/ASF/sam/utils/syscalls/gcc/syscalls.o
                0x00084608                _lseek
 .text          0x00084610       0x9c u:/installedapps/atmel/atmel toolchain/arm gcc/native/4.7.3.1029/arm-gnu-toolchain/bin/../lib/gcc/arm-none-eabi/4.7.3/../../../../arm-none-eabi/lib/armv7-m\libc.a(lib_a-__atexit.o)
                0x00084610                __register_exitproc
 .text          0x000846ac       0x2c u:/installedapps/atmel/atmel toolchain/arm gcc/native/4.7.3.1029/arm-gnu-toolchain/bin/../lib/gcc/arm-none-eabi/4.7.3/../../../../arm-none-eabi/lib/armv7-m\libc.a(lib_a-fini.o)
                0x000846ac                __libc_fini_array
 .text          0x000846d8       0x4c u:/installedapps/atmel/atmel toolchain/arm gcc/native/4.7.3.1029/arm-gnu-toolchain/bin/../lib/gcc/arm-none-eabi/4.7.3/../../../../arm-none-eabi/lib/armv7-m\libc.a(lib_a-init.o)
                0x000846d8                __libc_init_array
 .text          0x00084724       0x40 u:/installedapps/atmel/atmel toolchain/arm gcc/native/4.7.3.1029/arm-gnu-toolchain/bin/../lib/gcc/arm-none-eabi/4.7.3/../../../../arm-none-eabi/lib/armv7-m\libc.a(lib_a-iprintf.o)
                0x00084724                iprintf
                0x00084748                _iprintf_r
 .text          0x00084764       0x12 u:/installedapps/atmel/atmel toolchain/arm gcc/native/4.7.3.1029/arm-gnu-toolchain/bin/../lib/gcc/arm-none-eabi/4.7.3/../../../../arm-none-eabi/lib/armv7-m\libc.a(lib_a-memcpy.o)
                0x00084764                memcpy
 .text          0x00084776       0x10 u:/installedapps/atmel/atmel toolchain/arm gcc/native/4.7.3.1029/arm-gnu-toolchain/bin/../lib/gcc/arm-none-eabi/4.7.3/../../../../arm-none-eabi/lib/armv7-m\libc.a(lib_a-memset.o)
                0x00084776                memset
 .text          0x00084786       0x10 u:/installedapps/atmel/atmel toolchain/arm gcc/native/4.7.3.1029/arm-gnu-toolchain/bin/../lib/gcc/arm-none-eabi/4.7.3/../../../../arm-none-eabi/lib/armv7-m\libc.a(lib_a-setbuf.o)
                0x00084786                setbuf
 *fill*         0x00084796        0x2 00
 .text          0x00084798       0x1c u:/installedapps/atmel/atmel toolchain/arm gcc/native/4.7.3.1029/arm-gnu-toolchain/bin/../lib/gcc/arm-none-eabi/4.7.3/../../../../arm-none-eabi/lib/armv7-m\libc.a(lib_a-setjmp.o)
                0x00084798                setjmp
                0x000847a4                longjmp
 .text          0x000847b4       0xec u:/installedapps/atmel/atmel toolchain/arm gcc/native/4.7.3.1029/arm-gnu-toolchain/bin/../lib/gcc/arm-none-eabi/4.7.3/../../../../arm-none-eabi/lib/armv7-m\libc.a(lib_a-setvbuf.o)
                0x000847b4                setvbuf
 .text          0x000848a0       0x10 u:/installedapps/atmel/atmel toolchain/arm gcc/native/4.7.3.1029/arm-gnu-toolchain/bin/../lib/gcc/arm-none-eabi/4.7.3/../../../../arm-none-eabi/lib/armv7-m\libc.a(lib_a-strlen.o)
                0x000848a0                strlen
 .text          0x000848b0       0x2a u:/installedapps/atmel/atmel toolchain/arm gcc/native/4.7.3.1029/arm-gnu-toolchain/bin/../lib/gcc/arm-none-eabi/4.7.3/../../../../arm-none-eabi/lib/armv7-m\libc.a(lib_a-strncpy.o)
                0x000848b0                strncpy
 *fill*         0x000848da        0x2 00
 .text          0x000848dc      0x914 u:/installedapps/atmel/atmel toolchain/arm gcc/native/4.7.3.1029/arm-gnu-toolchain/bin/../lib/gcc/arm-none-eabi/4.7.3/../../../../arm-none-eabi/lib/armv7-m\libc.a(lib_a-vfiprintf.o)
                0x000848dc                __sprint_r
                0x00084944                _vfiprintf_r
                0x000851d2                vfiprintf
 .text          0x000851f0       0xb4 u:/installedapps/atmel/atmel toolchain/arm gcc/native/4.7.3.1029/arm-gnu-toolchain/bin/../lib/gcc/arm-none-eabi/4.7.3/../../../../arm-none-eabi/lib/armv7-m\libc.a(lib_a-wbuf.o)
                0x000851f0                __swbuf_r
                0x00085292                __swbuf
 .text          0x000852a4       0xb8 u:/installedapps/atmel/atmel toolchain/arm gcc/native/4.7.3.1029/arm-gnu-toolchain/bin/../lib/gcc/arm-none-eabi/4.7.3/../../../../arm-none-eabi/lib/armv7-m\libc.a(lib_a-wsetup.o)
                0x000852a4                __swsetup_r
 .text.startup  0x0008535c       0x14 u:/installedapps/atmel/atmel toolchain/arm gcc/native/4.7.3.1029/arm-gnu-toolchain/bin/../lib/gcc/arm-none-eabi/4.7.3/../../../../arm-none-eabi/lib/armv7-m\libc.a(lib_a-__call_atexit.o)
 .text          0x00085370        0xc u:/installedapps/atmel/atmel toolchain/arm gcc/native/4.7.3.1029/arm-gnu-toolchain/bin/../lib/gcc/arm-none-eabi/4.7.3/../../../../arm-none-eabi/lib/armv7-m\libc.a(lib_a-atexit.o)
                0x00085370                atexit
 .text          0x0008537c      0x150 u:/installedapps/atmel/atmel toolchain/arm gcc/native/4.7.3.1029/arm-gnu-toolchain/bin/../lib/gcc/arm-none-eabi/4.7.3/../../../../arm-none-eabi/lib/armv7-m\libc.a(lib_a-fflush.o)
                0x0008537c                _fflush_r
                0x000854aa                fflush
 .text          0x000854cc      0x18c u:/installedapps/atmel/atmel toolchain/arm gcc/native/4.7.3.1029/arm-gnu-toolchain/bin/../lib/gcc/arm-none-eabi/4.7.3/../../../../arm-none-eabi/lib/armv7-m\libc.a(lib_a-findfp.o)
                0x000854d4                _cleanup_r
                0x00085528                __sfmoreglue
                0x00085552                _cleanup
                0x00085560                __sinit
                0x000855ac                __sfp
                0x00085628                __sfp_lock_acquire
                0x0008562a                __sfp_lock_release
                0x0008562c                __sinit_lock_acquire
                0x0008562e                __sinit_lock_release
                0x00085630                __fp_lock_all
                0x00085644                __fp_unlock_all
 .text          0x00085658       0xe8 u:/installedapps/atmel/atmel toolchain/arm gcc/native/4.7.3.1029/arm-gnu-toolchain/bin/../lib/gcc/arm-none-eabi/4.7.3/../../../../arm-none-eabi/lib/armv7-m\libc.a(lib_a-fputwc.o)
                0x00085658                _fputwc_r
                0x00085718                fputwc
 .text          0x00085740      0x208 u:/installedapps/atmel/atmel toolchain/arm gcc/native/4.7.3.1029/arm-gnu-toolchain/bin/../lib/gcc/arm-none-eabi/4.7.3/../../../../arm-none-eabi/lib/armv7-m\libc.a(lib_a-freer.o)
                0x00085740                _malloc_trim_r
                0x000857dc                _free_r
 .text          0x00085948      0x2b6 u:/installedapps/atmel/atmel toolchain/arm gcc/native/4.7.3.1029/arm-gnu-toolchain/bin/../lib/gcc/arm-none-eabi/4.7.3/../../../../arm-none-eabi/lib/armv7-m\libc.a(lib_a-fvwrite.o)
                0x00085948                __sfvwrite_r
 .text          0x00085bfe       0x86 u:/installedapps/atmel/atmel toolchain/arm gcc/native/4.7.3.1029/arm-gnu-toolchain/bin/../lib/gcc/arm-none-eabi/4.7.3/../../../../arm-none-eabi/lib/armv7-m\libc.a(lib_a-fwalk.o)
                0x00085bfe                _fwalk
                0x00085c40                _fwalk_reent
 .text          0x00085c84       0x88 u:/installedapps/atmel/atmel toolchain/arm gcc/native/4.7.3.1029/arm-gnu-toolchain/bin/../lib/gcc/arm-none-eabi/4.7.3/../../../../arm-none-eabi/lib/armv7-m\libc.a(lib_a-locale.o)
                0x00085c84                _setlocale_r
                0x00085cc8                __locale_charset
                0x00085cd0                __locale_mb_cur_max
                0x00085cdc                __locale_msgcharset
                0x00085ce4                __locale_cjk_lang
                0x00085ce8                _localeconv_r
                0x00085cf0                setlocale
                0x00085d04                localeconv
 .text          0x00085d0c       0xd8 u:/installedapps/atmel/atmel toolchain/arm gcc/native/4.7.3.1029/arm-gnu-toolchain/bin/../lib/gcc/arm-none-eabi/4.7.3/../../../../arm-none-eabi/lib/armv7-m\libc.a(lib_a-makebuf.o)
                0x00085d0c                __smakebuf_r
 .text          0x00085de4       0x20 u:/installedapps/atmel/atmel toolchain/arm gcc/native/4.7.3.1029/arm-gnu-toolchain/bin/../lib/gcc/arm-none-eabi/4.7.3/../../../../arm-none-eabi/lib/armv7-m\libc.a(lib_a-malloc.o)
                0x00085de4                malloc
                0x00085df4                free
 .text          0x00085e04      0x404 u:/installedapps/atmel/atmel toolchain/arm gcc/native/4.7.3.1029/arm-gnu-toolchain/bin/../lib/gcc/arm-none-eabi/4.7.3/../../../../arm-none-eabi/lib/armv7-m\libc.a(lib_a-mallocr.o)
                0x00085e04                _malloc_r
 .text          0x00086208       0x1c u:/installedapps/atmel/atmel toolchain/arm gcc/native/4.7.3.1029/arm-gnu-toolchain/bin/../lib/gcc/arm-none-eabi/4.7.3/../../../../arm-none-eabi/lib/armv7-m\libc.a(lib_a-memchr.o)
                0x00086208                memchr
 .text          0x00086224       0x34 u:/installedapps/atmel/atmel toolchain/arm gcc/native/4.7.3.1029/arm-gnu-toolchain/bin/../lib/gcc/arm-none-eabi/4.7.3/../../../../arm-none-eabi/lib/armv7-m\libc.a(lib_a-memmove.o)
                0x00086224                memmove
 .text          0x00086258        0x4 u:/installedapps/atmel/atmel toolchain/arm gcc/native/4.7.3.1029/arm-gnu-toolchain/bin/../lib/gcc/arm-none-eabi/4.7.3/../../../../arm-none-eabi/lib/armv7-m\libc.a(lib_a-mlock.o)
                0x00086258                __malloc_lock
                0x0008625a                __malloc_unlock
 .text          0x0008625c      0x2dc u:/installedapps/atmel/atmel toolchain/arm gcc/native/4.7.3.1029/arm-gnu-toolchain/bin/../lib/gcc/arm-none-eabi/4.7.3/../../../../arm-none-eabi/lib/armv7-m\libc.a(lib_a-reallocr.o)
                0x0008625c                _realloc_r
 .text          0x00086538       0x20 u:/installedapps/atmel/atmel toolchain/arm gcc/native/4.7.3.1029/arm-gnu-toolchain/bin/../lib/gcc/arm-none-eabi/4.7.3/../../../../arm-none-eabi/lib/armv7-m\libc.a(lib_a-sbrkr.o)
                0x00086538                _sbrk_r
 .text          0x00086558       0x8e u:/installedapps/atmel/atmel toolchain/arm gcc/native/4.7.3.1029/arm-gnu-toolchain/bin/../lib/gcc/arm-none-eabi/4.7.3/../../../../arm-none-eabi/lib/armv7-m\libc.a(lib_a-stdio.o)
                0x00086558                __sread
                0x0008657a                __seofread
                0x0008657e                __swrite
                0x000865ba                __sseek
                0x000865de                __sclose
 .text          0x000865e6       0x16 u:/installedapps/atmel/atmel toolchain/arm gcc/native/4.7.3.1029/arm-gnu-toolchain/bin/../lib/gcc/arm-none-eabi/4.7.3/../../../../arm-none-eabi/lib/armv7-m\libc.a(lib_a-strcmp.o)
                0x000865e6                strcmp
 .text          0x000865fc       0x68 u:/installedapps/atmel/atmel toolchain/arm gcc/native/4.7.3.1029/arm-gnu-toolchain/bin/../lib/gcc/arm-none-eabi/4.7.3/../../../../arm-none-eabi/lib/armv7-m\libc.a(lib_a-wcrtomb.o)
                0x000865fc                _wcrtomb_r
                0x00086648                wcrtomb
 .text          0x00086664       0x44 u:/installedapps/atmel/atmel toolchain/arm gcc/native/4.7.3.1029/arm-gnu-toolchain/bin/../lib/gcc/arm-none-eabi/4.7.3/../../../../arm-none-eabi/lib/armv7-m\libc.a(lib_a-wctomb_r.o)
                0x00086664                __ascii_wctomb
                0x0008667e                _wctomb_r
 .text          0x000866a8       0x24 u:/installedapps/atmel/atmel toolchain/arm gcc/native/4.7.3.1029/arm-gnu-toolchain/bin/../lib/gcc/arm-none-eabi/4.7.3/../../../../arm-none-eabi/lib/armv7-m\libc.a(lib_a-writer.o)
                0x000866a8                _write_r
 .text          0x000866cc       0x20 u:/installedapps/atmel/atmel toolchain/arm gcc/native/4.7.3.1029/arm-gnu-toolchain/bin/../lib/gcc/arm-none-eabi/4.7.3/../../../../arm-none-eabi/lib/armv7-m\libc.a(lib_a-closer.o)
                0x000866cc                _close_r
 .text          0x000866ec       0x94 u:/installedapps/atmel/atmel toolchain/arm gcc/native/4.7.3.1029/arm-gnu-toolchain/bin/../lib/gcc/arm-none-eabi/4.7.3/../../../../arm-none-eabi/lib/armv7-m\libc.a(lib_a-fclose.o)
                0x000866ec                _fclose_r
                0x00086770                fclose
 .text          0x00086780       0x24 u:/installedapps/atmel/atmel toolchain/arm gcc/native/4.7.3.1029/arm-gnu-toolchain/bin/../lib/gcc/arm-none-eabi/4.7.3/../../../../arm-none-eabi/lib/armv7-m\libc.a(lib_a-fstatr.o)
                0x00086780                _fstat_r
 .text          0x000867a4       0x20 u:/installedapps/atmel/atmel toolchain/arm gcc/native/4.7.3.1029/arm-gnu-toolchain/bin/../lib/gcc/arm-none-eabi/4.7.3/../../../../arm-none-eabi/lib/armv7-m\libc.a(lib_a-isattyr.o)
                0x000867a4                _isatty_r
 .text          0x000867c4       0x24 u:/installedapps/atmel/atmel toolchain/arm gcc/native/4.7.3.1029/arm-gnu-toolchain/bin/../lib/gcc/arm-none-eabi/4.7.3/../../../../arm-none-eabi/lib/armv7-m\libc.a(lib_a-lseekr.o)
                0x000867c4                _lseek_r
 .text          0x000867e8       0x24 u:/installedapps/atmel/atmel toolchain/arm gcc/native/4.7.3.1029/arm-gnu-toolchain/bin/../lib/gcc/arm-none-eabi/4.7.3/../../../../arm-none-eabi/lib/armv7-m\libc.a(lib_a-readr.o)
                0x000867e8                _read_r
 .text          0x0008680c       0x2c u:/installedapps/atmel/atmel toolchain/arm gcc/native/4.7.3.1029/arm-gnu-toolchain/bin/../lib/gcc/arm-none-eabi/4.7.3/armv7-m\libgcc.a(_aeabi_uldivmod.o)
                0x0008680c                __aeabi_uldivmod
 .text          0x00086838       0x60 u:/installedapps/atmel/atmel toolchain/arm gcc/native/4.7.3.1029/arm-gnu-toolchain/bin/../lib/gcc/arm-none-eabi/4.7.3/armv7-m\libgcc.a(bpabi.o)
                0x00086838                __gnu_ldivmod_helper
                0x00086868                __gnu_uldivmod_helper
 .text          0x00086898        0x4 u:/installedapps/atmel/atmel toolchain/arm gcc/native/4.7.3.1029/arm-gnu-toolchain/bin/../lib/gcc/arm-none-eabi/4.7.3/armv7-m\libgcc.a(_dvmd_tls.o)
                0x00086898                __aeabi_idiv0
                0x00086898                __aeabi_ldiv0
 .text          0x0008689c      0x2bc u:/installedapps/atmel/atmel toolchain/arm gcc/native/4.7.3.1029/arm-gnu-toolchain/bin/../lib/gcc/arm-none-eabi/4.7.3/armv7-m\libgcc.a(_divdi3.o)
                0x0008689c                __divdi3
 .text          0x00086b58      0x28c u:/installedapps/atmel/atmel toolchain/arm gcc/native/4.7.3.1029/arm-gnu-toolchain/bin/../lib/gcc/arm-none-eabi/4.7.3/armv7-m\libgcc.a(_udivdi3.o)
                0x00086b58                __udivdi3
 *(.glue_7t)
 .glue_7t       0x00000000        0x0 linker stubs
 *(.glue_7)
 .glue_7        0x00000000        0x0 linker stubs
 *(.rodata .rodata* .gnu.linkonce.r.*)
 .rodata.str1.4
                0x00086de4       0x34 src/main.o
 .rodata.str1.4
                0x00086e18      0x103 src/serial_communication.o
                                0x104 (size before relaxing)
 *fill*         0x00086f1b        0x1 00
 .rodata.str1.4
                0x00086f1c       0x16 src/test/test_duty_cycle.o
                                 0x18 (size before relaxing)
 *fill*         0x00086f32        0x2 00
 .rodata.UnitySizeMask
                0x00086f34       0x1c src/test/unity.o
                0x00086f34                UnitySizeMask
 .rodata.UnityStrOk
                0x00086f50        0x4 src/test/unity.o
                0x00086f50                UnityStrOk
 .rodata.UnityStrSpacer
                0x00086f54        0x4 src/test/unity.o
                0x00086f54                UnityStrSpacer
 .rodata.UnityStrWas
                0x00086f58        0x8 src/test/unity.o
                0x00086f58                UnityStrWas
 .rodata.UnityStrFail
                0x00086f60        0x8 src/test/unity.o
                0x00086f60                UnityStrFail
 .rodata.UnityStrExpected
                0x00086f68        0xc src/test/unity.o
                0x00086f68                UnityStrExpected
 .rodata.UnityStrBreaker
                0x00086f74       0x18 src/test/unity.o
                0x00086f74                UnityStrBreaker
 .rodata.UnityStrResultsFailures
                0x00086f8c        0xc src/test/unity.o
                0x00086f8c                UnityStrResultsFailures
 .rodata.UnityStrResultsIgnored
                0x00086f98        0xc src/test/unity.o
                0x00086f98                UnityStrResultsIgnored
 .rodata.UnityStrResultsTests
                0x00086fa4        0x8 src/test/unity.o
                0x00086fa4                UnityStrResultsTests
 .rodata.UnityStrPass
                0x00086fac        0x8 src/test/unity.o
                0x00086fac                UnityStrPass
 .rodata.str1.4
                0x00086fb4       0x1f src/ASF/thirdparty/freertos/freertos-7.3.0/source/tasks.o
                                 0x20 (size before relaxing)
 *fill*         0x00086fd3        0x1 00
 .rodata.str1.4
                0x00086fd4        0x8 src/ASF/thirdparty/freertos/freertos-7.3.0/source/timers.o
 .rodata        0x00086fdc       0x2c src/ASF/sam/drivers/pwm/pwm.o
 .rodata        0x00087008        0x4 u:/installedapps/atmel/atmel toolchain/arm gcc/native/4.7.3.1029/arm-gnu-toolchain/bin/../lib/gcc/arm-none-eabi/4.7.3/../../../../arm-none-eabi/lib/armv7-m\libc.a(lib_a-impure.o)
                0x00087008                _global_impure_ptr
 .rodata.str1.1
                0x0008700c        0x2 u:/installedapps/atmel/atmel toolchain/arm gcc/native/4.7.3.1029/arm-gnu-toolchain/bin/../lib/gcc/arm-none-eabi/4.7.3/../../../../arm-none-eabi/lib/armv7-m\libc.a(lib_a-impure.o)
 .rodata        0x0008700e       0x20 u:/installedapps/atmel/atmel toolchain/arm gcc/native/4.7.3.1029/arm-gnu-toolchain/bin/../lib/gcc/arm-none-eabi/4.7.3/../../../../arm-none-eabi/lib/armv7-m\libc.a(lib_a-vfiprintf.o)
 .rodata.str1.1
                0x0008702e       0x22 u:/installedapps/atmel/atmel toolchain/arm gcc/native/4.7.3.1029/arm-gnu-toolchain/bin/../lib/gcc/arm-none-eabi/4.7.3/../../../../arm-none-eabi/lib/armv7-m\libc.a(lib_a-vfiprintf.o)
 .rodata.str1.1
                0x00087050        0x8 u:/installedapps/atmel/atmel toolchain/arm gcc/native/4.7.3.1029/arm-gnu-toolchain/bin/../lib/gcc/arm-none-eabi/4.7.3/../../../../arm-none-eabi/lib/armv7-m\libc.a(lib_a-locale.o)
                                  0xb (size before relaxing)
 *(.ARM.extab* .gnu.linkonce.armextab.*)
                0x00087058                . = ALIGN (0x4)
 *(.init)
 .init          0x00087058        0x4 u:/installedapps/atmel/atmel toolchain/arm gcc/native/4.7.3.1029/arm-gnu-toolchain/bin/../lib/gcc/arm-none-eabi/4.7.3/armv7-m/crti.o
                0x00087058                _init
 .init          0x0008705c        0x8 u:/installedapps/atmel/atmel toolchain/arm gcc/native/4.7.3.1029/arm-gnu-toolchain/bin/../lib/gcc/arm-none-eabi/4.7.3/armv7-m/crtn.o
                0x00087064                . = ALIGN (0x4)
                0x00087064                __preinit_array_start = .
 *(.preinit_array)
                0x00087064                __preinit_array_end = .
                0x00087064                . = ALIGN (0x4)
                0x00087064                __init_array_start = .
 *(SORT(.init_array.*))
 .init_array.00000
                0x00087064        0x4 u:/installedapps/atmel/atmel toolchain/arm gcc/native/4.7.3.1029/arm-gnu-toolchain/bin/../lib/gcc/arm-none-eabi/4.7.3/../../../../arm-none-eabi/lib/armv7-m\libc.a(lib_a-__call_atexit.o)
 *(.init_array)
 .init_array    0x00087068        0x4 u:/installedapps/atmel/atmel toolchain/arm gcc/native/4.7.3.1029/arm-gnu-toolchain/bin/../lib/gcc/arm-none-eabi/4.7.3/armv7-m/crtbegin.o
                0x0008706c                __init_array_end = .
                0x0008706c                . = ALIGN (0x4)
 *crtbegin.o(.ctors)
 *(EXCLUDE_FILE(*crtend.o) .ctors)
 *(SORT(.ctors.*))
 *crtend.o(.ctors)
                0x0008706c                . = ALIGN (0x4)
 *(.fini)
 .fini          0x0008706c        0x4 u:/installedapps/atmel/atmel toolchain/arm gcc/native/4.7.3.1029/arm-gnu-toolchain/bin/../lib/gcc/arm-none-eabi/4.7.3/armv7-m/crti.o
                0x0008706c                _fini
 .fini          0x00087070        0x8 u:/installedapps/atmel/atmel toolchain/arm gcc/native/4.7.3.1029/arm-gnu-toolchain/bin/../lib/gcc/arm-none-eabi/4.7.3/armv7-m/crtn.o
                0x00087078                . = ALIGN (0x4)
                0x00087078                __fini_array_start = .
 *(.fini_array)
 .fini_array    0x00087078        0x4 u:/installedapps/atmel/atmel toolchain/arm gcc/native/4.7.3.1029/arm-gnu-toolchain/bin/../lib/gcc/arm-none-eabi/4.7.3/armv7-m/crtbegin.o
 *(SORT(.fini_array.*))
                0x0008707c                __fini_array_end = .
 *crtbegin.o(.dtors)
 *(EXCLUDE_FILE(*crtend.o) .dtors)
 *(SORT(.dtors.*))
 *crtend.o(.dtors)
                0x0008707c                . = ALIGN (0x4)
                0x0008707c                _efixed = .
                0x0008707c                PROVIDE (__exidx_start, .)

.vfp11_veneer   0x0008707c        0x0
 .vfp11_veneer  0x00000000        0x0 linker stubs

.v4_bx          0x0008707c        0x0
 .v4_bx         0x00000000        0x0 linker stubs

.iplt           0x0008707c        0x0
 .iplt          0x00000000        0x0 u:/installedapps/atmel/atmel toolchain/arm gcc/native/4.7.3.1029/arm-gnu-toolchain/bin/../lib/gcc/arm-none-eabi/4.7.3/armv7-m/crtbegin.o

.ARM.exidx      0x0008707c        0x8
 *(.ARM.exidx* .gnu.linkonce.armexidx.*)
 .ARM.exidx     0x0008707c        0x8 u:/installedapps/atmel/atmel toolchain/arm gcc/native/4.7.3.1029/arm-gnu-toolchain/bin/../lib/gcc/arm-none-eabi/4.7.3/armv7-m\libgcc.a(_divdi3.o)
 .ARM.exidx     0x00087084        0x0 u:/installedapps/atmel/atmel toolchain/arm gcc/native/4.7.3.1029/arm-gnu-toolchain/bin/../lib/gcc/arm-none-eabi/4.7.3/armv7-m\libgcc.a(_udivdi3.o)
                                  0x8 (size before relaxing)
                0x00087084                PROVIDE (__exidx_end, .)

.eh_frame       0x00087084        0x0
 .eh_frame      0x00087084        0x0 u:/installedapps/atmel/atmel toolchain/arm gcc/native/4.7.3.1029/arm-gnu-toolchain/bin/../lib/gcc/arm-none-eabi/4.7.3/armv7-m/crtbegin.o

.rel.dyn        0x00087084        0x0
 .rel.iplt      0x00000000        0x0 u:/installedapps/atmel/atmel toolchain/arm gcc/native/4.7.3.1029/arm-gnu-toolchain/bin/../lib/gcc/arm-none-eabi/4.7.3/armv7-m/crtbegin.o

.jcr            0x00087084        0x0
 .jcr           0x00087084        0x0 u:/installedapps/atmel/atmel toolchain/arm gcc/native/4.7.3.1029/arm-gnu-toolchain/bin/../lib/gcc/arm-none-eabi/4.7.3/armv7-m/crtbegin.o

.tm_clone_table
                0x00087084        0x0
 .tm_clone_table
                0x00087084        0x0 u:/installedapps/atmel/atmel toolchain/arm gcc/native/4.7.3.1029/arm-gnu-toolchain/bin/../lib/gcc/arm-none-eabi/4.7.3/armv7-m/crtbegin.o
 .tm_clone_table
                0x00087084        0x0 u:/installedapps/atmel/atmel toolchain/arm gcc/native/4.7.3.1029/arm-gnu-toolchain/bin/../lib/gcc/arm-none-eabi/4.7.3/armv7-m/crtend.o

.igot.plt       0x00087084        0x0
 .igot.plt      0x00000000        0x0 u:/installedapps/atmel/atmel toolchain/arm gcc/native/4.7.3.1029/arm-gnu-toolchain/bin/../lib/gcc/arm-none-eabi/4.7.3/armv7-m/crtbegin.o
                0x00087084                . = ALIGN (0x4)
                0x00087084                _etext = .

.relocate       0x20070000      0x8d0 load address 0x00087084
                0x20070000                . = ALIGN (0x4)
                0x20070000                _srelocate = .
 *(.ramfunc .ramfunc.*)
 *(.data .data.*)
 .data.uxCriticalNesting
                0x20070000        0x4 src/ASF/thirdparty/freertos/freertos-7.3.0/source/portable/gcc/sam/port.o
 .data.xFreeBytesRemaining
                0x20070004        0x4 src/ASF/thirdparty/freertos/freertos-7.3.0/source/portable/memmang/heap_4.o
 .data.xNextTaskUnblockTime
                0x20070008        0x2 src/ASF/thirdparty/freertos/freertos-7.3.0/source/tasks.o
 *fill*         0x2007000a        0x2 00
 .data.SystemCoreClock
                0x2007000c        0x4 src/ASF/sam/utils/cmsis/sam3x/source/templates/system_sam3x.o
                0x2007000c                SystemCoreClock
 .data          0x20070010      0x430 u:/installedapps/atmel/atmel toolchain/arm gcc/native/4.7.3.1029/arm-gnu-toolchain/bin/../lib/gcc/arm-none-eabi/4.7.3/../../../../arm-none-eabi/lib/armv7-m\libc.a(lib_a-impure.o)
                0x20070010                _impure_ptr
 .data          0x20070440       0x7c u:/installedapps/atmel/atmel toolchain/arm gcc/native/4.7.3.1029/arm-gnu-toolchain/bin/../lib/gcc/arm-none-eabi/4.7.3/../../../../arm-none-eabi/lib/armv7-m\libc.a(lib_a-locale.o)
                0x20070460                __mb_cur_max
 .data          0x200704bc      0x410 u:/installedapps/atmel/atmel toolchain/arm gcc/native/4.7.3.1029/arm-gnu-toolchain/bin/../lib/gcc/arm-none-eabi/4.7.3/../../../../arm-none-eabi/lib/armv7-m\libc.a(lib_a-mallocr.o)
                0x200704bc                __malloc_av_
                0x200708c4                __malloc_sbrk_base
                0x200708c8                __malloc_trim_threshold
 .data          0x200708cc        0x4 u:/installedapps/atmel/atmel toolchain/arm gcc/native/4.7.3.1029/arm-gnu-toolchain/bin/../lib/gcc/arm-none-eabi/4.7.3/../../../../arm-none-eabi/lib/armv7-m\libc.a(lib_a-wctomb_r.o)
                0x200708cc                __wctomb
                0x200708d0                . = ALIGN (0x4)
                0x200708d0                _erelocate = .

.bss            0x200708d0     0x83dc load address 0x00087958
                0x200708d0                . = ALIGN (0x4)
                0x200708d0                _sbss = .
                0x200708d0                _szero = .
 *(.bss .bss.*)
 .bss           0x200708d0       0x1c u:/installedapps/atmel/atmel toolchain/arm gcc/native/4.7.3.1029/arm-gnu-toolchain/bin/../lib/gcc/arm-none-eabi/4.7.3/armv7-m/crtbegin.o
 .bss.semahpore_duty_cycles
                0x200708ec        0x4 src/main.o
                0x200708ec                semahpore_duty_cycles
 .bss.duty_cycle_38
                0x200708f0        0x4 src/pwm_controller.o
                0x200708f0                duty_cycle_38
 .bss.pwm_channel_9
                0x200708f4       0x28 src/pwm_controller.o
 .bss.pwm_channel_DAC1
                0x2007091c       0x28 src/pwm_controller.o
 .bss.duty_cycle_DAC1
                0x20070944        0x4 src/pwm_controller.o
                0x20070944                duty_cycle_DAC1
 .bss.pwm_channel_40
                0x20070948       0x28 src/pwm_controller.o
 .bss.pwm_channel_36
                0x20070970       0x28 src/pwm_controller.o
 .bss.duty_cycle_9
                0x20070998        0x4 src/pwm_controller.o
                0x20070998                duty_cycle_9
 .bss.pwm_channel_38
                0x2007099c       0x28 src/pwm_controller.o
 .bss.duty_cycle_40
                0x200709c4        0x4 src/pwm_controller.o
                0x200709c4                duty_cycle_40
 .bss.duty_cycle_36
                0x200709c8        0x4 src/pwm_controller.o
                0x200709c8                duty_cycle_36
 *fill*         0x200709cc        0x4 00
 .bss.xHeap     0x200709d0     0x8000 src/ASF/thirdparty/freertos/freertos-7.3.0/source/portable/memmang/heap_4.o
 .bss.pxEnd     0x200789d0        0x4 src/ASF/thirdparty/freertos/freertos-7.3.0/source/portable/memmang/heap_4.o
 .bss.xStart    0x200789d4        0x8 src/ASF/thirdparty/freertos/freertos-7.3.0/source/portable/memmang/heap_4.o
 .bss.uxMissedTicks
                0x200789dc        0x4 src/ASF/thirdparty/freertos/freertos-7.3.0/source/tasks.o
 .bss.xSuspendedTaskList
                0x200789e0       0x14 src/ASF/thirdparty/freertos/freertos-7.3.0/source/tasks.o
 .bss.pxDelayedTaskList
                0x200789f4        0x4 src/ASF/thirdparty/freertos/freertos-7.3.0/source/tasks.o
 .bss.xSchedulerRunning
                0x200789f8        0x4 src/ASF/thirdparty/freertos/freertos-7.3.0/source/tasks.o
 .bss.uxTasksDeleted
                0x200789fc        0x4 src/ASF/thirdparty/freertos/freertos-7.3.0/source/tasks.o
 .bss.xTasksWaitingTermination
                0x20078a00       0x14 src/ASF/thirdparty/freertos/freertos-7.3.0/source/tasks.o
 .bss.xDelayedTaskList2
                0x20078a14       0x14 src/ASF/thirdparty/freertos/freertos-7.3.0/source/tasks.o
 .bss.uxTopReadyPriority
                0x20078a28        0x4 src/ASF/thirdparty/freertos/freertos-7.3.0/source/tasks.o
 .bss.pxReadyTasksLists
                0x20078a2c       0xc8 src/ASF/thirdparty/freertos/freertos-7.3.0/source/tasks.o
 .bss.uxSchedulerSuspended
                0x20078af4        0x4 src/ASF/thirdparty/freertos/freertos-7.3.0/source/tasks.o
 .bss.pxCurrentTCB
                0x20078af8        0x4 src/ASF/thirdparty/freertos/freertos-7.3.0/source/tasks.o
                0x20078af8                pxCurrentTCB
 .bss.xPendingReadyList
                0x20078afc       0x14 src/ASF/thirdparty/freertos/freertos-7.3.0/source/tasks.o
 .bss.xNumOfOverflows
                0x20078b10        0x4 src/ASF/thirdparty/freertos/freertos-7.3.0/source/tasks.o
 .bss.xTickCount
                0x20078b14        0x2 src/ASF/thirdparty/freertos/freertos-7.3.0/source/tasks.o
 *fill*         0x20078b16        0x2 00
 .bss.pxOverflowDelayedTaskList
                0x20078b18        0x4 src/ASF/thirdparty/freertos/freertos-7.3.0/source/tasks.o
 .bss.uxTaskNumber
                0x20078b1c        0x4 src/ASF/thirdparty/freertos/freertos-7.3.0/source/tasks.o
 .bss.xDelayedTaskList1
                0x20078b20       0x14 src/ASF/thirdparty/freertos/freertos-7.3.0/source/tasks.o
 .bss.xMissedYield
                0x20078b34        0x4 src/ASF/thirdparty/freertos/freertos-7.3.0/source/tasks.o
 .bss.uxCurrentNumberOfTasks
                0x20078b38        0x4 src/ASF/thirdparty/freertos/freertos-7.3.0/source/tasks.o
 .bss.uxTopUsedPriority
                0x20078b3c        0x4 src/ASF/thirdparty/freertos/freertos-7.3.0/source/tasks.o
 .bss.pxCurrentTimerList
                0x20078b40        0x4 src/ASF/thirdparty/freertos/freertos-7.3.0/source/timers.o
 .bss.xActiveTimerList1
                0x20078b44       0x14 src/ASF/thirdparty/freertos/freertos-7.3.0/source/timers.o
 .bss.xActiveTimerList2
                0x20078b58       0x14 src/ASF/thirdparty/freertos/freertos-7.3.0/source/timers.o
 .bss.xLastTime.4460
                0x20078b6c        0x2 src/ASF/thirdparty/freertos/freertos-7.3.0/source/timers.o
 *fill*         0x20078b6e        0x2 00
 .bss.xTimerQueue
                0x20078b70        0x4 src/ASF/thirdparty/freertos/freertos-7.3.0/source/timers.o
 .bss.pxOverflowTimerList
                0x20078b74        0x4 src/ASF/thirdparty/freertos/freertos-7.3.0/source/timers.o
 .bss.gs_interrupt_sources
                0x20078b78       0x70 src/ASF/sam/drivers/pio/pio_handler.o
 .bss.heap.5085
                0x20078be8        0x4 src/ASF/sam/utils/syscalls/gcc/syscalls.o
 .bss           0x20078bec       0x34 u:/installedapps/atmel/atmel toolchain/arm gcc/native/4.7.3.1029/arm-gnu-toolchain/bin/../lib/gcc/arm-none-eabi/4.7.3/../../../../arm-none-eabi/lib/armv7-m\libc.a(lib_a-mallocr.o)
                0x20078bec                __malloc_top_pad
                0x20078bf0                __malloc_current_mallinfo
                0x20078c18                __malloc_max_sbrked_mem
                0x20078c1c                __malloc_max_total_mem
 *(COMMON)
 COMMON         0x20078c20        0x4 src/ASF/common/utils/stdio/read.o
                0x20078c20                ptr_get
 COMMON         0x20078c24        0x8 src/ASF/common/utils/stdio/write.o
                0x20078c24                ptr_put
                0x20078c28                stdio_base
 COMMON         0x20078c2c       0x7c src/test/unity.o
                0x20078c2c                Unity
 COMMON         0x20078ca8        0x4 u:/installedapps/atmel/atmel toolchain/arm gcc/native/4.7.3.1029/arm-gnu-toolchain/bin/../lib/gcc/arm-none-eabi/4.7.3/../../../../arm-none-eabi/lib/armv7-m\libc.a(lib_a-reent.o)
                0x20078ca8                errno
                0x20078cac                . = ALIGN (0x4)
                0x20078cac                _ebss = .
                0x20078cac                _ezero = .

.stack          0x20078cac     0x2004 load address 0x0008fd34
                0x20078cb0                . = ALIGN (0x8)
 *fill*         0x20078cac        0x4 00
                0x20078cb0                _sstack = .
                0x2007acb0                . = (. + __stack_size__)
 *fill*         0x20078cb0     0x2000 00
                0x2007acb0                . = ALIGN (0x8)
                0x2007acb0                _estack = .
                0x2007acb0                . = ALIGN (0x4)
                0x2007acb0                _end = .
OUTPUT(HoverCraft.elf elf32-littlearm)

.ARM.attributes
                0x00000000       0x29
 .ARM.attributes
                0x00000000       0x1d u:/installedapps/atmel/atmel toolchain/arm gcc/native/4.7.3.1029/arm-gnu-toolchain/bin/../lib/gcc/arm-none-eabi/4.7.3/armv7-m/crti.o
 .ARM.attributes
                0x0000001d       0x2d u:/installedapps/atmel/atmel toolchain/arm gcc/native/4.7.3.1029/arm-gnu-toolchain/bin/../lib/gcc/arm-none-eabi/4.7.3/armv7-m/crtbegin.o
 .ARM.attributes
                0x0000004a       0x33 src/ASF/common/utils/stdio/read.o
 .ARM.attributes
                0x0000007d       0x33 src/ASF/common/utils/stdio/write.o
 .ARM.attributes
                0x000000b0       0x33 src/ASF/sam/drivers/uart/uart.o
 .ARM.attributes
                0x000000e3       0x33 src/ASF/sam/drivers/usart/usart.o
 .ARM.attributes
                0x00000116       0x33 src/main.o
 .ARM.attributes
                0x00000149       0x33 src/pwm_controller.o
 .ARM.attributes
                0x0000017c       0x33 src/serial_communication.o
 .ARM.attributes
                0x000001af       0x33 src/test/test_duty_cycle.o
 .ARM.attributes
                0x000001e2       0x33 src/test/unity.o
 .ARM.attributes
                0x00000215       0x33 src/ASF/thirdparty/freertos/freertos-7.3.0/source/list.o
 .ARM.attributes
                0x00000248       0x33 src/ASF/thirdparty/freertos/freertos-7.3.0/source/portable/gcc/sam/port.o
 .ARM.attributes
                0x0000027b       0x33 src/ASF/thirdparty/freertos/freertos-7.3.0/source/portable/memmang/heap_4.o
 .ARM.attributes
                0x000002ae       0x33 src/ASF/thirdparty/freertos/freertos-7.3.0/source/queue.o
 .ARM.attributes
                0x000002e1       0x33 src/ASF/thirdparty/freertos/freertos-7.3.0/source/tasks.o
 .ARM.attributes
                0x00000314       0x33 src/ASF/thirdparty/freertos/freertos-7.3.0/source/timers.o
 .ARM.attributes
                0x00000347       0x33 src/ASF/sam/drivers/pwm/pwm.o
 .ARM.attributes
                0x0000037a       0x33 src/ASF/common/services/clock/sam3x/sysclk.o
 .ARM.attributes
                0x000003ad       0x33 src/ASF/sam/boards/arduino_due_x/init.o
 .ARM.attributes
                0x000003e0       0x33 src/ASF/sam/drivers/pio/pio.o
 .ARM.attributes
                0x00000413       0x33 src/ASF/sam/drivers/pio/pio_handler.o
 .ARM.attributes
                0x00000446       0x33 src/ASF/sam/drivers/pmc/pmc.o
 .ARM.attributes
                0x00000479       0x33 src/ASF/sam/utils/cmsis/sam3x/source/templates/exceptions.o
 .ARM.attributes
                0x000004ac       0x33 src/ASF/sam/utils/cmsis/sam3x/source/templates/gcc/startup_sam3x.o
 .ARM.attributes
                0x000004df       0x33 src/ASF/sam/utils/cmsis/sam3x/source/templates/system_sam3x.o
 .ARM.attributes
                0x00000512       0x33 src/ASF/sam/utils/syscalls/gcc/syscalls.o
 .ARM.attributes
                0x00000545       0x2d u:/installedapps/atmel/atmel toolchain/arm gcc/native/4.7.3.1029/arm-gnu-toolchain/bin/../lib/gcc/arm-none-eabi/4.7.3/../../../../arm-none-eabi/lib/armv7-m\libc.a(lib_a-__atexit.o)
 .ARM.attributes
                0x00000572       0x2d u:/installedapps/atmel/atmel toolchain/arm gcc/native/4.7.3.1029/arm-gnu-toolchain/bin/../lib/gcc/arm-none-eabi/4.7.3/../../../../arm-none-eabi/lib/armv7-m\libc.a(lib_a-fini.o)
 .ARM.attributes
                0x0000059f       0x2d u:/installedapps/atmel/atmel toolchain/arm gcc/native/4.7.3.1029/arm-gnu-toolchain/bin/../lib/gcc/arm-none-eabi/4.7.3/../../../../arm-none-eabi/lib/armv7-m\libc.a(lib_a-impure.o)
 .ARM.attributes
                0x000005cc       0x2d u:/installedapps/atmel/atmel toolchain/arm gcc/native/4.7.3.1029/arm-gnu-toolchain/bin/../lib/gcc/arm-none-eabi/4.7.3/../../../../arm-none-eabi/lib/armv7-m\libc.a(lib_a-init.o)
 .ARM.attributes
                0x000005f9       0x2d u:/installedapps/atmel/atmel toolchain/arm gcc/native/4.7.3.1029/arm-gnu-toolchain/bin/../lib/gcc/arm-none-eabi/4.7.3/../../../../arm-none-eabi/lib/armv7-m\libc.a(lib_a-iprintf.o)
 .ARM.attributes
                0x00000626       0x2d u:/installedapps/atmel/atmel toolchain/arm gcc/native/4.7.3.1029/arm-gnu-toolchain/bin/../lib/gcc/arm-none-eabi/4.7.3/../../../../arm-none-eabi/lib/armv7-m\libc.a(lib_a-memcpy.o)
 .ARM.attributes
                0x00000653       0x2d u:/installedapps/atmel/atmel toolchain/arm gcc/native/4.7.3.1029/arm-gnu-toolchain/bin/../lib/gcc/arm-none-eabi/4.7.3/../../../../arm-none-eabi/lib/armv7-m\libc.a(lib_a-memset.o)
 .ARM.attributes
                0x00000680       0x2d u:/installedapps/atmel/atmel toolchain/arm gcc/native/4.7.3.1029/arm-gnu-toolchain/bin/../lib/gcc/arm-none-eabi/4.7.3/../../../../arm-none-eabi/lib/armv7-m\libc.a(lib_a-setbuf.o)
 .ARM.attributes
                0x000006ad       0x1b u:/installedapps/atmel/atmel toolchain/arm gcc/native/4.7.3.1029/arm-gnu-toolchain/bin/../lib/gcc/arm-none-eabi/4.7.3/../../../../arm-none-eabi/lib/armv7-m\libc.a(lib_a-setjmp.o)
 .ARM.attributes
                0x000006c8       0x2d u:/installedapps/atmel/atmel toolchain/arm gcc/native/4.7.3.1029/arm-gnu-toolchain/bin/../lib/gcc/arm-none-eabi/4.7.3/../../../../arm-none-eabi/lib/armv7-m\libc.a(lib_a-setvbuf.o)
 .ARM.attributes
                0x000006f5       0x2d u:/installedapps/atmel/atmel toolchain/arm gcc/native/4.7.3.1029/arm-gnu-toolchain/bin/../lib/gcc/arm-none-eabi/4.7.3/../../../../arm-none-eabi/lib/armv7-m\libc.a(lib_a-strlen.o)
 .ARM.attributes
                0x00000722       0x2d u:/installedapps/atmel/atmel toolchain/arm gcc/native/4.7.3.1029/arm-gnu-toolchain/bin/../lib/gcc/arm-none-eabi/4.7.3/../../../../arm-none-eabi/lib/armv7-m\libc.a(lib_a-strncpy.o)
 .ARM.attributes
                0x0000074f       0x2d u:/installedapps/atmel/atmel toolchain/arm gcc/native/4.7.3.1029/arm-gnu-toolchain/bin/../lib/gcc/arm-none-eabi/4.7.3/../../../../arm-none-eabi/lib/armv7-m\libc.a(lib_a-vfiprintf.o)
 .ARM.attributes
                0x0000077c       0x2d u:/installedapps/atmel/atmel toolchain/arm gcc/native/4.7.3.1029/arm-gnu-toolchain/bin/../lib/gcc/arm-none-eabi/4.7.3/../../../../arm-none-eabi/lib/armv7-m\libc.a(lib_a-wbuf.o)
 .ARM.attributes
                0x000007a9       0x2d u:/installedapps/atmel/atmel toolchain/arm gcc/native/4.7.3.1029/arm-gnu-toolchain/bin/../lib/gcc/arm-none-eabi/4.7.3/../../../../arm-none-eabi/lib/armv7-m\libc.a(lib_a-wsetup.o)
 .ARM.attributes
                0x000007d6       0x2d u:/installedapps/atmel/atmel toolchain/arm gcc/native/4.7.3.1029/arm-gnu-toolchain/bin/../lib/gcc/arm-none-eabi/4.7.3/../../../../arm-none-eabi/lib/armv7-m\libc.a(lib_a-__call_atexit.o)
 .ARM.attributes
                0x00000803       0x2d u:/installedapps/atmel/atmel toolchain/arm gcc/native/4.7.3.1029/arm-gnu-toolchain/bin/../lib/gcc/arm-none-eabi/4.7.3/../../../../arm-none-eabi/lib/armv7-m\libc.a(lib_a-atexit.o)
 .ARM.attributes
                0x00000830       0x2d u:/installedapps/atmel/atmel toolchain/arm gcc/native/4.7.3.1029/arm-gnu-toolchain/bin/../lib/gcc/arm-none-eabi/4.7.3/../../../../arm-none-eabi/lib/armv7-m\libc.a(lib_a-fflush.o)
 .ARM.attributes
                0x0000085d       0x2d u:/installedapps/atmel/atmel toolchain/arm gcc/native/4.7.3.1029/arm-gnu-toolchain/bin/../lib/gcc/arm-none-eabi/4.7.3/../../../../arm-none-eabi/lib/armv7-m\libc.a(lib_a-findfp.o)
 .ARM.attributes
                0x0000088a       0x2d u:/installedapps/atmel/atmel toolchain/arm gcc/native/4.7.3.1029/arm-gnu-toolchain/bin/../lib/gcc/arm-none-eabi/4.7.3/../../../../arm-none-eabi/lib/armv7-m\libc.a(lib_a-fputwc.o)
 .ARM.attributes
                0x000008b7       0x2d u:/installedapps/atmel/atmel toolchain/arm gcc/native/4.7.3.1029/arm-gnu-toolchain/bin/../lib/gcc/arm-none-eabi/4.7.3/../../../../arm-none-eabi/lib/armv7-m\libc.a(lib_a-freer.o)
 .ARM.attributes
                0x000008e4       0x2d u:/installedapps/atmel/atmel toolchain/arm gcc/native/4.7.3.1029/arm-gnu-toolchain/bin/../lib/gcc/arm-none-eabi/4.7.3/../../../../arm-none-eabi/lib/armv7-m\libc.a(lib_a-fvwrite.o)
 .ARM.attributes
                0x00000911       0x2d u:/installedapps/atmel/atmel toolchain/arm gcc/native/4.7.3.1029/arm-gnu-toolchain/bin/../lib/gcc/arm-none-eabi/4.7.3/../../../../arm-none-eabi/lib/armv7-m\libc.a(lib_a-fwalk.o)
 .ARM.attributes
                0x0000093e       0x2d u:/installedapps/atmel/atmel toolchain/arm gcc/native/4.7.3.1029/arm-gnu-toolchain/bin/../lib/gcc/arm-none-eabi/4.7.3/../../../../arm-none-eabi/lib/armv7-m\libc.a(lib_a-locale.o)
 .ARM.attributes
                0x0000096b       0x2d u:/installedapps/atmel/atmel toolchain/arm gcc/native/4.7.3.1029/arm-gnu-toolchain/bin/../lib/gcc/arm-none-eabi/4.7.3/../../../../arm-none-eabi/lib/armv7-m\libc.a(lib_a-makebuf.o)
 .ARM.attributes
                0x00000998       0x2d u:/installedapps/atmel/atmel toolchain/arm gcc/native/4.7.3.1029/arm-gnu-toolchain/bin/../lib/gcc/arm-none-eabi/4.7.3/../../../../arm-none-eabi/lib/armv7-m\libc.a(lib_a-malloc.o)
 .ARM.attributes
                0x000009c5       0x2d u:/installedapps/atmel/atmel toolchain/arm gcc/native/4.7.3.1029/arm-gnu-toolchain/bin/../lib/gcc/arm-none-eabi/4.7.3/../../../../arm-none-eabi/lib/armv7-m\libc.a(lib_a-mallocr.o)
 .ARM.attributes
                0x000009f2       0x2d u:/installedapps/atmel/atmel toolchain/arm gcc/native/4.7.3.1029/arm-gnu-toolchain/bin/../lib/gcc/arm-none-eabi/4.7.3/../../../../arm-none-eabi/lib/armv7-m\libc.a(lib_a-memchr.o)
 .ARM.attributes
                0x00000a1f       0x2d u:/installedapps/atmel/atmel toolchain/arm gcc/native/4.7.3.1029/arm-gnu-toolchain/bin/../lib/gcc/arm-none-eabi/4.7.3/../../../../arm-none-eabi/lib/armv7-m\libc.a(lib_a-memmove.o)
 .ARM.attributes
                0x00000a4c       0x2d u:/installedapps/atmel/atmel toolchain/arm gcc/native/4.7.3.1029/arm-gnu-toolchain/bin/../lib/gcc/arm-none-eabi/4.7.3/../../../../arm-none-eabi/lib/armv7-m\libc.a(lib_a-mlock.o)
 .ARM.attributes
                0x00000a79       0x2d u:/installedapps/atmel/atmel toolchain/arm gcc/native/4.7.3.1029/arm-gnu-toolchain/bin/../lib/gcc/arm-none-eabi/4.7.3/../../../../arm-none-eabi/lib/armv7-m\libc.a(lib_a-reallocr.o)
 .ARM.attributes
                0x00000aa6       0x2d u:/installedapps/atmel/atmel toolchain/arm gcc/native/4.7.3.1029/arm-gnu-toolchain/bin/../lib/gcc/arm-none-eabi/4.7.3/../../../../arm-none-eabi/lib/armv7-m\libc.a(lib_a-sbrkr.o)
 .ARM.attributes
                0x00000ad3       0x2d u:/installedapps/atmel/atmel toolchain/arm gcc/native/4.7.3.1029/arm-gnu-toolchain/bin/../lib/gcc/arm-none-eabi/4.7.3/../../../../arm-none-eabi/lib/armv7-m\libc.a(lib_a-stdio.o)
 .ARM.attributes
                0x00000b00       0x2d u:/installedapps/atmel/atmel toolchain/arm gcc/native/4.7.3.1029/arm-gnu-toolchain/bin/../lib/gcc/arm-none-eabi/4.7.3/../../../../arm-none-eabi/lib/armv7-m\libc.a(lib_a-strcmp.o)
 .ARM.attributes
                0x00000b2d       0x2d u:/installedapps/atmel/atmel toolchain/arm gcc/native/4.7.3.1029/arm-gnu-toolchain/bin/../lib/gcc/arm-none-eabi/4.7.3/../../../../arm-none-eabi/lib/armv7-m\libc.a(lib_a-wcrtomb.o)
 .ARM.attributes
                0x00000b5a       0x2d u:/installedapps/atmel/atmel toolchain/arm gcc/native/4.7.3.1029/arm-gnu-toolchain/bin/../lib/gcc/arm-none-eabi/4.7.3/../../../../arm-none-eabi/lib/armv7-m\libc.a(lib_a-wctomb_r.o)
 .ARM.attributes
                0x00000b87       0x2d u:/installedapps/atmel/atmel toolchain/arm gcc/native/4.7.3.1029/arm-gnu-toolchain/bin/../lib/gcc/arm-none-eabi/4.7.3/../../../../arm-none-eabi/lib/armv7-m\libc.a(lib_a-writer.o)
 .ARM.attributes
                0x00000bb4       0x2d u:/installedapps/atmel/atmel toolchain/arm gcc/native/4.7.3.1029/arm-gnu-toolchain/bin/../lib/gcc/arm-none-eabi/4.7.3/../../../../arm-none-eabi/lib/armv7-m\libc.a(lib_a-closer.o)
 .ARM.attributes
                0x00000be1       0x2d u:/installedapps/atmel/atmel toolchain/arm gcc/native/4.7.3.1029/arm-gnu-toolchain/bin/../lib/gcc/arm-none-eabi/4.7.3/../../../../arm-none-eabi/lib/armv7-m\libc.a(lib_a-fclose.o)
 .ARM.attributes
                0x00000c0e       0x2d u:/installedapps/atmel/atmel toolchain/arm gcc/native/4.7.3.1029/arm-gnu-toolchain/bin/../lib/gcc/arm-none-eabi/4.7.3/../../../../arm-none-eabi/lib/armv7-m\libc.a(lib_a-fstatr.o)
 .ARM.attributes
                0x00000c3b       0x2d u:/installedapps/atmel/atmel toolchain/arm gcc/native/4.7.3.1029/arm-gnu-toolchain/bin/../lib/gcc/arm-none-eabi/4.7.3/../../../../arm-none-eabi/lib/armv7-m\libc.a(lib_a-isattyr.o)
 .ARM.attributes
                0x00000c68       0x2d u:/installedapps/atmel/atmel toolchain/arm gcc/native/4.7.3.1029/arm-gnu-toolchain/bin/../lib/gcc/arm-none-eabi/4.7.3/../../../../arm-none-eabi/lib/armv7-m\libc.a(lib_a-lseekr.o)
 .ARM.attributes
                0x00000c95       0x2d u:/installedapps/atmel/atmel toolchain/arm gcc/native/4.7.3.1029/arm-gnu-toolchain/bin/../lib/gcc/arm-none-eabi/4.7.3/../../../../arm-none-eabi/lib/armv7-m\libc.a(lib_a-readr.o)
 .ARM.attributes
                0x00000cc2       0x2d u:/installedapps/atmel/atmel toolchain/arm gcc/native/4.7.3.1029/arm-gnu-toolchain/bin/../lib/gcc/arm-none-eabi/4.7.3/../../../../arm-none-eabi/lib/armv7-m\libc.a(lib_a-reent.o)
 .ARM.attributes
                0x00000cef       0x1d u:/installedapps/atmel/atmel toolchain/arm gcc/native/4.7.3.1029/arm-gnu-toolchain/bin/../lib/gcc/arm-none-eabi/4.7.3/armv7-m\libgcc.a(_aeabi_uldivmod.o)
 .ARM.attributes
                0x00000d0c       0x2d u:/installedapps/atmel/atmel toolchain/arm gcc/native/4.7.3.1029/arm-gnu-toolchain/bin/../lib/gcc/arm-none-eabi/4.7.3/armv7-m\libgcc.a(bpabi.o)
 .ARM.attributes
                0x00000d39       0x1d u:/installedapps/atmel/atmel toolchain/arm gcc/native/4.7.3.1029/arm-gnu-toolchain/bin/../lib/gcc/arm-none-eabi/4.7.3/armv7-m\libgcc.a(_dvmd_tls.o)
 .ARM.attributes
                0x00000d56       0x2d u:/installedapps/atmel/atmel toolchain/arm gcc/native/4.7.3.1029/arm-gnu-toolchain/bin/../lib/gcc/arm-none-eabi/4.7.3/armv7-m\libgcc.a(_divdi3.o)
 .ARM.attributes
                0x00000d83       0x2d u:/installedapps/atmel/atmel toolchain/arm gcc/native/4.7.3.1029/arm-gnu-toolchain/bin/../lib/gcc/arm-none-eabi/4.7.3/armv7-m\libgcc.a(_udivdi3.o)
 .ARM.attributes
                0x00000db0       0x2d u:/installedapps/atmel/atmel toolchain/arm gcc/native/4.7.3.1029/arm-gnu-toolchain/bin/../lib/gcc/arm-none-eabi/4.7.3/armv7-m/crtend.o
 .ARM.attributes
                0x00000ddd       0x1d u:/installedapps/atmel/atmel toolchain/arm gcc/native/4.7.3.1029/arm-gnu-toolchain/bin/../lib/gcc/arm-none-eabi/4.7.3/armv7-m/crtn.o

.comment        0x00000000       0x71
 .comment       0x00000000       0x71 u:/installedapps/atmel/atmel toolchain/arm gcc/native/4.7.3.1029/arm-gnu-toolchain/bin/../lib/gcc/arm-none-eabi/4.7.3/armv7-m/crtbegin.o
                                 0x72 (size before relaxing)
 .comment       0x00000000       0x72 src/ASF/common/utils/stdio/read.o
 .comment       0x00000000       0x72 src/ASF/common/utils/stdio/write.o
 .comment       0x00000000       0x72 src/ASF/sam/drivers/uart/uart.o
 .comment       0x00000000       0x72 src/ASF/sam/drivers/usart/usart.o
 .comment       0x00000000       0x72 src/main.o
 .comment       0x00000000       0x72 src/pwm_controller.o
 .comment       0x00000000       0x72 src/serial_communication.o
 .comment       0x00000000       0x72 src/test/test_duty_cycle.o
 .comment       0x00000000       0x72 src/test/unity.o
 .comment       0x00000000       0x72 src/ASF/thirdparty/freertos/freertos-7.3.0/source/list.o
 .comment       0x00000000       0x72 src/ASF/thirdparty/freertos/freertos-7.3.0/source/portable/gcc/sam/port.o
 .comment       0x00000000       0x72 src/ASF/thirdparty/freertos/freertos-7.3.0/source/portable/memmang/heap_4.o
 .comment       0x00000000       0x72 src/ASF/thirdparty/freertos/freertos-7.3.0/source/queue.o
 .comment       0x00000000       0x72 src/ASF/thirdparty/freertos/freertos-7.3.0/source/tasks.o
 .comment       0x00000000       0x72 src/ASF/thirdparty/freertos/freertos-7.3.0/source/timers.o
 .comment       0x00000000       0x72 src/ASF/sam/drivers/pwm/pwm.o
 .comment       0x00000000       0x72 src/ASF/common/services/clock/sam3x/sysclk.o
 .comment       0x00000000       0x72 src/ASF/sam/boards/arduino_due_x/init.o
 .comment       0x00000000       0x72 src/ASF/sam/drivers/pio/pio.o
 .comment       0x00000000       0x72 src/ASF/sam/drivers/pio/pio_handler.o
 .comment       0x00000000       0x72 src/ASF/sam/drivers/pmc/pmc.o
 .comment       0x00000000       0x72 src/ASF/sam/utils/cmsis/sam3x/source/templates/exceptions.o
 .comment       0x00000000       0x72 src/ASF/sam/utils/cmsis/sam3x/source/templates/gcc/startup_sam3x.o
 .comment       0x00000000       0x72 src/ASF/sam/utils/cmsis/sam3x/source/templates/system_sam3x.o
 .comment       0x00000000       0x72 src/ASF/sam/utils/syscalls/gcc/syscalls.o
 .comment       0x00000000       0x72 u:/installedapps/atmel/atmel toolchain/arm gcc/native/4.7.3.1029/arm-gnu-toolchain/bin/../lib/gcc/arm-none-eabi/4.7.3/../../../../arm-none-eabi/lib/armv7-m\libc.a(lib_a-__atexit.o)
 .comment       0x00000000       0x72 u:/installedapps/atmel/atmel toolchain/arm gcc/native/4.7.3.1029/arm-gnu-toolchain/bin/../lib/gcc/arm-none-eabi/4.7.3/../../../../arm-none-eabi/lib/armv7-m\libc.a(lib_a-fini.o)
 .comment       0x00000000       0x72 u:/installedapps/atmel/atmel toolchain/arm gcc/native/4.7.3.1029/arm-gnu-toolchain/bin/../lib/gcc/arm-none-eabi/4.7.3/../../../../arm-none-eabi/lib/armv7-m\libc.a(lib_a-impure.o)
 .comment       0x00000000       0x72 u:/installedapps/atmel/atmel toolchain/arm gcc/native/4.7.3.1029/arm-gnu-toolchain/bin/../lib/gcc/arm-none-eabi/4.7.3/../../../../arm-none-eabi/lib/armv7-m\libc.a(lib_a-init.o)
 .comment       0x00000000       0x72 u:/installedapps/atmel/atmel toolchain/arm gcc/native/4.7.3.1029/arm-gnu-toolchain/bin/../lib/gcc/arm-none-eabi/4.7.3/../../../../arm-none-eabi/lib/armv7-m\libc.a(lib_a-iprintf.o)
 .comment       0x00000000       0x72 u:/installedapps/atmel/atmel toolchain/arm gcc/native/4.7.3.1029/arm-gnu-toolchain/bin/../lib/gcc/arm-none-eabi/4.7.3/../../../../arm-none-eabi/lib/armv7-m\libc.a(lib_a-memcpy.o)
 .comment       0x00000000       0x72 u:/installedapps/atmel/atmel toolchain/arm gcc/native/4.7.3.1029/arm-gnu-toolchain/bin/../lib/gcc/arm-none-eabi/4.7.3/../../../../arm-none-eabi/lib/armv7-m\libc.a(lib_a-memset.o)
 .comment       0x00000000       0x72 u:/installedapps/atmel/atmel toolchain/arm gcc/native/4.7.3.1029/arm-gnu-toolchain/bin/../lib/gcc/arm-none-eabi/4.7.3/../../../../arm-none-eabi/lib/armv7-m\libc.a(lib_a-setbuf.o)
 .comment       0x00000000       0x72 u:/installedapps/atmel/atmel toolchain/arm gcc/native/4.7.3.1029/arm-gnu-toolchain/bin/../lib/gcc/arm-none-eabi/4.7.3/../../../../arm-none-eabi/lib/armv7-m\libc.a(lib_a-setvbuf.o)
 .comment       0x00000000       0x72 u:/installedapps/atmel/atmel toolchain/arm gcc/native/4.7.3.1029/arm-gnu-toolchain/bin/../lib/gcc/arm-none-eabi/4.7.3/../../../../arm-none-eabi/lib/armv7-m\libc.a(lib_a-strlen.o)
 .comment       0x00000000       0x72 u:/installedapps/atmel/atmel toolchain/arm gcc/native/4.7.3.1029/arm-gnu-toolchain/bin/../lib/gcc/arm-none-eabi/4.7.3/../../../../arm-none-eabi/lib/armv7-m\libc.a(lib_a-strncpy.o)
 .comment       0x00000000       0x72 u:/installedapps/atmel/atmel toolchain/arm gcc/native/4.7.3.1029/arm-gnu-toolchain/bin/../lib/gcc/arm-none-eabi/4.7.3/../../../../arm-none-eabi/lib/armv7-m\libc.a(lib_a-vfiprintf.o)
 .comment       0x00000000       0x72 u:/installedapps/atmel/atmel toolchain/arm gcc/native/4.7.3.1029/arm-gnu-toolchain/bin/../lib/gcc/arm-none-eabi/4.7.3/../../../../arm-none-eabi/lib/armv7-m\libc.a(lib_a-wbuf.o)
 .comment       0x00000000       0x72 u:/installedapps/atmel/atmel toolchain/arm gcc/native/4.7.3.1029/arm-gnu-toolchain/bin/../lib/gcc/arm-none-eabi/4.7.3/../../../../arm-none-eabi/lib/armv7-m\libc.a(lib_a-wsetup.o)
 .comment       0x00000000       0x72 u:/installedapps/atmel/atmel toolchain/arm gcc/native/4.7.3.1029/arm-gnu-toolchain/bin/../lib/gcc/arm-none-eabi/4.7.3/../../../../arm-none-eabi/lib/armv7-m\libc.a(lib_a-__call_atexit.o)
 .comment       0x00000000       0x72 u:/installedapps/atmel/atmel toolchain/arm gcc/native/4.7.3.1029/arm-gnu-toolchain/bin/../lib/gcc/arm-none-eabi/4.7.3/../../../../arm-none-eabi/lib/armv7-m\libc.a(lib_a-atexit.o)
 .comment       0x00000000       0x72 u:/installedapps/atmel/atmel toolchain/arm gcc/native/4.7.3.1029/arm-gnu-toolchain/bin/../lib/gcc/arm-none-eabi/4.7.3/../../../../arm-none-eabi/lib/armv7-m\libc.a(lib_a-fflush.o)
 .comment       0x00000000       0x72 u:/installedapps/atmel/atmel toolchain/arm gcc/native/4.7.3.1029/arm-gnu-toolchain/bin/../lib/gcc/arm-none-eabi/4.7.3/../../../../arm-none-eabi/lib/armv7-m\libc.a(lib_a-findfp.o)
 .comment       0x00000000       0x72 u:/installedapps/atmel/atmel toolchain/arm gcc/native/4.7.3.1029/arm-gnu-toolchain/bin/../lib/gcc/arm-none-eabi/4.7.3/../../../../arm-none-eabi/lib/armv7-m\libc.a(lib_a-fputwc.o)
 .comment       0x00000000       0x72 u:/installedapps/atmel/atmel toolchain/arm gcc/native/4.7.3.1029/arm-gnu-toolchain/bin/../lib/gcc/arm-none-eabi/4.7.3/../../../../arm-none-eabi/lib/armv7-m\libc.a(lib_a-freer.o)
 .comment       0x00000000       0x72 u:/installedapps/atmel/atmel toolchain/arm gcc/native/4.7.3.1029/arm-gnu-toolchain/bin/../lib/gcc/arm-none-eabi/4.7.3/../../../../arm-none-eabi/lib/armv7-m\libc.a(lib_a-fvwrite.o)
 .comment       0x00000000       0x72 u:/installedapps/atmel/atmel toolchain/arm gcc/native/4.7.3.1029/arm-gnu-toolchain/bin/../lib/gcc/arm-none-eabi/4.7.3/../../../../arm-none-eabi/lib/armv7-m\libc.a(lib_a-fwalk.o)
 .comment       0x00000000       0x72 u:/installedapps/atmel/atmel toolchain/arm gcc/native/4.7.3.1029/arm-gnu-toolchain/bin/../lib/gcc/arm-none-eabi/4.7.3/../../../../arm-none-eabi/lib/armv7-m\libc.a(lib_a-locale.o)
 .comment       0x00000000       0x72 u:/installedapps/atmel/atmel toolchain/arm gcc/native/4.7.3.1029/arm-gnu-toolchain/bin/../lib/gcc/arm-none-eabi/4.7.3/../../../../arm-none-eabi/lib/armv7-m\libc.a(lib_a-makebuf.o)
 .comment       0x00000000       0x72 u:/installedapps/atmel/atmel toolchain/arm gcc/native/4.7.3.1029/arm-gnu-toolchain/bin/../lib/gcc/arm-none-eabi/4.7.3/../../../../arm-none-eabi/lib/armv7-m\libc.a(lib_a-malloc.o)
 .comment       0x00000000       0x72 u:/installedapps/atmel/atmel toolchain/arm gcc/native/4.7.3.1029/arm-gnu-toolchain/bin/../lib/gcc/arm-none-eabi/4.7.3/../../../../arm-none-eabi/lib/armv7-m\libc.a(lib_a-mallocr.o)
 .comment       0x00000000       0x72 u:/installedapps/atmel/atmel toolchain/arm gcc/native/4.7.3.1029/arm-gnu-toolchain/bin/../lib/gcc/arm-none-eabi/4.7.3/../../../../arm-none-eabi/lib/armv7-m\libc.a(lib_a-memchr.o)
 .comment       0x00000000       0x72 u:/installedapps/atmel/atmel toolchain/arm gcc/native/4.7.3.1029/arm-gnu-toolchain/bin/../lib/gcc/arm-none-eabi/4.7.3/../../../../arm-none-eabi/lib/armv7-m\libc.a(lib_a-memmove.o)
 .comment       0x00000000       0x72 u:/installedapps/atmel/atmel toolchain/arm gcc/native/4.7.3.1029/arm-gnu-toolchain/bin/../lib/gcc/arm-none-eabi/4.7.3/../../../../arm-none-eabi/lib/armv7-m\libc.a(lib_a-mlock.o)
 .comment       0x00000000       0x72 u:/installedapps/atmel/atmel toolchain/arm gcc/native/4.7.3.1029/arm-gnu-toolchain/bin/../lib/gcc/arm-none-eabi/4.7.3/../../../../arm-none-eabi/lib/armv7-m\libc.a(lib_a-reallocr.o)
 .comment       0x00000000       0x72 u:/installedapps/atmel/atmel toolchain/arm gcc/native/4.7.3.1029/arm-gnu-toolchain/bin/../lib/gcc/arm-none-eabi/4.7.3/../../../../arm-none-eabi/lib/armv7-m\libc.a(lib_a-sbrkr.o)
 .comment       0x00000000       0x72 u:/installedapps/atmel/atmel toolchain/arm gcc/native/4.7.3.1029/arm-gnu-toolchain/bin/../lib/gcc/arm-none-eabi/4.7.3/../../../../arm-none-eabi/lib/armv7-m\libc.a(lib_a-stdio.o)
 .comment       0x00000000       0x72 u:/installedapps/atmel/atmel toolchain/arm gcc/native/4.7.3.1029/arm-gnu-toolchain/bin/../lib/gcc/arm-none-eabi/4.7.3/../../../../arm-none-eabi/lib/armv7-m\libc.a(lib_a-strcmp.o)
 .comment       0x00000000       0x72 u:/installedapps/atmel/atmel toolchain/arm gcc/native/4.7.3.1029/arm-gnu-toolchain/bin/../lib/gcc/arm-none-eabi/4.7.3/../../../../arm-none-eabi/lib/armv7-m\libc.a(lib_a-wcrtomb.o)
 .comment       0x00000000       0x72 u:/installedapps/atmel/atmel toolchain/arm gcc/native/4.7.3.1029/arm-gnu-toolchain/bin/../lib/gcc/arm-none-eabi/4.7.3/../../../../arm-none-eabi/lib/armv7-m\libc.a(lib_a-wctomb_r.o)
 .comment       0x00000000       0x72 u:/installedapps/atmel/atmel toolchain/arm gcc/native/4.7.3.1029/arm-gnu-toolchain/bin/../lib/gcc/arm-none-eabi/4.7.3/../../../../arm-none-eabi/lib/armv7-m\libc.a(lib_a-writer.o)
 .comment       0x00000000       0x72 u:/installedapps/atmel/atmel toolchain/arm gcc/native/4.7.3.1029/arm-gnu-toolchain/bin/../lib/gcc/arm-none-eabi/4.7.3/../../../../arm-none-eabi/lib/armv7-m\libc.a(lib_a-closer.o)
 .comment       0x00000000       0x72 u:/installedapps/atmel/atmel toolchain/arm gcc/native/4.7.3.1029/arm-gnu-toolchain/bin/../lib/gcc/arm-none-eabi/4.7.3/../../../../arm-none-eabi/lib/armv7-m\libc.a(lib_a-fclose.o)
 .comment       0x00000000       0x72 u:/installedapps/atmel/atmel toolchain/arm gcc/native/4.7.3.1029/arm-gnu-toolchain/bin/../lib/gcc/arm-none-eabi/4.7.3/../../../../arm-none-eabi/lib/armv7-m\libc.a(lib_a-fstatr.o)
 .comment       0x00000000       0x72 u:/installedapps/atmel/atmel toolchain/arm gcc/native/4.7.3.1029/arm-gnu-toolchain/bin/../lib/gcc/arm-none-eabi/4.7.3/../../../../arm-none-eabi/lib/armv7-m\libc.a(lib_a-isattyr.o)
 .comment       0x00000000       0x72 u:/installedapps/atmel/atmel toolchain/arm gcc/native/4.7.3.1029/arm-gnu-toolchain/bin/../lib/gcc/arm-none-eabi/4.7.3/../../../../arm-none-eabi/lib/armv7-m\libc.a(lib_a-lseekr.o)
 .comment       0x00000000       0x72 u:/installedapps/atmel/atmel toolchain/arm gcc/native/4.7.3.1029/arm-gnu-toolchain/bin/../lib/gcc/arm-none-eabi/4.7.3/../../../../arm-none-eabi/lib/armv7-m\libc.a(lib_a-readr.o)
 .comment       0x00000000       0x72 u:/installedapps/atmel/atmel toolchain/arm gcc/native/4.7.3.1029/arm-gnu-toolchain/bin/../lib/gcc/arm-none-eabi/4.7.3/../../../../arm-none-eabi/lib/armv7-m\libc.a(lib_a-reent.o)
 .comment       0x00000000       0x72 u:/installedapps/atmel/atmel toolchain/arm gcc/native/4.7.3.1029/arm-gnu-toolchain/bin/../lib/gcc/arm-none-eabi/4.7.3/armv7-m\libgcc.a(bpabi.o)
 .comment       0x00000000       0x72 u:/installedapps/atmel/atmel toolchain/arm gcc/native/4.7.3.1029/arm-gnu-toolchain/bin/../lib/gcc/arm-none-eabi/4.7.3/armv7-m\libgcc.a(_divdi3.o)
 .comment       0x00000000       0x72 u:/installedapps/atmel/atmel toolchain/arm gcc/native/4.7.3.1029/arm-gnu-toolchain/bin/../lib/gcc/arm-none-eabi/4.7.3/armv7-m\libgcc.a(_udivdi3.o)
 .comment       0x00000000       0x72 u:/installedapps/atmel/atmel toolchain/arm gcc/native/4.7.3.1029/arm-gnu-toolchain/bin/../lib/gcc/arm-none-eabi/4.7.3/armv7-m/crtend.o

.debug_info     0x00000000    0x2c2b2
 .debug_info    0x00000000      0x1d8 src/ASF/common/utils/stdio/read.o
 .debug_info    0x000001d8      0x1a5 src/ASF/common/utils/stdio/write.o
 .debug_info    0x0000037d      0x802 src/ASF/sam/drivers/uart/uart.o
 .debug_info    0x00000b7f     0x1b26 src/ASF/sam/drivers/usart/usart.o
 .debug_info    0x000026a5     0x1a53 src/main.o
 .debug_info    0x000040f8     0x1a6c src/pwm_controller.o
 .debug_info    0x00005b64      0xcb1 src/serial_communication.o
 .debug_info    0x00006815      0x2db src/test/test_duty_cycle.o
 .debug_info    0x00006af0     0x2b14 src/test/unity.o
 .debug_info    0x00009604      0x2b9 src/ASF/thirdparty/freertos/freertos-7.3.0/source/list.o
 .debug_info    0x000098bd      0x38c src/ASF/thirdparty/freertos/freertos-7.3.0/source/portable/gcc/sam/port.o
 .debug_info    0x00009c49      0x38d src/ASF/thirdparty/freertos/freertos-7.3.0/source/portable/memmang/heap_4.o
 .debug_info    0x00009fd6      0xeb6 src/ASF/thirdparty/freertos/freertos-7.3.0/source/queue.o
 .debug_info    0x0000ae8c     0x18ee src/ASF/thirdparty/freertos/freertos-7.3.0/source/tasks.o
 .debug_info    0x0000c77a      0xb56 src/ASF/thirdparty/freertos/freertos-7.3.0/source/timers.o
 .debug_info    0x0000d2d0     0x1557 src/ASF/sam/drivers/pwm/pwm.o
 .debug_info    0x0000e827      0x753 src/ASF/common/services/clock/sam3x/sysclk.o
 .debug_info    0x0000ef7a      0x729 src/ASF/sam/boards/arduino_due_x/init.o
 .debug_info    0x0000f6a3     0x122b src/ASF/sam/drivers/pio/pio.o
 .debug_info    0x000108ce      0xe00 src/ASF/sam/drivers/pio/pio_handler.o
 .debug_info    0x000116ce     0x100b src/ASF/sam/drivers/pmc/pmc.o
 .debug_info    0x000126d9       0xae src/ASF/sam/utils/cmsis/sam3x/source/templates/exceptions.o
 .debug_info    0x00012787      0x344 src/ASF/sam/utils/cmsis/sam3x/source/templates/gcc/startup_sam3x.o
 .debug_info    0x00012acb      0x462 src/ASF/sam/utils/cmsis/sam3x/source/templates/system_sam3x.o
 .debug_info    0x00012f2d      0x441 src/ASF/sam/utils/syscalls/gcc/syscalls.o
 .debug_info    0x0001336e      0xa15 u:/installedapps/atmel/atmel toolchain/arm gcc/native/4.7.3.1029/arm-gnu-toolchain/bin/../lib/gcc/arm-none-eabi/4.7.3/../../../../arm-none-eabi/lib/armv7-m\libc.a(lib_a-__atexit.o)
 .debug_info    0x00013d83       0xf7 u:/installedapps/atmel/atmel toolchain/arm gcc/native/4.7.3.1029/arm-gnu-toolchain/bin/../lib/gcc/arm-none-eabi/4.7.3/../../../../arm-none-eabi/lib/armv7-m\libc.a(lib_a-fini.o)
 .debug_info    0x00013e7a      0x961 u:/installedapps/atmel/atmel toolchain/arm gcc/native/4.7.3.1029/arm-gnu-toolchain/bin/../lib/gcc/arm-none-eabi/4.7.3/../../../../arm-none-eabi/lib/armv7-m\libc.a(lib_a-impure.o)
 .debug_info    0x000147db      0x110 u:/installedapps/atmel/atmel toolchain/arm gcc/native/4.7.3.1029/arm-gnu-toolchain/bin/../lib/gcc/arm-none-eabi/4.7.3/../../../../arm-none-eabi/lib/armv7-m\libc.a(lib_a-init.o)
 .debug_info    0x000148eb      0xa8d u:/installedapps/atmel/atmel toolchain/arm gcc/native/4.7.3.1029/arm-gnu-toolchain/bin/../lib/gcc/arm-none-eabi/4.7.3/../../../../arm-none-eabi/lib/armv7-m\libc.a(lib_a-iprintf.o)
 .debug_info    0x00015378      0x103 u:/installedapps/atmel/atmel toolchain/arm gcc/native/4.7.3.1029/arm-gnu-toolchain/bin/../lib/gcc/arm-none-eabi/4.7.3/../../../../arm-none-eabi/lib/armv7-m\libc.a(lib_a-memcpy.o)
 .debug_info    0x0001547b       0xd3 u:/installedapps/atmel/atmel toolchain/arm gcc/native/4.7.3.1029/arm-gnu-toolchain/bin/../lib/gcc/arm-none-eabi/4.7.3/../../../../arm-none-eabi/lib/armv7-m\libc.a(lib_a-memset.o)
 .debug_info    0x0001554e      0x9d7 u:/installedapps/atmel/atmel toolchain/arm gcc/native/4.7.3.1029/arm-gnu-toolchain/bin/../lib/gcc/arm-none-eabi/4.7.3/../../../../arm-none-eabi/lib/armv7-m\libc.a(lib_a-setbuf.o)
 .debug_info    0x00015f25      0x11a u:/installedapps/atmel/atmel toolchain/arm gcc/native/4.7.3.1029/arm-gnu-toolchain/bin/../lib/gcc/arm-none-eabi/4.7.3/../../../../arm-none-eabi/lib/armv7-m\libc.a(lib_a-setjmp.o)
 .debug_info    0x0001603f      0xa79 u:/installedapps/atmel/atmel toolchain/arm gcc/native/4.7.3.1029/arm-gnu-toolchain/bin/../lib/gcc/arm-none-eabi/4.7.3/../../../../arm-none-eabi/lib/armv7-m\libc.a(lib_a-setvbuf.o)
 .debug_info    0x00016ab8       0xcd u:/installedapps/atmel/atmel toolchain/arm gcc/native/4.7.3.1029/arm-gnu-toolchain/bin/../lib/gcc/arm-none-eabi/4.7.3/../../../../arm-none-eabi/lib/armv7-m\libc.a(lib_a-strlen.o)
 .debug_info    0x00016b85       0xf6 u:/installedapps/atmel/atmel toolchain/arm gcc/native/4.7.3.1029/arm-gnu-toolchain/bin/../lib/gcc/arm-none-eabi/4.7.3/../../../../arm-none-eabi/lib/armv7-m\libc.a(lib_a-strncpy.o)
 .debug_info    0x00016c7b     0x129d u:/installedapps/atmel/atmel toolchain/arm gcc/native/4.7.3.1029/arm-gnu-toolchain/bin/../lib/gcc/arm-none-eabi/4.7.3/../../../../arm-none-eabi/lib/armv7-m\libc.a(lib_a-vfiprintf.o)
 .debug_info    0x00017f18      0xaa2 u:/installedapps/atmel/atmel toolchain/arm gcc/native/4.7.3.1029/arm-gnu-toolchain/bin/../lib/gcc/arm-none-eabi/4.7.3/../../../../arm-none-eabi/lib/armv7-m\libc.a(lib_a-wbuf.o)
 .debug_info    0x000189ba      0xa01 u:/installedapps/atmel/atmel toolchain/arm gcc/native/4.7.3.1029/arm-gnu-toolchain/bin/../lib/gcc/arm-none-eabi/4.7.3/../../../../arm-none-eabi/lib/armv7-m\libc.a(lib_a-wsetup.o)
 .debug_info    0x000193bb      0xa7c u:/installedapps/atmel/atmel toolchain/arm gcc/native/4.7.3.1029/arm-gnu-toolchain/bin/../lib/gcc/arm-none-eabi/4.7.3/../../../../arm-none-eabi/lib/armv7-m\libc.a(lib_a-__call_atexit.o)
 .debug_info    0x00019e37      0x10f u:/installedapps/atmel/atmel toolchain/arm gcc/native/4.7.3.1029/arm-gnu-toolchain/bin/../lib/gcc/arm-none-eabi/4.7.3/../../../../arm-none-eabi/lib/armv7-m\libc.a(lib_a-atexit.o)
 .debug_info    0x00019f46      0xb2b u:/installedapps/atmel/atmel toolchain/arm gcc/native/4.7.3.1029/arm-gnu-toolchain/bin/../lib/gcc/arm-none-eabi/4.7.3/../../../../arm-none-eabi/lib/armv7-m\libc.a(lib_a-fflush.o)
 .debug_info    0x0001aa71      0xdbc u:/installedapps/atmel/atmel toolchain/arm gcc/native/4.7.3.1029/arm-gnu-toolchain/bin/../lib/gcc/arm-none-eabi/4.7.3/../../../../arm-none-eabi/lib/armv7-m\libc.a(lib_a-findfp.o)
 .debug_info    0x0001b82d      0xb7b u:/installedapps/atmel/atmel toolchain/arm gcc/native/4.7.3.1029/arm-gnu-toolchain/bin/../lib/gcc/arm-none-eabi/4.7.3/../../../../arm-none-eabi/lib/armv7-m\libc.a(lib_a-fputwc.o)
 .debug_info    0x0001c3a8      0xd0f u:/installedapps/atmel/atmel toolchain/arm gcc/native/4.7.3.1029/arm-gnu-toolchain/bin/../lib/gcc/arm-none-eabi/4.7.3/../../../../arm-none-eabi/lib/armv7-m\libc.a(lib_a-freer.o)
 .debug_info    0x0001d0b7      0xd8f u:/installedapps/atmel/atmel toolchain/arm gcc/native/4.7.3.1029/arm-gnu-toolchain/bin/../lib/gcc/arm-none-eabi/4.7.3/../../../../arm-none-eabi/lib/armv7-m\libc.a(lib_a-fvwrite.o)
 .debug_info    0x0001de46      0xb9d u:/installedapps/atmel/atmel toolchain/arm gcc/native/4.7.3.1029/arm-gnu-toolchain/bin/../lib/gcc/arm-none-eabi/4.7.3/../../../../arm-none-eabi/lib/armv7-m\libc.a(lib_a-fwalk.o)
 .debug_info    0x0001e9e3      0xd0f u:/installedapps/atmel/atmel toolchain/arm gcc/native/4.7.3.1029/arm-gnu-toolchain/bin/../lib/gcc/arm-none-eabi/4.7.3/../../../../arm-none-eabi/lib/armv7-m\libc.a(lib_a-locale.o)
 .debug_info    0x0001f6f2      0xbea u:/installedapps/atmel/atmel toolchain/arm gcc/native/4.7.3.1029/arm-gnu-toolchain/bin/../lib/gcc/arm-none-eabi/4.7.3/../../../../arm-none-eabi/lib/armv7-m\libc.a(lib_a-makebuf.o)