Archive member included because of file (symbol)

u:/installedapps/atmel/atmel toolchain/arm gcc/native/4.7.3.1029/arm-gnu-toolchain/bin/../lib/gcc/arm-none-eabi/4.7.3/armv7-m\libgcc.a(_arm_addsubdf3.o)
                              src/controller_back.o (__aeabi_dadd)
u:/installedapps/atmel/atmel toolchain/arm gcc/native/4.7.3.1029/arm-gnu-toolchain/bin/../lib/gcc/arm-none-eabi/4.7.3/armv7-m\libgcc.a(_arm_fixdfsi.o)
                              src/controller_back.o (__aeabi_d2iz)
u:/installedapps/atmel/atmel toolchain/arm gcc/native/4.7.3.1029/arm-gnu-toolchain/bin/../lib/gcc/arm-none-eabi/4.7.3/armv7-m\libgcc.a(_arm_addsubsf3.o)
                              src/test/unity.o (__aeabi_fsub)
u:/installedapps/atmel/atmel toolchain/arm gcc/native/4.7.3.1029/arm-gnu-toolchain/bin/../lib/gcc/arm-none-eabi/4.7.3/armv7-m\libgcc.a(_arm_muldivsf3.o)
                              src/test/unity.o (__aeabi_fmul)
u:/installedapps/atmel/atmel toolchain/arm gcc/native/4.7.3.1029/arm-gnu-toolchain/bin/../lib/gcc/arm-none-eabi/4.7.3/armv7-m\libgcc.a(_arm_cmpsf2.o)
                              src/test/unity.o (__aeabi_fcmpeq)
u:/installedapps/atmel/atmel toolchain/arm gcc/native/4.7.3.1029/arm-gnu-toolchain/bin/../lib/gcc/arm-none-eabi/4.7.3/../../../../arm-none-eabi/lib/armv7-m\libc.a(lib_a-__atexit.o)
                              u:/installedapps/atmel/atmel toolchain/arm gcc/native/4.7.3.1029/arm-gnu-toolchain/bin/../lib/gcc/arm-none-eabi/4.7.3/../../../../arm-none-eabi/lib/armv7-m/crt0.o (__register_exitproc)
u:/installedapps/atmel/atmel toolchain/arm gcc/native/4.7.3.1029/arm-gnu-toolchain/bin/../lib/gcc/arm-none-eabi/4.7.3/../../../../arm-none-eabi/lib/armv7-m\libc.a(lib_a-exit.o)
                              u:/installedapps/atmel/atmel toolchain/arm gcc/native/4.7.3.1029/arm-gnu-toolchain/bin/../lib/gcc/arm-none-eabi/4.7.3/../../../../arm-none-eabi/lib/armv7-m/crt0.o (exit)
u:/installedapps/atmel/atmel toolchain/arm gcc/native/4.7.3.1029/arm-gnu-toolchain/bin/../lib/gcc/arm-none-eabi/4.7.3/../../../../arm-none-eabi/lib/armv7-m\libc.a(lib_a-fini.o)
                              u:/installedapps/atmel/atmel toolchain/arm gcc/native/4.7.3.1029/arm-gnu-toolchain/bin/../lib/gcc/arm-none-eabi/4.7.3/../../../../arm-none-eabi/lib/armv7-m/crt0.o (__libc_fini_array)
u:/installedapps/atmel/atmel toolchain/arm gcc/native/4.7.3.1029/arm-gnu-toolchain/bin/../lib/gcc/arm-none-eabi/4.7.3/../../../../arm-none-eabi/lib/armv7-m\libc.a(lib_a-impure.o)
                              u:/installedapps/atmel/atmel toolchain/arm gcc/native/4.7.3.1029/arm-gnu-toolchain/bin/../lib/gcc/arm-none-eabi/4.7.3/../../../../arm-none-eabi/lib/armv7-m\libc.a(lib_a-__atexit.o) (_global_impure_ptr)
u:/installedapps/atmel/atmel toolchain/arm gcc/native/4.7.3.1029/arm-gnu-toolchain/bin/../lib/gcc/arm-none-eabi/4.7.3/../../../../arm-none-eabi/lib/armv7-m\libc.a(lib_a-init.o)
                              u:/installedapps/atmel/atmel toolchain/arm gcc/native/4.7.3.1029/arm-gnu-toolchain/bin/../lib/gcc/arm-none-eabi/4.7.3/../../../../arm-none-eabi/lib/armv7-m/crt0.o (__libc_init_array)
u:/installedapps/atmel/atmel toolchain/arm gcc/native/4.7.3.1029/arm-gnu-toolchain/bin/../lib/gcc/arm-none-eabi/4.7.3/../../../../arm-none-eabi/lib/armv7-m\libc.a(lib_a-iprintf.o)
                              src/ASF/sam/drivers/adc/adc.o (iprintf)
u:/installedapps/atmel/atmel toolchain/arm gcc/native/4.7.3.1029/arm-gnu-toolchain/bin/../lib/gcc/arm-none-eabi/4.7.3/../../../../arm-none-eabi/lib/armv7-m\libc.a(lib_a-memcpy.o)
                              src/ASF/thirdparty/freertos/freertos-7.3.0/source/queue.o (memcpy)
u:/installedapps/atmel/atmel toolchain/arm gcc/native/4.7.3.1029/arm-gnu-toolchain/bin/../lib/gcc/arm-none-eabi/4.7.3/../../../../arm-none-eabi/lib/armv7-m\libc.a(lib_a-memset.o)
                              u:/installedapps/atmel/atmel toolchain/arm gcc/native/4.7.3.1029/arm-gnu-toolchain/bin/../lib/gcc/arm-none-eabi/4.7.3/../../../../arm-none-eabi/lib/armv7-m/crt0.o (memset)
u:/installedapps/atmel/atmel toolchain/arm gcc/native/4.7.3.1029/arm-gnu-toolchain/bin/../lib/gcc/arm-none-eabi/4.7.3/../../../../arm-none-eabi/lib/armv7-m\libc.a(lib_a-puts.o)
                              src/ASF/sam/drivers/adc/adc.o (puts)
u:/installedapps/atmel/atmel toolchain/arm gcc/native/4.7.3.1029/arm-gnu-toolchain/bin/../lib/gcc/arm-none-eabi/4.7.3/../../../../arm-none-eabi/lib/armv7-m\libc.a(lib_a-setbuf.o)
                              src/main.o (setbuf)
u:/installedapps/atmel/atmel toolchain/arm gcc/native/4.7.3.1029/arm-gnu-toolchain/bin/../lib/gcc/arm-none-eabi/4.7.3/../../../../arm-none-eabi/lib/armv7-m\libc.a(lib_a-setjmp.o)
                              src/test/unity.o (setjmp)
u:/installedapps/atmel/atmel toolchain/arm gcc/native/4.7.3.1029/arm-gnu-toolchain/bin/../lib/gcc/arm-none-eabi/4.7.3/../../../../arm-none-eabi/lib/armv7-m\libc.a(lib_a-setvbuf.o)
[...]
Memory Configuration

Name             Origin             Length             Attributes
rom              0x00080000         0x00080000         xr
sram0            0x20000000         0x00010000         xrw
sram1            0x20080000         0x00008000         xrw
ram              0x20070000         0x00018000         xrw
*default*        0x00000000         0xffffffff

Linker script and memory map

LOAD u:/installedapps/atmel/atmel toolchain/arm gcc/native/4.7.3.1029/arm-gnu-toolchain/bin/../lib/gcc/arm-none-eabi/4.7.3/armv7-m/crti.o
LOAD u:/installedapps/atmel/atmel toolchain/arm gcc/native/4.7.3.1029/arm-gnu-toolchain/bin/../lib/gcc/arm-none-eabi/4.7.3/armv7-m/crtbegin.o
LOAD u:/installedapps/atmel/atmel toolchain/arm gcc/native/4.7.3.1029/arm-gnu-toolchain/bin/../lib/gcc/arm-none-eabi/4.7.3/../../../../arm-none-eabi/lib/armv7-m/crt0.o
LOAD src/values.o
LOAD src/adc_functions.o
LOAD src/ASF/common/services/serial/usart_serial.o
LOAD src/ASF/common/utils/stdio/read.o
LOAD src/ASF/common/utils/stdio/write.o
LOAD src/ASF/sam/drivers/adc/adc.o
LOAD src/ASF/sam/drivers/uart/uart.o
LOAD src/ASF/sam/drivers/usart/usart.o
LOAD src/ASF/thirdparty/freertos/freertos-7.3.0/source/FreeRTOS_CLI.o
LOAD src/controller_back.o
LOAD src/controller_front.o
LOAD src/main.o
LOAD src/pwm_controller.o
LOAD src/serial_communication.o
LOAD src/test/test_duty_cycle.o
LOAD src/test/unity.o
LOAD src/ASF/thirdparty/freertos/freertos-7.3.0/source/list.o
LOAD src/ASF/thirdparty/freertos/freertos-7.3.0/source/portable/gcc/sam/port.o
LOAD src/ASF/thirdparty/freertos/freertos-7.3.0/source/portable/memmang/heap_4.o
LOAD src/ASF/thirdparty/freertos/freertos-7.3.0/source/queue.o
LOAD src/ASF/thirdparty/freertos/freertos-7.3.0/source/tasks.o
LOAD src/ASF/thirdparty/freertos/freertos-7.3.0/source/timers.o
LOAD src/ASF/sam/drivers/adc/adc_sam3u.o
LOAD src/ASF/sam/drivers/pwm/pwm.o
LOAD src/ASF/common/services/clock/sam3x/sysclk.o
LOAD src/ASF/common/utils/interrupt/interrupt_sam_nvic.o
LOAD src/ASF/sam/boards/arduino_due_x/init.o
LOAD src/ASF/sam/drivers/pio/pio.o
LOAD src/ASF/sam/drivers/pio/pio_handler.o
LOAD src/ASF/sam/drivers/pmc/pmc.o
LOAD src/ASF/sam/drivers/pmc/sleep.o
LOAD src/ASF/sam/utils/cmsis/sam3x/source/templates/exceptions.o
LOAD src/ASF/sam/utils/cmsis/sam3x/source/templates/gcc/startup_sam3x.o
LOAD src/ASF/sam/utils/cmsis/sam3x/source/templates/system_sam3x.o
LOAD src/ASF/sam/utils/syscalls/gcc/syscalls.o
START GROUP
LOAD ../src/ASF/thirdparty/CMSIS/Lib/GCC\libarm_cortexM3l_math.a
LOAD u:/installedapps/atmel/atmel toolchain/arm gcc/native/4.7.3.1029/arm-gnu-toolchain/bin/../lib/gcc/arm-none-eabi/4.7.3/../../../../arm-none-eabi/lib/armv7-m\libm.a
END GROUP
START GROUP
LOAD u:/installedapps/atmel/atmel toolchain/arm gcc/native/4.7.3.1029/arm-gnu-toolchain/bin/../lib/gcc/arm-none-eabi/4.7.3/armv7-m\libgcc.a
LOAD u:/installedapps/atmel/atmel toolchain/arm gcc/native/4.7.3.1029/arm-gnu-toolchain/bin/../lib/gcc/arm-none-eabi/4.7.3/../../../../arm-none-eabi/lib/armv7-m\libc.a
END GROUP
LOAD u:/installedapps/atmel/atmel toolchain/arm gcc/native/4.7.3.1029/arm-gnu-toolchain/bin/../lib/gcc/arm-none-eabi/4.7.3/armv7-m/crtend.o
LOAD u:/installedapps/atmel/atmel toolchain/arm gcc/native/4.7.3.1029/arm-gnu-toolchain/bin/../lib/gcc/arm-none-eabi/4.7.3/armv7-m/crtn.o
                [0x00002000]                __stack_size__ = DEFINED (__stack_size__)?__stack_size__:0x2000
                0x20087ffc                __ram_end__ = ((ORIGIN (ram) + 0x18000) - 0x4)

.text           0x00080000     0x7be4
                0x00080000                . = ALIGN (0x4)
                0x00080000                _sfixed = .
 *(.vectors .vectors.*)
 .vectors       0x00080000       0xf4 src/ASF/sam/utils/cmsis/sam3x/source/templates/gcc/startup_sam3x.o
                0x00080000                exception_table
 *(.text .text.* .gnu.linkonce.t.*)
 .text          0x000800f4       0xb0 u:/installedapps/atmel/atmel toolchain/arm gcc/native/4.7.3.1029/arm-gnu-toolchain/bin/../lib/gcc/arm-none-eabi/4.7.3/armv7-m/crtbegin.o
 .text.init_adc
                0x000801a4      0x124 src/adc_functions.o
                0x000801a4                init_adc
 .text._read    0x000802c8       0x88 src/ASF/common/utils/stdio/read.o
                0x000802c8                _read
 .text._write   0x00080350       0xa0 src/ASF/common/utils/stdio/write.o
                0x00080350                _write
 .text.adc_init
                0x000803f0       0x40 src/ASF/sam/drivers/adc/adc.o
                0x000803f0                adc_init
 .text.adc_set_resolution
                0x00080430       0x10 src/ASF/sam/drivers/adc/adc.o
                0x00080430                adc_set_resolution
 .text.adc_configure_timing
                0x00080440       0x20 src/ASF/sam/drivers/adc/adc.o
                0x00080440                adc_configure_timing
 .text.adc_start
                0x00080460        0x8 src/ASF/sam/drivers/adc/adc.o
                0x00080460                adc_start
 .text.adc_enable_channel
                0x00080468        0xc src/ASF/sam/drivers/adc/adc.o
                0x00080468                adc_enable_channel
 .text.uart_init
                0x00080474       0x44 src/ASF/sam/drivers/uart/uart.o
                0x00080474                uart_init
 .text.uart_write
                0x000804b8       0x18 src/ASF/sam/drivers/uart/uart.o
                0x000804b8                uart_write
 .text.uart_read
                0x000804d0       0x18 src/ASF/sam/drivers/uart/uart.o
                0x000804d0                uart_read
 .text.usart_write
                0x000804e8       0x20 src/ASF/sam/drivers/usart/usart.o
                0x000804e8                usart_write
 .text.usart_read
                0x00080508       0x20 src/ASF/sam/drivers/usart/usart.o
                0x00080508                usart_read
 .text.update_fan_cycle_back
                0x00080528       0x4c src/controller_back.o
                0x00080528                update_fan_cycle_back
 .text.controll_back
                0x00080574      0x110 src/controller_back.o
                0x00080574                controll_back
 .text.start_controller_back
                0x00080684       0x98 src/controller_back.o
                0x00080684                start_controller_back
 .text.update_fan_cycle
                0x0008071c       0x4c src/controller_front.o
                0x0008071c                update_fan_cycle
 .text.controll_front
                0x00080768      0x110 src/controller_front.o
                0x00080768                controll_front
 .text.start_controller_front
                0x00080878       0x98 src/controller_front.o
                0x00080878                start_controller_front
 .text.usart_serial_getchar
                0x00080910       0xe4 src/main.o
 .text.usart_serial_putchar
                0x000809f4       0xe8 src/main.o
 .text.init_pwm
                0x00080adc       0x54 src/main.o
                0x00080adc                init_pwm
 .text.init_tasks
                0x00080b30       0xe0 src/main.o
                0x00080b30                init_tasks
 .text.init_sempahores
                0x00080c10       0x6c src/main.o
                0x00080c10                init_sempahores
 .text.main     0x00080c7c      0x11c src/main.o
                0x00080c7c                main
 .text.initialize_pwm
                0x00080d98      0x1f4 src/pwm_controller.o
                0x00080d98                initialize_pwm
 .text.update_duty_cycle_DAC1
                0x00080f8c       0x2c src/pwm_controller.o
                0x00080f8c                update_duty_cycle_DAC1
 .text.update_duty_cycle_36
                0x00080fb8       0x2c src/pwm_controller.o
                0x00080fb8                update_duty_cycle_36
 .text.update_duty_cycle_38
                0x00080fe4       0x2c src/pwm_controller.o
                0x00080fe4                update_duty_cycle_38
 .text.update_duty_cycle_40
                0x00081010       0x2c src/pwm_controller.o
                0x00081010                update_duty_cycle_40
 .text.update_duty_cycle_9
                0x0008103c       0x2c src/pwm_controller.o
                0x0008103c                update_duty_cycle_9
 .text.start_communication
                0x00081068      0x208 src/serial_communication.o
                0x00081068                start_communication
 .text.test_duty_cycle_DAC1
                0x00081270       0x34 src/test/test_duty_cycle.o
                0x00081270                test_duty_cycle_DAC1
 .text.test_duty_cycle_36
                0x000812a4       0x34 src/test/test_duty_cycle.o
                0x000812a4                test_duty_cycle_36
 .text.test_duty_cycle_38
                0x000812d8       0x34 src/test/test_duty_cycle.o
                0x000812d8                test_duty_cycle_38
 .text.test_duty_cycle_40
                0x0008130c       0x34 src/test/test_duty_cycle.o
                0x0008130c                test_duty_cycle_40
 .text.test_duty_cycle_9
                0x00081340       0x34 src/test/test_duty_cycle.o
                0x00081340                test_duty_cycle_9
 .text.test_update_duty_cycle_DAC1
                0x00081374       0x40 src/test/test_duty_cycle.o
                0x00081374                test_update_duty_cycle_DAC1
 .text.UnityPrintNumber
                0x000813b4      0x21c src/test/unity.o
                0x000813b4                UnityPrintNumber
 .text.UnityPrintNumberUnsigned
                0x000815d0       0xe4 src/test/unity.o
                0x000815d0                UnityPrintNumberUnsigned
 .text.UnityPrintNumberHex
                0x000816b4      0x200 src/test/unity.o
                0x000816b4                UnityPrintNumberHex
 .text.UnityPrintNumberByStyle
                0x000818b4       0x50 src/test/unity.o
                0x000818b4                UnityPrintNumberByStyle
 .text.UnityPrint
                0x00081904      0x284 src/test/unity.o
                0x00081904                UnityPrint
 .text.UnityTestResultsBegin
                0x00081b88      0x1bc src/test/unity.o
 .text.UnityTestResultsFailBegin
                0x00081d44       0xb0 src/test/unity.o
 .text.UnityAddMsgIfSpecified
                0x00081df4       0x20 src/test/unity.o
 .text.UnityPrintFail
                0x00081e14       0x18 src/test/unity.o
                0x00081e14                UnityPrintFail
 .text.UnityPrintOk
                0x00081e2c       0x18 src/test/unity.o
                0x00081e2c                UnityPrintOk
 .text.UnityConcludeTest
                0x00081e44       0xfc src/test/unity.o
                0x00081e44                UnityConcludeTest
 .text.UnityAssertEqualNumber
                0x00081f40       0x84 src/test/unity.o
                0x00081f40                UnityAssertEqualNumber
 .text.setUp    0x00081fc4        0x4 src/test/unity.o
                0x00081fc4                setUp
 .text.tearDown
                0x00081fc8        0x4 src/test/unity.o
                0x00081fc8                tearDown
 .text.UnityDefaultTestRun
                0x00081fcc       0x70 src/test/unity.o
                0x00081fcc                UnityDefaultTestRun
 .text.UnityBegin
                0x0008203c       0x20 src/test/unity.o
                0x0008203c                UnityBegin
 .text.UnityEnd
                0x0008205c      0x294 src/test/unity.o
                0x0008205c                UnityEnd
 .text.vListInitialise
                0x000822f0       0x18 src/ASF/thirdparty/freertos/freertos-7.3.0/source/list.o
                0x000822f0                vListInitialise
 .text.vListInitialiseItem
                0x00082308        0x8 src/ASF/thirdparty/freertos/freertos-7.3.0/source/list.o
                0x00082308                vListInitialiseItem
 .text.vListInsertEnd
                0x00082310       0x20 src/ASF/thirdparty/freertos/freertos-7.3.0/source/list.o
                0x00082310                vListInsertEnd
 .text.vListInsert
                0x00082330       0x44 src/ASF/thirdparty/freertos/freertos-7.3.0/source/list.o
                0x00082330                vListInsert
 .text.uxListRemove
                0x00082374       0x2c src/ASF/thirdparty/freertos/freertos-7.3.0/source/list.o
                0x00082374                uxListRemove
 .text.prvPortStartFirstTask
                0x000823a0       0x14 src/ASF/thirdparty/freertos/freertos-7.3.0/source/portable/gcc/sam/port.o
 .text.pxPortInitialiseStack
                0x000823b4       0x20 src/ASF/thirdparty/freertos/freertos-7.3.0/source/portable/gcc/sam/port.o
                0x000823b4                pxPortInitialiseStack
 .text.SVC_Handler
                0x000823d4       0x20 src/ASF/thirdparty/freertos/freertos-7.3.0/source/portable/gcc/sam/port.o
                0x000823d4                SVC_Handler
 .text.vPortYieldFromISR
                0x000823f4       0x10 src/ASF/thirdparty/freertos/freertos-7.3.0/source/portable/gcc/sam/port.o
                0x000823f4                vPortYieldFromISR
 .text.ulPortSetInterruptMask
                0x00082404       0x14 src/ASF/thirdparty/freertos/freertos-7.3.0/source/portable/gcc/sam/port.o
                0x00082404                ulPortSetInterruptMask
 .text.vPortEnterCritical
                0x00082418       0x20 src/ASF/thirdparty/freertos/freertos-7.3.0/source/portable/gcc/sam/port.o
                0x00082418                vPortEnterCritical
 .text.vPortClearInterruptMask
                0x00082438        0x8 src/ASF/thirdparty/freertos/freertos-7.3.0/source/portable/gcc/sam/port.o
                0x00082438                vPortClearInterruptMask
 .text.vPortExitCritical
                0x00082440       0x24 src/ASF/thirdparty/freertos/freertos-7.3.0/source/portable/gcc/sam/port.o
                0x00082440                vPortExitCritical
 .text.PendSV_Handler
                0x00082464       0x3c src/ASF/thirdparty/freertos/freertos-7.3.0/source/portable/gcc/sam/port.o
                0x00082464                PendSV_Handler
 .text.SysTick_Handler
                0x000824a0       0x34 src/ASF/thirdparty/freertos/freertos-7.3.0/source/portable/gcc/sam/port.o
                0x000824a0                SysTick_Handler
 .text.vPortSetupTimerInterrupt
                0x000824d4       0x24 src/ASF/thirdparty/freertos/freertos-7.3.0/source/portable/gcc/sam/port.o
                0x000824d4                vPortSetupTimerInterrupt
 .text.xPortStartScheduler
                0x000824f8       0x40 src/ASF/thirdparty/freertos/freertos-7.3.0/source/portable/gcc/sam/port.o
                0x000824f8                xPortStartScheduler
 .text.prvInsertBlockIntoFreeList
                0x00082538       0x5c src/ASF/thirdparty/freertos/freertos-7.3.0/source/portable/memmang/heap_4.o
 .text.pvPortMalloc
                0x00082594       0xfc src/ASF/thirdparty/freertos/freertos-7.3.0/source/portable/memmang/heap_4.o
                0x00082594                pvPortMalloc
 .text.vPortFree
                0x00082690       0x3c src/ASF/thirdparty/freertos/freertos-7.3.0/source/portable/memmang/heap_4.o
                0x00082690                vPortFree
 .text.prvUnlockQueue
                0x000826cc       0xb4 src/ASF/thirdparty/freertos/freertos-7.3.0/source/queue.o
 .text.prvCopyDataFromQueue
                0x00082780       0x28 src/ASF/thirdparty/freertos/freertos-7.3.0/source/queue.o
 .text.prvCopyDataToQueue
                0x000827a8       0x78 src/ASF/thirdparty/freertos/freertos-7.3.0/source/queue.o
 .text.xQueueGenericReset
                0x00082820       0x90 src/ASF/thirdparty/freertos/freertos-7.3.0/source/queue.o
                0x00082820                xQueueGenericReset
 .text.xQueueGenericCreate
                0x000828b0       0x6c src/ASF/thirdparty/freertos/freertos-7.3.0/source/queue.o
                0x000828b0                xQueueGenericCreate
 .text.xQueueGenericSend
                0x0008291c      0x180 src/ASF/thirdparty/freertos/freertos-7.3.0/source/queue.o
                0x0008291c                xQueueGenericSend
 .text.xQueueGenericSendFromISR
                0x00082a9c       0xb0 src/ASF/thirdparty/freertos/freertos-7.3.0/source/queue.o
                0x00082a9c                xQueueGenericSendFromISR
 .text.xQueueGenericReceive
                0x00082b4c      0x1d0 src/ASF/thirdparty/freertos/freertos-7.3.0/source/queue.o
                0x00082b4c                xQueueGenericReceive
 .text.vQueueWaitForMessageRestricted
                0x00082d1c       0x54 src/ASF/thirdparty/freertos/freertos-7.3.0/source/queue.o
                0x00082d1c                vQueueWaitForMessageRestricted
 .text.prvAddCurrentTaskToDelayedList
                0x00082d70       0x84 src/ASF/thirdparty/freertos/freertos-7.3.0/source/tasks.o
 .text.xTaskGenericCreate
                0x00082df4      0x2bc src/ASF/thirdparty/freertos/freertos-7.3.0/source/tasks.o
                0x00082df4                xTaskGenericCreate
 .text.vTaskStartScheduler
                0x000830b0       0x88 src/ASF/thirdparty/freertos/freertos-7.3.0/source/tasks.o
                0x000830b0                vTaskStartScheduler
 .text.vTaskSuspendAll
                0x00083138       0x14 src/ASF/thirdparty/freertos/freertos-7.3.0/source/tasks.o
                0x00083138                vTaskSuspendAll
 .text.xTaskGetTickCount
                0x0008314c       0x28 src/ASF/thirdparty/freertos/freertos-7.3.0/source/tasks.o
                0x0008314c                xTaskGetTickCount
 .text.vTaskIncrementTick
                0x00083174      0x19c src/ASF/thirdparty/freertos/freertos-7.3.0/source/tasks.o
                0x00083174                vTaskIncrementTick
 .text.xTaskResumeAll
                0x00083310      0x14c src/ASF/thirdparty/freertos/freertos-7.3.0/source/tasks.o
                0x00083310                xTaskResumeAll
 .text.prvIdleTask
                0x0008345c       0xa0 src/ASF/thirdparty/freertos/freertos-7.3.0/source/tasks.o
 .text.vTaskDelayUntil
                0x000834fc       0xbc src/ASF/thirdparty/freertos/freertos-7.3.0/source/tasks.o
                0x000834fc                vTaskDelayUntil
 .text.vTaskSwitchContext
                0x000835b8       0xc0 src/ASF/thirdparty/freertos/freertos-7.3.0/source/tasks.o
                0x000835b8                vTaskSwitchContext
 .text.vTaskPlaceOnEventList
                0x00083678       0x78 src/ASF/thirdparty/freertos/freertos-7.3.0/source/tasks.o
                0x00083678                vTaskPlaceOnEventList
 .text.vTaskPlaceOnEventListRestricted
                0x000836f0       0x58 src/ASF/thirdparty/freertos/freertos-7.3.0/source/tasks.o
                0x000836f0                vTaskPlaceOnEventListRestricted
 .text.xTaskRemoveFromEventList
                0x00083748       0xa8 src/ASF/thirdparty/freertos/freertos-7.3.0/source/tasks.o
                0x00083748                xTaskRemoveFromEventList
 .text.vTaskSetTimeOutState
                0x000837f0       0x30 src/ASF/thirdparty/freertos/freertos-7.3.0/source/tasks.o
                0x000837f0                vTaskSetTimeOutState
 .text.xTaskCheckForTimeOut
                0x00083820       0xb4 src/ASF/thirdparty/freertos/freertos-7.3.0/source/tasks.o
                0x00083820                xTaskCheckForTimeOut
 .text.vTaskMissedYield
                0x000838d4       0x10 src/ASF/thirdparty/freertos/freertos-7.3.0/source/tasks.o
                0x000838d4                vTaskMissedYield
 .text.xTaskGetCurrentTaskHandle
                0x000838e4        0xc src/ASF/thirdparty/freertos/freertos-7.3.0/source/tasks.o
                0x000838e4                xTaskGetCurrentTaskHandle
 .text.xTaskGetSchedulerState
                0x000838f0       0x28 src/ASF/thirdparty/freertos/freertos-7.3.0/source/tasks.o
                0x000838f0                xTaskGetSchedulerState
 .text.vTaskPriorityInherit
                0x00083918       0xa8 src/ASF/thirdparty/freertos/freertos-7.3.0/source/tasks.o
                0x00083918                vTaskPriorityInherit
 .text.vTaskPriorityDisinherit
                0x000839c0       0x60 src/ASF/thirdparty/freertos/freertos-7.3.0/source/tasks.o
                0x000839c0                vTaskPriorityDisinherit
 .text.prvCheckForValidListAndQueue
                0x00083a20       0x78 src/ASF/thirdparty/freertos/freertos-7.3.0/source/timers.o
 .text.prvInsertTimerInActiveList
                0x00083a98       0x68 src/ASF/thirdparty/freertos/freertos-7.3.0/source/timers.o
 .text.xTimerCreateTimerTask
                0x00083b00       0x5c src/ASF/thirdparty/freertos/freertos-7.3.0/source/timers.o
                0x00083b00                xTimerCreateTimerTask
 .text.xTimerGenericCommand
                0x00083b5c       0x68 src/ASF/thirdparty/freertos/freertos-7.3.0/source/timers.o
                0x00083b5c                xTimerGenericCommand
 .text.prvSampleTimeNow
                0x00083bc4       0xe4 src/ASF/thirdparty/freertos/freertos-7.3.0/source/timers.o
 .text.prvTimerTask
                0x00083ca8      0x1dc src/ASF/thirdparty/freertos/freertos-7.3.0/source/timers.o
 .text.pwm_clocks_generate
                0x00083e84      0x124 src/ASF/sam/drivers/pwm/pwm.o
 .text.pwm_init
                0x00083fa8       0x4c src/ASF/sam/drivers/pwm/pwm.o
                0x00083fa8                pwm_init
 .text.pwm_channel_init
                0x00083ff4      0x128 src/ASF/sam/drivers/pwm/pwm.o
                0x00083ff4                pwm_channel_init
 .text.pwm_channel_update_duty
                0x0008411c       0x24 src/ASF/sam/drivers/pwm/pwm.o
                0x0008411c                pwm_channel_update_duty
 .text.pwm_channel_enable
                0x00084140        0xc src/ASF/sam/drivers/pwm/pwm.o
                0x00084140                pwm_channel_enable
 .text.pwm_channel_disable
                0x0008414c        0xc src/ASF/sam/drivers/pwm/pwm.o
                0x0008414c                pwm_channel_disable
 .text.sysclk_init
                0x00084158       0x8c src/ASF/common/services/clock/sam3x/sysclk.o
                0x00084158                sysclk_init
 .text.board_init
                0x000841e4       0xa4 src/ASF/sam/boards/arduino_due_x/init.o
                0x000841e4                board_init
 .text.pio_pull_up
                0x00084288        0xc src/ASF/sam/drivers/pio/pio.o
                0x00084288                pio_pull_up
 .text.pio_set_peripheral
                0x00084294       0x44 src/ASF/sam/drivers/pio/pio.o
                0x00084294                pio_set_peripheral
 .text.pio_disable_interrupt
                0x000842d8        0x4 src/ASF/sam/drivers/pio/pio.o
                0x000842d8                pio_disable_interrupt
 .text.pio_set_output
                0x000842dc       0x3c src/ASF/sam/drivers/pio/pio.o
                0x000842dc                pio_set_output
 .text.pio_set_input
                0x00084318       0x4c src/ASF/sam/drivers/pio/pio.o
                0x00084318                pio_set_input
 .text.pio_get_interrupt_status
                0x00084364        0x4 src/ASF/sam/drivers/pio/pio.o
                0x00084364                pio_get_interrupt_status
 .text.pio_get_interrupt_mask
                0x00084368        0x4 src/ASF/sam/drivers/pio/pio.o
                0x00084368                pio_get_interrupt_mask
 .text.pio_configure_pin_group
                0x0008436c       0xc8 src/ASF/sam/drivers/pio/pio.o
                0x0008436c                pio_configure_pin_group
 .text.pio_get_pin_group
                0x00084434       0x14 src/ASF/sam/drivers/pio/pio.o
                0x00084434                pio_get_pin_group
 .text.pio_configure_pin
                0x00084448       0xfc src/ASF/sam/drivers/pio/pio.o
                0x00084448                pio_configure_pin
 .text.pio_handler_process
                0x00084544      0x140 src/ASF/sam/drivers/pio/pio_handler.o
                0x00084544                pio_handler_process
 .text.PIOA_Handler
                0x00084684       0x1c src/ASF/sam/drivers/pio/pio_handler.o
                0x00084684                PIOA_Handler
 .text.PIOB_Handler
                0x000846a0       0x1c src/ASF/sam/drivers/pio/pio_handler.o
                0x000846a0                PIOB_Handler
 .text.PIOC_Handler
                0x000846bc       0x1c src/ASF/sam/drivers/pio/pio_handler.o
                0x000846bc                PIOC_Handler
 .text.PIOD_Handler
                0x000846d8       0x1c src/ASF/sam/drivers/pio/pio_handler.o
                0x000846d8                PIOD_Handler
 .text.pmc_switch_mck_to_pllack
                0x000846f4       0xa0 src/ASF/sam/drivers/pmc/pmc.o
                0x000846f4                pmc_switch_mck_to_pllack
 .text.pmc_switch_mainck_to_xtal
                0x00084794       0x70 src/ASF/sam/drivers/pmc/pmc.o
                0x00084794                pmc_switch_mainck_to_xtal
 .text.pmc_osc_is_ready_mainck
                0x00084804       0x10 src/ASF/sam/drivers/pmc/pmc.o
                0x00084804                pmc_osc_is_ready_mainck
 .text.pmc_disable_pllack
                0x00084814       0x10 src/ASF/sam/drivers/pmc/pmc.o
                0x00084814                pmc_disable_pllack
 .text.pmc_is_locked_pllack
                0x00084824       0x10 src/ASF/sam/drivers/pmc/pmc.o
                0x00084824                pmc_is_locked_pllack
 .text.pmc_enable_periph_clk
                0x00084834       0x84 src/ASF/sam/drivers/pmc/pmc.o
                0x00084834                pmc_enable_periph_clk
 .text.Dummy_Handler
                0x000848b8        0x4 src/ASF/sam/utils/cmsis/sam3x/source/templates/exceptions.o
                0x000848b8                DACC_Handler
                0x000848b8                DebugMon_Handler
                0x000848b8                DMAC_Handler
                0x000848b8                TRNG_Handler
                0x000848b8                HardFault_Handler
                0x000848b8                TC2_Handler
                0x000848b8                USART3_Handler
                0x000848b8                TWI1_Handler
                0x000848b8                NMI_Handler
                0x000848b8                TC7_Handler
                0x000848b8                ADC_Handler
                0x000848b8                SMC_Handler
                0x000848b8                USART0_Handler
                0x000848b8                RTT_Handler
                0x000848b8                EFC1_Handler
                0x000848b8                RTC_Handler
                0x000848b8                UsageFault_Handler
                0x000848b8                TC6_Handler
                0x000848b8                WDT_Handler
                0x000848b8                CAN0_Handler
                0x000848b8                TC4_Handler
                0x000848b8                TC1_Handler
                0x000848b8                HSMCI_Handler
                0x000848b8                TC3_Handler
                0x000848b8                Dummy_Handler
                0x000848b8                TWI0_Handler
                0x000848b8                USART1_Handler
                0x000848b8                SSC_Handler
                0x000848b8                EFC0_Handler
                0x000848b8                PMC_Handler
                0x000848b8                PWM_Handler
                0x000848b8                CAN1_Handler
                0x000848b8                MemManage_Handler
                0x000848b8                SUPC_Handler
                0x000848b8                TC8_Handler
                0x000848b8                USART2_Handler
                0x000848b8                EMAC_Handler
                0x000848b8                UART_Handler
                0x000848b8                BusFault_Handler
                0x000848b8                RSTC_Handler
                0x000848b8                TC0_Handler
                0x000848b8                TC5_Handler
                0x000848b8                UOTGHS_Handler
                0x000848b8                SPI0_Handler
 .text.Reset_Handler
                0x000848bc      0x138 src/ASF/sam/utils/cmsis/sam3x/source/templates/gcc/startup_sam3x.o
                0x000848bc                Reset_Handler
 .text.SystemCoreClockUpdate
                0x000849f4      0x1c8 src/ASF/sam/utils/cmsis/sam3x/source/templates/system_sam3x.o
                0x000849f4                SystemCoreClockUpdate
 .text.system_init_flash
                0x00084bbc       0xc4 src/ASF/sam/utils/cmsis/sam3x/source/templates/system_sam3x.o
                0x00084bbc                system_init_flash
 .text._sbrk    0x00084c80       0x4c src/ASF/sam/utils/syscalls/gcc/syscalls.o
                0x00084c80                _sbrk
 .text._close   0x00084ccc        0x8 src/ASF/sam/utils/syscalls/gcc/syscalls.o
                0x00084ccc                _close
 .text._fstat   0x00084cd4        0xc src/ASF/sam/utils/syscalls/gcc/syscalls.o
                0x00084cd4                _fstat
 .text._isatty  0x00084ce0        0x8 src/ASF/sam/utils/syscalls/gcc/syscalls.o
                0x00084ce0                _isatty
 .text._lseek   0x00084ce8        0x8 src/ASF/sam/utils/syscalls/gcc/syscalls.o
                0x00084ce8                _lseek
 .text          0x00084cf0      0x370 u:/installedapps/atmel/atmel toolchain/arm gcc/native/4.7.3.1029/arm-gnu-toolchain/bin/../lib/gcc/arm-none-eabi/4.7.3/armv7-m\libgcc.a(_arm_addsubdf3.o)
                0x00084cf0                __aeabi_drsub
                0x00084cf8                __aeabi_dsub
                0x00084cf8                __subdf3
                0x00084cfc                __aeabi_dadd
                0x00084cfc                __adddf3
                0x00084f74                __floatunsidf
                0x00084f74                __aeabi_ui2d
                0x00084f94                __floatsidf
                0x00084f94                __aeabi_i2d
                0x00084fb8                __aeabi_f2d
                0x00084fb8                __extendsfdf2
                0x00084ff4                __floatundidf
                0x00084ff4                __aeabi_ul2d
                0x00085004                __floatdidf
                0x00085004                __aeabi_l2d
 .text          0x00085060       0x50 u:/installedapps/atmel/atmel toolchain/arm gcc/native/4.7.3.1029/arm-gnu-toolchain/bin/../lib/gcc/arm-none-eabi/4.7.3/armv7-m\libgcc.a(_arm_fixdfsi.o)
                0x00085060                __aeabi_d2iz
                0x00085060                __fixdfsi
 .text          0x000850b0       0x9c u:/installedapps/atmel/atmel toolchain/arm gcc/native/4.7.3.1029/arm-gnu-toolchain/bin/../lib/gcc/arm-none-eabi/4.7.3/../../../../arm-none-eabi/lib/armv7-m\libc.a(lib_a-__atexit.o)
                0x000850b0                __register_exitproc
 .text          0x0008514c       0x2c u:/installedapps/atmel/atmel toolchain/arm gcc/native/4.7.3.1029/arm-gnu-toolchain/bin/../lib/gcc/arm-none-eabi/4.7.3/../../../../arm-none-eabi/lib/armv7-m\libc.a(lib_a-fini.o)
                0x0008514c                __libc_fini_array
 .text          0x00085178       0x4c u:/installedapps/atmel/atmel toolchain/arm gcc/native/4.7.3.1029/arm-gnu-toolchain/bin/../lib/gcc/arm-none-eabi/4.7.3/../../../../arm-none-eabi/lib/armv7-m\libc.a(lib_a-init.o)
                0x00085178                __libc_init_array
 .text          0x000851c4       0x40 u:/installedapps/atmel/atmel toolchain/arm gcc/native/4.7.3.1029/arm-gnu-toolchain/bin/../lib/gcc/arm-none-eabi/4.7.3/../../../../arm-none-eabi/lib/armv7-m\libc.a(lib_a-iprintf.o)
                0x000851c4                iprintf
                0x000851e8                _iprintf_r
 .text          0x00085204       0x12 u:/installedapps/atmel/atmel toolchain/arm gcc/native/4.7.3.1029/arm-gnu-toolchain/bin/../lib/gcc/arm-none-eabi/4.7.3/../../../../arm-none-eabi/lib/armv7-m\libc.a(lib_a-memcpy.o)
                0x00085204                memcpy
 .text          0x00085216       0x10 u:/installedapps/atmel/atmel toolchain/arm gcc/native/4.7.3.1029/arm-gnu-toolchain/bin/../lib/gcc/arm-none-eabi/4.7.3/../../../../arm-none-eabi/lib/armv7-m\libc.a(lib_a-memset.o)
                0x00085216                memset
 .text          0x00085226       0x10 u:/installedapps/atmel/atmel toolchain/arm gcc/native/4.7.3.1029/arm-gnu-toolchain/bin/../lib/gcc/arm-none-eabi/4.7.3/../../../../arm-none-eabi/lib/armv7-m\libc.a(lib_a-setbuf.o)
                0x00085226                setbuf
 *fill*         0x00085236        0x2 00
 .text          0x00085238       0x1c u:/installedapps/atmel/atmel toolchain/arm gcc/native/4.7.3.1029/arm-gnu-toolchain/bin/../lib/gcc/arm-none-eabi/4.7.3/../../../../arm-none-eabi/lib/armv7-m\libc.a(lib_a-setjmp.o)
                0x00085238                setjmp
                0x00085244                longjmp
 .text          0x00085254       0xec u:/installedapps/atmel/atmel toolchain/arm gcc/native/4.7.3.1029/arm-gnu-toolchain/bin/../lib/gcc/arm-none-eabi/4.7.3/../../../../arm-none-eabi/lib/armv7-m\libc.a(lib_a-setvbuf.o)
                0x00085254                setvbuf
 .text          0x00085340       0x10 u:/installedapps/atmel/atmel toolchain/arm gcc/native/4.7.3.1029/arm-gnu-toolchain/bin/../lib/gcc/arm-none-eabi/4.7.3/../../../../arm-none-eabi/lib/armv7-m\libc.a(lib_a-strlen.o)
                0x00085340                strlen
 .text          0x00085350       0x2a u:/installedapps/atmel/atmel toolchain/arm gcc/native/4.7.3.1029/arm-gnu-toolchain/bin/../lib/gcc/arm-none-eabi/4.7.3/../../../../arm-none-eabi/lib/armv7-m\libc.a(lib_a-strncpy.o)
                0x00085350                strncpy
 *fill*         0x0008537a        0x2 00
 .text          0x0008537c      0x914 u:/installedapps/atmel/atmel toolchain/arm gcc/native/4.7.3.1029/arm-gnu-toolchain/bin/../lib/gcc/arm-none-eabi/4.7.3/../../../../arm-none-eabi/lib/armv7-m\libc.a(lib_a-vfiprintf.o)
                0x0008537c                __sprint_r
                0x000853e4                _vfiprintf_r
                0x00085c72                vfiprintf
 .text          0x00085c90       0xb4 u:/installedapps/atmel/atmel toolchain/arm gcc/native/4.7.3.1029/arm-gnu-toolchain/bin/../lib/gcc/arm-none-eabi/4.7.3/../../../../arm-none-eabi/lib/armv7-m\libc.a(lib_a-wbuf.o)
                0x00085c90                __swbuf_r
                0x00085d32                __swbuf
 .text          0x00085d44       0xb8 u:/installedapps/atmel/atmel toolchain/arm gcc/native/4.7.3.1029/arm-gnu-toolchain/bin/../lib/gcc/arm-none-eabi/4.7.3/../../../../arm-none-eabi/lib/armv7-m\libc.a(lib_a-wsetup.o)
                0x00085d44                __swsetup_r
 .text.startup  0x00085dfc       0x14 u:/installedapps/atmel/atmel toolchain/arm gcc/native/4.7.3.1029/arm-gnu-toolchain/bin/../lib/gcc/arm-none-eabi/4.7.3/../../../../arm-none-eabi/lib/armv7-m\libc.a(lib_a-__call_atexit.o)
 .text          0x00085e10        0xc u:/installedapps/atmel/atmel toolchain/arm gcc/native/4.7.3.1029/arm-gnu-toolchain/bin/../lib/gcc/arm-none-eabi/4.7.3/../../../../arm-none-eabi/lib/armv7-m\libc.a(lib_a-atexit.o)
                0x00085e10                atexit
 .text          0x00085e1c      0x150 u:/installedapps/atmel/atmel toolchain/arm gcc/native/4.7.3.1029/arm-gnu-toolchain/bin/../lib/gcc/arm-none-eabi/4.7.3/../../../../arm-none-eabi/lib/armv7-m\libc.a(lib_a-fflush.o)
                0x00085e1c                _fflush_r
                0x00085f4a                fflush
 .text          0x00085f6c      0x18c u:/installedapps/atmel/atmel toolchain/arm gcc/native/4.7.3.1029/arm-gnu-toolchain/bin/../lib/gcc/arm-none-eabi/4.7.3/../../../../arm-none-eabi/lib/armv7-m\libc.a(lib_a-findfp.o)
                0x00085f74                _cleanup_r
                0x00085fc8                __sfmoreglue
                0x00085ff2                _cleanup
                0x00086000                __sinit
                0x0008604c                __sfp
                0x000860c8                __sfp_lock_acquire
                0x000860ca                __sfp_lock_release
                0x000860cc                __sinit_lock_acquire
                0x000860ce                __sinit_lock_release
                0x000860d0                __fp_lock_all
                0x000860e4                __fp_unlock_all
 .text          0x000860f8       0xe8 u:/installedapps/atmel/atmel toolchain/arm gcc/native/4.7.3.1029/arm-gnu-toolchain/bin/../lib/gcc/arm-none-eabi/4.7.3/../../../../arm-none-eabi/lib/armv7-m\libc.a(lib_a-fputwc.o)
                0x000860f8                _fputwc_r
                0x000861b8                fputwc
 .text          0x000861e0      0x208 u:/installedapps/atmel/atmel toolchain/arm gcc/native/4.7.3.1029/arm-gnu-toolchain/bin/../lib/gcc/arm-none-eabi/4.7.3/../../../../arm-none-eabi/lib/armv7-m\libc.a(lib_a-freer.o)
                0x000861e0                _malloc_trim_r
                0x0008627c                _free_r
 .text          0x000863e8      0x2b6 u:/installedapps/atmel/atmel toolchain/arm gcc/native/4.7.3.1029/arm-gnu-toolchain/bin/../lib/gcc/arm-none-eabi/4.7.3/../../../../arm-none-eabi/lib/armv7-m\libc.a(lib_a-fvwrite.o)
                0x000863e8                __sfvwrite_r
 .text          0x0008669e       0x86 u:/installedapps/atmel/atmel toolchain/arm gcc/native/4.7.3.1029/arm-gnu-toolchain/bin/../lib/gcc/arm-none-eabi/4.7.3/../../../../arm-none-eabi/lib/armv7-m\libc.a(lib_a-fwalk.o)
                0x0008669e                _fwalk
                0x000866e0                _fwalk_reent
 .text          0x00086724       0x88 u:/installedapps/atmel/atmel toolchain/arm gcc/native/4.7.3.1029/arm-gnu-toolchain/bin/../lib/gcc/arm-none-eabi/4.7.3/../../../../arm-none-eabi/lib/armv7-m\libc.a(lib_a-locale.o)
                0x00086724                _setlocale_r
                0x00086768                __locale_charset
                0x00086770                __locale_mb_cur_max
                0x0008677c                __locale_msgcharset
                0x00086784                __locale_cjk_lang
                0x00086788                _localeconv_r
                0x00086790                setlocale
                0x000867a4                localeconv
 .text          0x000867ac       0xd8 u:/installedapps/atmel/atmel toolchain/arm gcc/native/4.7.3.1029/arm-gnu-toolchain/bin/../lib/gcc/arm-none-eabi/4.7.3/../../../../arm-none-eabi/lib/armv7-m\libc.a(lib_a-makebuf.o)
                0x000867ac                __smakebuf_r
 .text          0x00086884       0x20 u:/installedapps/atmel/atmel toolchain/arm gcc/native/4.7.3.1029/arm-gnu-toolchain/bin/../lib/gcc/arm-none-eabi/4.7.3/../../../../arm-none-eabi/lib/armv7-m\libc.a(lib_a-malloc.o)
                0x00086884                malloc
                0x00086894                free
 .text          0x000868a4      0x404 u:/installedapps/atmel/atmel toolchain/arm gcc/native/4.7.3.1029/arm-gnu-toolchain/bin/../lib/gcc/arm-none-eabi/4.7.3/../../../../arm-none-eabi/lib/armv7-m\libc.a(lib_a-mallocr.o)
                0x000868a4                _malloc_r
 .text          0x00086ca8       0x1c u:/installedapps/atmel/atmel toolchain/arm gcc/native/4.7.3.1029/arm-gnu-toolchain/bin/../lib/gcc/arm-none-eabi/4.7.3/../../../../arm-none-eabi/lib/armv7-m\libc.a(lib_a-memchr.o)
                0x00086ca8                memchr
 .text          0x00086cc4       0x34 u:/installedapps/atmel/atmel toolchain/arm gcc/native/4.7.3.1029/arm-gnu-toolchain/bin/../lib/gcc/arm-none-eabi/4.7.3/../../../../arm-none-eabi/lib/armv7-m\libc.a(lib_a-memmove.o)
                0x00086cc4                memmove
 .text          0x00086cf8        0x4 u:/installedapps/atmel/atmel toolchain/arm gcc/native/4.7.3.1029/arm-gnu-toolchain/bin/../lib/gcc/arm-none-eabi/4.7.3/../../../../arm-none-eabi/lib/armv7-m\libc.a(lib_a-mlock.o)
                0x00086cf8                __malloc_lock
                0x00086cfa                __malloc_unlock
 .text          0x00086cfc      0x2dc u:/installedapps/atmel/atmel toolchain/arm gcc/native/4.7.3.1029/arm-gnu-toolchain/bin/../lib/gcc/arm-none-eabi/4.7.3/../../../../arm-none-eabi/lib/armv7-m\libc.a(lib_a-reallocr.o)
                0x00086cfc                _realloc_r
 .text          0x00086fd8       0x20 u:/installedapps/atmel/atmel toolchain/arm gcc/native/4.7.3.1029/arm-gnu-toolchain/bin/../lib/gcc/arm-none-eabi/4.7.3/../../../../arm-none-eabi/lib/armv7-m\libc.a(lib_a-sbrkr.o)
                0x00086fd8                _sbrk_r
 .text          0x00086ff8       0x8e u:/installedapps/atmel/atmel toolchain/arm gcc/native/4.7.3.1029/arm-gnu-toolchain/bin/../lib/gcc/arm-none-eabi/4.7.3/../../../../arm-none-eabi/lib/armv7-m\libc.a(lib_a-stdio.o)
                0x00086ff8                __sread
                0x0008701a                __seofread
                0x0008701e                __swrite
                0x0008705a                __sseek
                0x0008707e                __sclose
 .text          0x00087086       0x16 u:/installedapps/atmel/atmel toolchain/arm gcc/native/4.7.3.1029/arm-gnu-toolchain/bin/../lib/gcc/arm-none-eabi/4.7.3/../../../../arm-none-eabi/lib/armv7-m\libc.a(lib_a-strcmp.o)
                0x00087086                strcmp
 .text          0x0008709c       0x68 u:/installedapps/atmel/atmel toolchain/arm gcc/native/4.7.3.1029/arm-gnu-toolchain/bin/../lib/gcc/arm-none-eabi/4.7.3/../../../../arm-none-eabi/lib/armv7-m\libc.a(lib_a-wcrtomb.o)
                0x0008709c                _wcrtomb_r
                0x000870e8                wcrtomb
 .text          0x00087104       0x44 u:/installedapps/atmel/atmel toolchain/arm gcc/native/4.7.3.1029/arm-gnu-toolchain/bin/../lib/gcc/arm-none-eabi/4.7.3/../../../../arm-none-eabi/lib/armv7-m\libc.a(lib_a-wctomb_r.o)
                0x00087104                __ascii_wctomb
                0x0008711e                _wctomb_r
 .text          0x00087148       0x24 u:/installedapps/atmel/atmel toolchain/arm gcc/native/4.7.3.1029/arm-gnu-toolchain/bin/../lib/gcc/arm-none-eabi/4.7.3/../../../../arm-none-eabi/lib/armv7-m\libc.a(lib_a-writer.o)
                0x00087148                _write_r
 .text          0x0008716c       0x20 u:/installedapps/atmel/atmel toolchain/arm gcc/native/4.7.3.1029/arm-gnu-toolchain/bin/../lib/gcc/arm-none-eabi/4.7.3/../../../../arm-none-eabi/lib/armv7-m\libc.a(lib_a-closer.o)
                0x0008716c                _close_r
 .text          0x0008718c       0x94 u:/installedapps/atmel/atmel toolchain/arm gcc/native/4.7.3.1029/arm-gnu-toolchain/bin/../lib/gcc/arm-none-eabi/4.7.3/../../../../arm-none-eabi/lib/armv7-m\libc.a(lib_a-fclose.o)
                0x0008718c                _fclose_r
                0x00087210                fclose
 .text          0x00087220       0x24 u:/installedapps/atmel/atmel toolchain/arm gcc/native/4.7.3.1029/arm-gnu-toolchain/bin/../lib/gcc/arm-none-eabi/4.7.3/../../../../arm-none-eabi/lib/armv7-m\libc.a(lib_a-fstatr.o)
                0x00087220                _fstat_r
 .text          0x00087244       0x20 u:/installedapps/atmel/atmel toolchain/arm gcc/native/4.7.3.1029/arm-gnu-toolchain/bin/../lib/gcc/arm-none-eabi/4.7.3/../../../../arm-none-eabi/lib/armv7-m\libc.a(lib_a-isattyr.o)
                0x00087244                _isatty_r
 .text          0x00087264       0x24 u:/installedapps/atmel/atmel toolchain/arm gcc/native/4.7.3.1029/arm-gnu-toolchain/bin/../lib/gcc/arm-none-eabi/4.7.3/../../../../arm-none-eabi/lib/armv7-m\libc.a(lib_a-lseekr.o)
                0x00087264                _lseek_r
 .text          0x00087288       0x24 u:/installedapps/atmel/atmel toolchain/arm gcc/native/4.7.3.1029/arm-gnu-toolchain/bin/../lib/gcc/arm-none-eabi/4.7.3/../../../../arm-none-eabi/lib/armv7-m\libc.a(lib_a-readr.o)
                0x00087288                _read_r
 .text          0x000872ac       0x2c u:/installedapps/atmel/atmel toolchain/arm gcc/native/4.7.3.1029/arm-gnu-toolchain/bin/../lib/gcc/arm-none-eabi/4.7.3/armv7-m\libgcc.a(_aeabi_uldivmod.o)
                0x000872ac                __aeabi_uldivmod
 .text          0x000872d8       0x60 u:/installedapps/atmel/atmel toolchain/arm gcc/native/4.7.3.1029/arm-gnu-toolchain/bin/../lib/gcc/arm-none-eabi/4.7.3/armv7-m\libgcc.a(bpabi.o)
                0x000872d8                __gnu_ldivmod_helper
                0x00087308                __gnu_uldivmod_helper
 .text          0x00087338        0x4 u:/installedapps/atmel/atmel toolchain/arm gcc/native/4.7.3.1029/arm-gnu-toolchain/bin/../lib/gcc/arm-none-eabi/4.7.3/armv7-m\libgcc.a(_dvmd_tls.o)
                0x00087338                __aeabi_idiv0
                0x00087338                __aeabi_ldiv0
 .text          0x0008733c      0x2bc u:/installedapps/atmel/atmel toolchain/arm gcc/native/4.7.3.1029/arm-gnu-toolchain/bin/../lib/gcc/arm-none-eabi/4.7.3/armv7-m\libgcc.a(_divdi3.o)
                0x0008733c                __divdi3
 .text          0x000875f8      0x28c u:/installedapps/atmel/atmel toolchain/arm gcc/native/4.7.3.1029/arm-gnu-toolchain/bin/../lib/gcc/arm-none-eabi/4.7.3/armv7-m\libgcc.a(_udivdi3.o)
                0x000875f8                __udivdi3
 *(.glue_7t)
 .glue_7t       0x00000000        0x0 linker stubs
 *(.glue_7)
 .glue_7        0x00000000        0x0 linker stubs
 *(.rodata .rodata* .gnu.linkonce.r.*)
 .rodata.str1.4
                0x00087884       0xa8 src/main.o
 .rodata.str1.4
                0x0008792c      0x158 src/serial_communication.o
 .rodata.str1.4
                0x00087a84       0x16 src/test/test_duty_cycle.o
                                 0x18 (size before relaxing)
 *fill*         0x00087a9a        0x2 00
 .rodata.UnitySizeMask
                0x00087a9c       0x1c src/test/unity.o
                0x00087a9c                UnitySizeMask
 .rodata.UnityStrOk
                0x00087ab8        0x4 src/test/unity.o
                0x00087ab8                UnityStrOk
 .rodata.UnityStrSpacer
                0x00087abc        0x4 src/test/unity.o
                0x00087abc                UnityStrSpacer
 .rodata.UnityStrWas
                0x00087ac0        0x8 src/test/unity.o
                0x00087ac0                UnityStrWas
 .rodata.UnityStrFail
                0x00087ac8        0x8 src/test/unity.o
                0x00087ac8                UnityStrFail
 .rodata.UnityStrExpected
                0x00087ad0        0xc src/test/unity.o
                0x00087ad0                UnityStrExpected
 .rodata.UnityStrBreaker
                0x00087adc       0x18 src/test/unity.o
                0x00087adc                UnityStrBreaker
 .rodata.UnityStrResultsFailures
                0x00087af4        0xc src/test/unity.o
                0x00087af4                UnityStrResultsFailures
 .rodata.UnityStrResultsIgnored
                0x00087b00        0xc src/test/unity.o
                0x00087b00                UnityStrResultsIgnored
 .rodata.UnityStrResultsTests
                0x00087b0c        0x8 src/test/unity.o
                0x00087b0c                UnityStrResultsTests
 .rodata.UnityStrPass
                0x00087b14        0x8 src/test/unity.o
                0x00087b14                UnityStrPass
 .rodata.str1.4
                0x00087b1c       0x1f src/ASF/thirdparty/freertos/freertos-7.3.0/source/tasks.o
                                 0x20 (size before relaxing)
 *fill*         0x00087b3b        0x1 00
 .rodata.str1.4
                0x00087b3c        0x8 src/ASF/thirdparty/freertos/freertos-7.3.0/source/timers.o
 .rodata        0x00087b44       0x2c src/ASF/sam/drivers/pwm/pwm.o
 .rodata        0x00087b70        0x4 u:/installedapps/atmel/atmel toolchain/arm gcc/native/4.7.3.1029/arm-gnu-toolchain/bin/../lib/gcc/arm-none-eabi/4.7.3/../../../../arm-none-eabi/lib/armv7-m\libc.a(lib_a-impure.o)
                0x00087b70                _global_impure_ptr
 .rodata.str1.1
                0x00087b74        0x2 u:/installedapps/atmel/atmel toolchain/arm gcc/native/4.7.3.1029/arm-gnu-toolchain/bin/../lib/gcc/arm-none-eabi/4.7.3/../../../../arm-none-eabi/lib/armv7-m\libc.a(lib_a-impure.o)
 .rodata        0x00087b76       0x20 u:/installedapps/atmel/atmel toolchain/arm gcc/native/4.7.3.1029/arm-gnu-toolchain/bin/../lib/gcc/arm-none-eabi/4.7.3/../../../../arm-none-eabi/lib/armv7-m\libc.a(lib_a-vfiprintf.o)
 .rodata.str1.1
                0x00087b96       0x22 u:/installedapps/atmel/atmel toolchain/arm gcc/native/4.7.3.1029/arm-gnu-toolchain/bin/../lib/gcc/arm-none-eabi/4.7.3/../../../../arm-none-eabi/lib/armv7-m\libc.a(lib_a-vfiprintf.o)
 .rodata.str1.1
                0x00087bb8        0x8 u:/installedapps/atmel/atmel toolchain/arm gcc/native/4.7.3.1029/arm-gnu-toolchain/bin/../lib/gcc/arm-none-eabi/4.7.3/../../../../arm-none-eabi/lib/armv7-m\libc.a(lib_a-locale.o)
                                  0xb (size before relaxing)
 *(.ARM.extab* .gnu.linkonce.armextab.*)
                0x00087bc0                . = ALIGN (0x4)
 *(.init)
 .init          0x00087bc0        0x4 u:/installedapps/atmel/atmel toolchain/arm gcc/native/4.7.3.1029/arm-gnu-toolchain/bin/../lib/gcc/arm-none-eabi/4.7.3/armv7-m/crti.o
                0x00087bc0                _init
 .init          0x00087bc4        0x8 u:/installedapps/atmel/atmel toolchain/arm gcc/native/4.7.3.1029/arm-gnu-toolchain/bin/../lib/gcc/arm-none-eabi/4.7.3/armv7-m/crtn.o
                0x00087bcc                . = ALIGN (0x4)
                0x00087bcc                __preinit_array_start = .
 *(.preinit_array)
                0x00087bcc                __preinit_array_end = .
                0x00087bcc                . = ALIGN (0x4)
                0x00087bcc                __init_array_start = .
 *(SORT(.init_array.*))
 .init_array.00000
                0x00087bcc        0x4 u:/installedapps/atmel/atmel toolchain/arm gcc/native/4.7.3.1029/arm-gnu-toolchain/bin/../lib/gcc/arm-none-eabi/4.7.3/../../../../arm-none-eabi/lib/armv7-m\libc.a(lib_a-__call_atexit.o)
 *(.init_array)
 .init_array    0x00087bd0        0x4 u:/installedapps/atmel/atmel toolchain/arm gcc/native/4.7.3.1029/arm-gnu-toolchain/bin/../lib/gcc/arm-none-eabi/4.7.3/armv7-m/crtbegin.o
                0x00087bd4                __init_array_end = .
                0x00087bd4                . = ALIGN (0x4)
 *crtbegin.o(.ctors)
 *(EXCLUDE_FILE(*crtend.o) .ctors)
 *(SORT(.ctors.*))
 *crtend.o(.ctors)
                0x00087bd4                . = ALIGN (0x4)
 *(.fini)
 .fini          0x00087bd4        0x4 u:/installedapps/atmel/atmel toolchain/arm gcc/native/4.7.3.1029/arm-gnu-toolchain/bin/../lib/gcc/arm-none-eabi/4.7.3/armv7-m/crti.o
                0x00087bd4                _fini
 .fini          0x00087bd8        0x8 u:/installedapps/atmel/atmel toolchain/arm gcc/native/4.7.3.1029/arm-gnu-toolchain/bin/../lib/gcc/arm-none-eabi/4.7.3/armv7-m/crtn.o
                0x00087be0                . = ALIGN (0x4)
                0x00087be0                __fini_array_start = .
 *(.fini_array)
 .fini_array    0x00087be0        0x4 u:/installedapps/atmel/atmel toolchain/arm gcc/native/4.7.3.1029/arm-gnu-toolchain/bin/../lib/gcc/arm-none-eabi/4.7.3/armv7-m/crtbegin.o
 *(SORT(.fini_array.*))
                0x00087be4                __fini_array_end = .
 *crtbegin.o(.dtors)
 *(EXCLUDE_FILE(*crtend.o) .dtors)
 *(SORT(.dtors.*))
 *crtend.o(.dtors)
                0x00087be4                . = ALIGN (0x4)
                0x00087be4                _efixed = .
                0x00087be4                PROVIDE (__exidx_start, .)

.vfp11_veneer   0x00087be4        0x0
 .vfp11_veneer  0x00000000        0x0 linker stubs

.v4_bx          0x00087be4        0x0
 .v4_bx         0x00000000        0x0 linker stubs

.iplt           0x00087be4        0x0
 .iplt          0x00000000        0x0 u:/installedapps/atmel/atmel toolchain/arm gcc/native/4.7.3.1029/arm-gnu-toolchain/bin/../lib/gcc/arm-none-eabi/4.7.3/armv7-m/crtbegin.o

.ARM.exidx      0x00087be4        0x8
 *(.ARM.exidx* .gnu.linkonce.armexidx.*)
 .ARM.exidx     0x00087be4        0x8 u:/installedapps/atmel/atmel toolchain/arm gcc/native/4.7.3.1029/arm-gnu-toolchain/bin/../lib/gcc/arm-none-eabi/4.7.3/armv7-m\libgcc.a(_divdi3.o)
 .ARM.exidx     0x00087bec        0x0 u:/installedapps/atmel/atmel toolchain/arm gcc/native/4.7.3.1029/arm-gnu-toolchain/bin/../lib/gcc/arm-none-eabi/4.7.3/armv7-m\libgcc.a(_udivdi3.o)
                                  0x8 (size before relaxing)
                0x00087bec                PROVIDE (__exidx_end, .)

.eh_frame       0x00087bec        0x0
 .eh_frame      0x00087bec        0x0 u:/installedapps/atmel/atmel toolchain/arm gcc/native/4.7.3.1029/arm-gnu-toolchain/bin/../lib/gcc/arm-none-eabi/4.7.3/armv7-m/crtbegin.o

.rel.dyn        0x00087bec        0x0
 .rel.iplt      0x00000000        0x0 u:/installedapps/atmel/atmel toolchain/arm gcc/native/4.7.3.1029/arm-gnu-toolchain/bin/../lib/gcc/arm-none-eabi/4.7.3/armv7-m/crtbegin.o

.jcr            0x00087bec        0x0
 .jcr           0x00087bec        0x0 u:/installedapps/atmel/atmel toolchain/arm gcc/native/4.7.3.1029/arm-gnu-toolchain/bin/../lib/gcc/arm-none-eabi/4.7.3/armv7-m/crtbegin.o

.tm_clone_table
                0x00087bec        0x0
 .tm_clone_table
                0x00087bec        0x0 u:/installedapps/atmel/atmel toolchain/arm gcc/native/4.7.3.1029/arm-gnu-toolchain/bin/../lib/gcc/arm-none-eabi/4.7.3/armv7-m/crtbegin.o
 .tm_clone_table
                0x00087bec        0x0 u:/installedapps/atmel/atmel toolchain/arm gcc/native/4.7.3.1029/arm-gnu-toolchain/bin/../lib/gcc/arm-none-eabi/4.7.3/armv7-m/crtend.o

.igot.plt       0x00087bec        0x0
 .igot.plt      0x00000000        0x0 u:/installedapps/atmel/atmel toolchain/arm gcc/native/4.7.3.1029/arm-gnu-toolchain/bin/../lib/gcc/arm-none-eabi/4.7.3/armv7-m/crtbegin.o
                0x00087bec                . = ALIGN (0x4)
                0x00087bec                _etext = .

.relocate       0x20070000      0x8d0 load address 0x00087bec
                0x20070000                . = ALIGN (0x4)
                0x20070000                _srelocate = .
 *(.ramfunc .ramfunc.*)
 *(.data .data.*)
 .data.uxCriticalNesting
                0x20070000        0x4 src/ASF/thirdparty/freertos/freertos-7.3.0/source/portable/gcc/sam/port.o
 .data.xFreeBytesRemaining
                0x20070004        0x4 src/ASF/thirdparty/freertos/freertos-7.3.0/source/portable/memmang/heap_4.o
 .data.xNextTaskUnblockTime
                0x20070008        0x2 src/ASF/thirdparty/freertos/freertos-7.3.0/source/tasks.o
 *fill*         0x2007000a        0x2 00
 .data.SystemCoreClock
                0x2007000c        0x4 src/ASF/sam/utils/cmsis/sam3x/source/templates/system_sam3x.o
                0x2007000c                SystemCoreClock
 .data          0x20070010      0x430 u:/installedapps/atmel/atmel toolchain/arm gcc/native/4.7.3.1029/arm-gnu-toolchain/bin/../lib/gcc/arm-none-eabi/4.7.3/../../../../arm-none-eabi/lib/armv7-m\libc.a(lib_a-impure.o)
                0x20070010                _impure_ptr
 .data          0x20070440       0x7c u:/installedapps/atmel/atmel toolchain/arm gcc/native/4.7.3.1029/arm-gnu-toolchain/bin/../lib/gcc/arm-none-eabi/4.7.3/../../../../arm-none-eabi/lib/armv7-m\libc.a(lib_a-locale.o)
                0x20070460                __mb_cur_max
 .data          0x200704bc      0x410 u:/installedapps/atmel/atmel toolchain/arm gcc/native/4.7.3.1029/arm-gnu-toolchain/bin/../lib/gcc/arm-none-eabi/4.7.3/../../../../arm-none-eabi/lib/armv7-m\libc.a(lib_a-mallocr.o)
                0x200704bc                __malloc_av_
                0x200708c4                __malloc_sbrk_base
                0x200708c8                __malloc_trim_threshold
 .data          0x200708cc        0x4 u:/installedapps/atmel/atmel toolchain/arm gcc/native/4.7.3.1029/arm-gnu-toolchain/bin/../lib/gcc/arm-none-eabi/4.7.3/../../../../arm-none-eabi/lib/armv7-m\libc.a(lib_a-wctomb_r.o)
                0x200708cc                __wctomb
                0x200708d0                . = ALIGN (0x4)
                0x200708d0                _erelocate = .

.bss            0x200708d0     0x8460 load address 0x000884c0
                0x200708d0                . = ALIGN (0x4)
                0x200708d0                _sbss = .
                0x200708d0                _szero = .
 *(.bss .bss.*)
 .bss           0x200708d0       0x1c u:/installedapps/atmel/atmel toolchain/arm gcc/native/4.7.3.1029/arm-gnu-toolchain/bin/../lib/gcc/arm-none-eabi/4.7.3/armv7-m/crtbegin.o
 .bss.adc_value_front_right
                0x200708ec        0x4 src/values.o
                0x200708ec                adc_value_front_right
 .bss.adc_value_back_right
                0x200708f0        0x4 src/values.o
                0x200708f0                adc_value_back_right
 .bss.adc_value_back_left
                0x200708f4        0x4 src/values.o
                0x200708f4                adc_value_back_left
 .bss.adc_value_front_left
                0x200708f8        0x4 src/values.o
                0x200708f8                adc_value_front_left
 .bss.d_buffert
                0x200708fc        0x8 src/controller_back.o
                0x200708fc                d_buffert
 .bss.sum       0x20070904        0x4 src/controller_back.o
                0x20070904                sum
 .bss.current_buffert
                0x20070908       0x14 src/controller_back.o
                0x20070908                current_buffert
 .bss.current_buffert_front
                0x2007091c       0x14 src/controller_front.o
                0x2007091c                current_buffert_front
 .bss.sum_front
                0x20070930        0x4 src/controller_front.o
                0x20070930                sum_front
 .bss.d_buffert_front
                0x20070934        0x8 src/controller_front.o
                0x20070934                d_buffert_front
 .bss.semaphore_adc_values
                0x2007093c        0x4 src/main.o
                0x2007093c                semaphore_adc_values
 .bss.semahpore_duty_cycles
                0x20070940        0x4 src/main.o
                0x20070940                semahpore_duty_cycles
 .bss.duty_cycle_38
                0x20070944        0x4 src/pwm_controller.o
                0x20070944                duty_cycle_38
 .bss.pwm_channel_9
                0x20070948       0x28 src/pwm_controller.o
 .bss.pwm_channel_DAC1
                0x20070970       0x28 src/pwm_controller.o
 .bss.duty_cycle_DAC1
                0x20070998        0x4 src/pwm_controller.o
                0x20070998                duty_cycle_DAC1
 .bss.pwm_channel_40
                0x2007099c       0x28 src/pwm_controller.o
 .bss.pwm_channel_36
                0x200709c4       0x28 src/pwm_controller.o
 .bss.duty_cycle_9
                0x200709ec        0x4 src/pwm_controller.o
                0x200709ec                duty_cycle_9
 .bss.pwm_channel_38
                0x200709f0       0x28 src/pwm_controller.o
 .bss.duty_cycle_40
                0x20070a18        0x4 src/pwm_controller.o
                0x20070a18                duty_cycle_40
 .bss.duty_cycle_36
                0x20070a1c        0x4 src/pwm_controller.o
                0x20070a1c                duty_cycle_36
 .bss.xHeap     0x20070a20     0x8000 src/ASF/thirdparty/freertos/freertos-7.3.0/source/portable/memmang/heap_4.o
 .bss.pxEnd     0x20078a20        0x4 src/ASF/thirdparty/freertos/freertos-7.3.0/source/portable/memmang/heap_4.o
 .bss.xStart    0x20078a24        0x8 src/ASF/thirdparty/freertos/freertos-7.3.0/source/portable/memmang/heap_4.o
 .bss.uxMissedTicks
                0x20078a2c        0x4 src/ASF/thirdparty/freertos/freertos-7.3.0/source/tasks.o
 .bss.xSuspendedTaskList
                0x20078a30       0x14 src/ASF/thirdparty/freertos/freertos-7.3.0/source/tasks.o
 .bss.pxDelayedTaskList
                0x20078a44        0x4 src/ASF/thirdparty/freertos/freertos-7.3.0/source/tasks.o
 .bss.xSchedulerRunning
                0x20078a48        0x4 src/ASF/thirdparty/freertos/freertos-7.3.0/source/tasks.o
 .bss.uxTasksDeleted
                0x20078a4c        0x4 src/ASF/thirdparty/freertos/freertos-7.3.0/source/tasks.o
 .bss.xTasksWaitingTermination
                0x20078a50       0x14 src/ASF/thirdparty/freertos/freertos-7.3.0/source/tasks.o
 .bss.xDelayedTaskList2
                0x20078a64       0x14 src/ASF/thirdparty/freertos/freertos-7.3.0/source/tasks.o
 .bss.uxTopReadyPriority
                0x20078a78        0x4 src/ASF/thirdparty/freertos/freertos-7.3.0/source/tasks.o
 .bss.pxReadyTasksLists
                0x20078a7c       0xc8 src/ASF/thirdparty/freertos/freertos-7.3.0/source/tasks.o
 .bss.uxSchedulerSuspended
                0x20078b44        0x4 src/ASF/thirdparty/freertos/freertos-7.3.0/source/tasks.o
 .bss.pxCurrentTCB
                0x20078b48        0x4 src/ASF/thirdparty/freertos/freertos-7.3.0/source/tasks.o
                0x20078b48                pxCurrentTCB
 .bss.xPendingReadyList
                0x20078b4c       0x14 src/ASF/thirdparty/freertos/freertos-7.3.0/source/tasks.o
 .bss.xNumOfOverflows
                0x20078b60        0x4 src/ASF/thirdparty/freertos/freertos-7.3.0/source/tasks.o
 .bss.xTickCount
                0x20078b64        0x2 src/ASF/thirdparty/freertos/freertos-7.3.0/source/tasks.o
 *fill*         0x20078b66        0x2 00
 .bss.pxOverflowDelayedTaskList
                0x20078b68        0x4 src/ASF/thirdparty/freertos/freertos-7.3.0/source/tasks.o
 .bss.uxTaskNumber
                0x20078b6c        0x4 src/ASF/thirdparty/freertos/freertos-7.3.0/source/tasks.o
 .bss.xDelayedTaskList1
                0x20078b70       0x14 src/ASF/thirdparty/freertos/freertos-7.3.0/source/tasks.o
 .bss.xMissedYield
                0x20078b84        0x4 src/ASF/thirdparty/freertos/freertos-7.3.0/source/tasks.o
 .bss.uxCurrentNumberOfTasks
                0x20078b88        0x4 src/ASF/thirdparty/freertos/freertos-7.3.0/source/tasks.o
 .bss.uxTopUsedPriority
                0x20078b8c        0x4 src/ASF/thirdparty/freertos/freertos-7.3.0/source/tasks.o
 .bss.pxCurrentTimerList
                0x20078b90        0x4 src/ASF/thirdparty/freertos/freertos-7.3.0/source/timers.o
 .bss.xActiveTimerList1
                0x20078b94       0x14 src/ASF/thirdparty/freertos/freertos-7.3.0/source/timers.o
 .bss.xActiveTimerList2
                0x20078ba8       0x14 src/ASF/thirdparty/freertos/freertos-7.3.0/source/timers.o
 .bss.xLastTime.4460
                0x20078bbc        0x2 src/ASF/thirdparty/freertos/freertos-7.3.0/source/timers.o
 *fill*         0x20078bbe        0x2 00
 .bss.xTimerQueue
                0x20078bc0        0x4 src/ASF/thirdparty/freertos/freertos-7.3.0/source/timers.o
 .bss.pxOverflowTimerList
                0x20078bc4        0x4 src/ASF/thirdparty/freertos/freertos-7.3.0/source/timers.o
 .bss.gs_interrupt_sources
                0x20078bc8       0x70 src/ASF/sam/drivers/pio/pio_handler.o
 .bss.heap.5085
                0x20078c38        0x4 src/ASF/sam/utils/syscalls/gcc/syscalls.o
 .bss           0x20078c3c       0x34 u:/installedapps/atmel/atmel toolchain/arm gcc/native/4.7.3.1029/arm-gnu-toolchain/bin/../lib/gcc/arm-none-eabi/4.7.3/../../../../arm-none-eabi/lib/armv7-m\libc.a(lib_a-mallocr.o)
                0x20078c3c                __malloc_top_pad
                0x20078c40                __malloc_current_mallinfo
                0x20078c68                __malloc_max_sbrked_mem
                0x20078c6c                __malloc_max_total_mem
 *(COMMON)
 COMMON         0x20078c70        0x4 src/ASF/common/utils/stdio/read.o
                0x20078c70                ptr_get
 COMMON         0x20078c74        0x8 src/ASF/common/utils/stdio/write.o
                0x20078c74                ptr_put
                0x20078c78                stdio_base
 *fill*         0x20078c7c        0x4 00
 COMMON         0x20078c80       0x30 src/controller_back.o
                0x20078c80                invalue
                0x20078c88                PD
                0x20078c90                current_value
                0x20078c98                PI
                0x20078ca0                activeFan
                0x20078ca4                e
                0x20078ca8                u
 COMMON         0x20078cb0       0x7c src/test/unity.o
                0x20078cb0                Unity
 COMMON         0x20078d2c        0x4 u:/installedapps/atmel/atmel toolchain/arm gcc/native/4.7.3.1029/arm-gnu-toolchain/bin/../lib/gcc/arm-none-eabi/4.7.3/../../../../arm-none-eabi/lib/armv7-m\libc.a(lib_a-reent.o)
                0x20078d2c                errno
                0x20078d30                . = ALIGN (0x4)
                0x20078d30                _ebss = .
                0x20078d30                _ezero = .

.stack          0x20078d30     0x2000 load address 0x00090920
                0x20078d30                . = ALIGN (0x8)
                0x20078d30                _sstack = .
                0x2007ad30                . = (. + __stack_size__)
 *fill*         0x20078d30     0x2000 00
                0x2007ad30                . = ALIGN (0x8)
                0x2007ad30                _estack = .
                0x2007ad30                . = ALIGN (0x4)
                0x2007ad30                _end = .
OUTPUT(HoverCraft.elf elf32-littlearm)

.ARM.attributes
                0x00000000       0x29
 .ARM.attributes
                0x00000000       0x1d u:/installedapps/atmel/atmel toolchain/arm gcc/native/4.7.3.1029/arm-gnu-toolchain/bin/../lib/gcc/arm-none-eabi/4.7.3/armv7-m/crti.o
 .ARM.attributes
                0x0000001d       0x2d u:/installedapps/atmel/atmel toolchain/arm gcc/native/4.7.3.1029/arm-gnu-toolchain/bin/../lib/gcc/arm-none-eabi/4.7.3/armv7-m/crtbegin.o
 .ARM.attributes
                0x0000004a       0x33 src/values.o
 .ARM.attributes
                0x0000007d       0x33 src/adc_functions.o
 .ARM.attributes
                0x000000b0       0x33 src/ASF/common/utils/stdio/read.o
 .ARM.attributes
                0x000000e3       0x33 src/ASF/common/utils/stdio/write.o
 .ARM.attributes
                0x00000116       0x33 src/ASF/sam/drivers/adc/adc.o
 .ARM.attributes
                0x00000149       0x33 src/ASF/sam/drivers/uart/uart.o
 .ARM.attributes
                0x0000017c       0x33 src/ASF/sam/drivers/usart/usart.o
 .ARM.attributes
                0x000001af       0x33 src/controller_back.o
 .ARM.attributes
                0x000001e2       0x33 src/controller_front.o
 .ARM.attributes
                0x00000215       0x33 src/main.o
 .ARM.attributes
                0x00000248       0x33 src/pwm_controller.o
 .ARM.attributes
                0x0000027b       0x33 src/serial_communication.o
 .ARM.attributes
                0x000002ae       0x33 src/test/test_duty_cycle.o
 .ARM.attributes
                0x000002e1       0x33 src/test/unity.o
 .ARM.attributes
                0x00000314       0x33 src/ASF/thirdparty/freertos/freertos-7.3.0/source/list.o
 .ARM.attributes
                0x00000347       0x33 src/ASF/thirdparty/freertos/freertos-7.3.0/source/portable/gcc/sam/port.o
 .ARM.attributes
                0x0000037a       0x33 src/ASF/thirdparty/freertos/freertos-7.3.0/source/portable/memmang/heap_4.o
 .ARM.attributes
                0x000003ad       0x33 src/ASF/thirdparty/freertos/freertos-7.3.0/source/queue.o
 .ARM.attributes
                0x000003e0       0x33 src/ASF/thirdparty/freertos/freertos-7.3.0/source/tasks.o
 .ARM.attributes
                0x00000413       0x33 src/ASF/thirdparty/freertos/freertos-7.3.0/source/timers.o
 .ARM.attributes
                0x00000446       0x33 src/ASF/sam/drivers/pwm/pwm.o
 .ARM.attributes
                0x00000479       0x33 src/ASF/common/services/clock/sam3x/sysclk.o
 .ARM.attributes
                0x000004ac       0x33 src/ASF/sam/boards/arduino_due_x/init.o
 .ARM.attributes
                0x000004df       0x33 src/ASF/sam/drivers/pio/pio.o
 .ARM.attributes
                0x00000512       0x33 src/ASF/sam/drivers/pio/pio_handler.o
 .ARM.attributes
                0x00000545       0x33 src/ASF/sam/drivers/pmc/pmc.o
 .ARM.attributes
                0x00000578       0x33 src/ASF/sam/utils/cmsis/sam3x/source/templates/exceptions.o
 .ARM.attributes
                0x000005ab       0x33 src/ASF/sam/utils/cmsis/sam3x/source/templates/gcc/startup_sam3x.o
 .ARM.attributes
                0x000005de       0x33 src/ASF/sam/utils/cmsis/sam3x/source/templates/system_sam3x.o
 .ARM.attributes
                0x00000611       0x33 src/ASF/sam/utils/syscalls/gcc/syscalls.o
 .ARM.attributes
                0x00000644       0x1d u:/installedapps/atmel/atmel toolchain/arm gcc/native/4.7.3.1029/arm-gnu-toolchain/bin/../lib/gcc/arm-none-eabi/4.7.3/armv7-m\libgcc.a(_arm_addsubdf3.o)
 .ARM.attributes
                0x00000661       0x1d u:/installedapps/atmel/atmel toolchain/arm gcc/native/4.7.3.1029/arm-gnu-toolchain/bin/../lib/gcc/arm-none-eabi/4.7.3/armv7-m\libgcc.a(_arm_fixdfsi.o)
 .ARM.attributes
                0x0000067e       0x2d u:/installedapps/atmel/atmel toolchain/arm gcc/native/4.7.3.1029/arm-gnu-toolchain/bin/../lib/gcc/arm-none-eabi/4.7.3/../../../../arm-none-eabi/lib/armv7-m\libc.a(lib_a-__atexit.o)
 .ARM.attributes
                0x000006ab       0x2d u:/installedapps/atmel/atmel toolchain/arm gcc/native/4.7.3.1029/arm-gnu-toolchain/bin/../lib/gcc/arm-none-eabi/4.7.3/../../../../arm-none-eabi/lib/armv7-m\libc.a(lib_a-fini.o)
 .ARM.attributes
                0x000006d8       0x2d u:/installedapps/atmel/atmel toolchain/arm gcc/native/4.7.3.1029/arm-gnu-toolchain/bin/../lib/gcc/arm-none-eabi/4.7.3/../../../../arm-none-eabi/lib/armv7-m\libc.a(lib_a-impure.o)
 .ARM.attributes
                0x00000705       0x2d u:/installedapps/atmel/atmel toolchain/arm gcc/native/4.7.3.1029/arm-gnu-toolchain/bin/../lib/gcc/arm-none-eabi/4.7.3/../../../../arm-none-eabi/lib/armv7-m\libc.a(lib_a-init.o)
 .ARM.attributes
                0x00000732       0x2d u:/installedapps/atmel/atmel toolchain/arm gcc/native/4.7.3.1029/arm-gnu-toolchain/bin/../lib/gcc/arm-none-eabi/4.7.3/../../../../arm-none-eabi/lib/armv7-m\libc.a(lib_a-iprintf.o)
 .ARM.attributes
                0x0000075f       0x2d u:/installedapps/atmel/atmel toolchain/arm gcc/native/4.7.3.1029/arm-gnu-toolchain/bin/../lib/gcc/arm-none-eabi/4.7.3/../../../../arm-none-eabi/lib/armv7-m\libc.a(lib_a-memcpy.o)
 .ARM.attributes
                0x0000078c       0x2d u:/installedapps/atmel/atmel toolchain/arm gcc/native/4.7.3.1029/arm-gnu-toolchain/bin/../lib/gcc/arm-none-eabi/4.7.3/../../../../arm-none-eabi/lib/armv7-m\libc.a(lib_a-memset.o)
 .ARM.attributes
                0x000007b9       0x2d u:/installedapps/atmel/atmel toolchain/arm gcc/native/4.7.3.1029/arm-gnu-toolchain/bin/../lib/gcc/arm-none-eabi/4.7.3/../../../../arm-none-eabi/lib/armv7-m\libc.a(lib_a-setbuf.o)
 .ARM.attributes
                0x000007e6       0x1b u:/installedapps/atmel/atmel toolchain/arm gcc/native/4.7.3.1029/arm-gnu-toolchain/bin/../lib/gcc/arm-none-eabi/4.7.3/../../../../arm-none-eabi/lib/armv7-m\libc.a(lib_a-setjmp.o)
 .ARM.attributes
                0x00000801       0x2d u:/installedapps/atmel/atmel toolchain/arm gcc/native/4.7.3.1029/arm-gnu-toolchain/bin/../lib/gcc/arm-none-eabi/4.7.3/../../../../arm-none-eabi/lib/armv7-m\libc.a(lib_a-setvbuf.o)
 .ARM.attributes
                0x0000082e       0x2d u:/installedapps/atmel/atmel toolchain/arm gcc/native/4.7.3.1029/arm-gnu-toolchain/bin/../lib/gcc/arm-none-eabi/4.7.3/../../../../arm-none-eabi/lib/armv7-m\libc.a(lib_a-strlen.o)
 .ARM.attributes
                0x0000085b       0x2d u:/installedapps/atmel/atmel toolchain/arm gcc/native/4.7.3.1029/arm-gnu-toolchain/bin/../lib/gcc/arm-none-eabi/4.7.3/../../../../arm-none-eabi/lib/armv7-m\libc.a(lib_a-strncpy.o)
 .ARM.attributes
                0x00000888       0x2d u:/installedapps/atmel/atmel toolchain/arm gcc/native/4.7.3.1029/arm-gnu-toolchain/bin/../lib/gcc/arm-none-eabi/4.7.3/../../../../arm-none-eabi/lib/armv7-m\libc.a(lib_a-vfiprintf.o)
 .ARM.attributes
                0x000008b5       0x2d u:/installedapps/atmel/atmel toolchain/arm gcc/native/4.7.3.1029/arm-gnu-toolchain/bin/../lib/gcc/arm-none-eabi/4.7.3/../../../../arm-none-eabi/lib/armv7-m\libc.a(lib_a-wbuf.o)
 .ARM.attributes
                0x000008e2       0x2d u:/installedapps/atmel/atmel toolchain/arm gcc/native/4.7.3.1029/arm-gnu-toolchain/bin/../lib/gcc/arm-none-eabi/4.7.3/../../../../arm-none-eabi/lib/armv7-m\libc.a(lib_a-wsetup.o)
 .ARM.attributes
                0x0000090f       0x2d u:/installedapps/atmel/atmel toolchain/arm gcc/native/4.7.3.1029/arm-gnu-toolchain/bin/../lib/gcc/arm-none-eabi/4.7.3/../../../../arm-none-eabi/lib/armv7-m\libc.a(lib_a-__call_atexit.o)
 .ARM.attributes
                0x0000093c       0x2d u:/installedapps/atmel/atmel toolchain/arm gcc/native/4.7.3.1029/arm-gnu-toolchain/bin/../lib/gcc/arm-none-eabi/4.7.3/../../../../arm-none-eabi/lib/armv7-m\libc.a(lib_a-atexit.o)
 .ARM.attributes
                0x00000969       0x2d u:/installedapps/atmel/atmel toolchain/arm gcc/native/4.7.3.1029/arm-gnu-toolchain/bin/../lib/gcc/arm-none-eabi/4.7.3/../../../../arm-none-eabi/lib/armv7-m\libc.a(lib_a-fflush.o)
 .ARM.attributes
                0x00000996       0x2d u:/installedapps/atmel/atmel toolchain/arm gcc/native/4.7.3.1029/arm-gnu-toolchain/bin/../lib/gcc/arm-none-eabi/4.7.3/../../../../arm-none-eabi/lib/armv7-m\libc.a(lib_a-findfp.o)
 .ARM.attributes
                0x000009c3       0x2d u:/installedapps/atmel/atmel toolchain/arm gcc/native/4.7.3.1029/arm-gnu-toolchain/bin/../lib/gcc/arm-none-eabi/4.7.3/../../../../arm-none-eabi/lib/armv7-m\libc.a(lib_a-fputwc.o)
 .ARM.attributes
                0x000009f0       0x2d u:/installedapps/atmel/atmel toolchain/arm gcc/native/4.7.3.1029/arm-gnu-toolchain/bin/../lib/gcc/arm-none-eabi/4.7.3/../../../../arm-none-eabi/lib/armv7-m\libc.a(lib_a-freer.o)
 .ARM.attributes
                0x00000a1d       0x2d u:/installedapps/atmel/atmel toolchain/arm gcc/native/4.7.3.1029/arm-gnu-toolchain/bin/../lib/gcc/arm-none-eabi/4.7.3/../../../../arm-none-eabi/lib/armv7-m\libc.a(lib_a-fvwrite.o)
 .ARM.attributes
                0x00000a4a       0x2d u:/installedapps/atmel/atmel toolchain/arm gcc/native/4.7.3.1029/arm-gnu-toolchain/bin/../lib/gcc/arm-none-eabi/4.7.3/../../../../arm-none-eabi/lib/armv7-m\libc.a(lib_a-fwalk.o)
 .ARM.attributes
                0x00000a77       0x2d u:/installedapps/atmel/atmel toolchain/arm gcc/native/4.7.3.1029/arm-gnu-toolchain/bin/../lib/gcc/arm-none-eabi/4.7.3/../../../../arm-none-eabi/lib/armv7-m\libc.a(lib_a-locale.o)
 .ARM.attributes
                0x00000aa4       0x2d u:/installedapps/atmel/atmel toolchain/arm gcc/native/4.7.3.1029/arm-gnu-toolchain/bin/../lib/gcc/arm-none-eabi/4.7.3/../../../../arm-none-eabi/lib/armv7-m\libc.a(lib_a-makebuf.o)
 .ARM.attributes
                0x00000ad1       0x2d u:/installedapps/atmel/atmel toolchain/arm gcc/native/4.7.3.1029/arm-gnu-toolchain/bin/../lib/gcc/arm-none-eabi/4.7.3/../../../../arm-none-eabi/lib/armv7-m\libc.a(lib_a-malloc.o)
 .ARM.attributes
                0x00000afe       0x2d u:/installedapps/atmel/atmel toolchain/arm gcc/native/4.7.3.1029/arm-gnu-toolchain/bin/../lib/gcc/arm-none-eabi/4.7.3/../../../../arm-none-eabi/lib/armv7-m\libc.a(lib_a-mallocr.o)
 .ARM.attributes
                0x00000b2b       0x2d u:/installedapps/atmel/atmel toolchain/arm gcc/native/4.7.3.1029/arm-gnu-toolchain/bin/../lib/gcc/arm-none-eabi/4.7.3/../../../../arm-none-eabi/lib/armv7-m\libc.a(lib_a-memchr.o)
 .ARM.attributes
                0x00000b58       0x2d u:/installedapps/atmel/atmel toolchain/arm gcc/native/4.7.3.1029/arm-gnu-toolchain/bin/../lib/gcc/arm-none-eabi/4.7.3/../../../../arm-none-eabi/lib/armv7-m\libc.a(lib_a-memmove.o)
 .ARM.attributes
                0x00000b85       0x2d u:/installedapps/atmel/atmel toolchain/arm gcc/native/4.7.3.1029/arm-gnu-toolchain/bin/../lib/gcc/arm-none-eabi/4.7.3/../../../../arm-none-eabi/lib/armv7-m\libc.a(lib_a-mlock.o)
 .ARM.attributes
                0x00000bb2       0x2d u:/installedapps/atmel/atmel toolchain/arm gcc/native/4.7.3.1029/arm-gnu-toolchain/bin/../lib/gcc/arm-none-eabi/4.7.3/../../../../arm-none-eabi/lib/armv7-m\libc.a(lib_a-reallocr.o)
 .ARM.attributes
                0x00000bdf       0x2d u:/installedapps/atmel/atmel toolchain/arm gcc/native/4.7.3.1029/arm-gnu-toolchain/bin/../lib/gcc/arm-none-eabi/4.7.3/../../../../arm-none-eabi/lib/armv7-m\libc.a(lib_a-sbrkr.o)
 .ARM.attributes
                0x00000c0c       0x2d u:/installedapps/atmel/atmel toolchain/arm gcc/native/4.7.3.1029/arm-gnu-toolchain/bin/../lib/gcc/arm-none-eabi/4.7.3/../../../../arm-none-eabi/lib/armv7-m\libc.a(lib_a-stdio.o)
 .ARM.attributes
                0x00000c39       0x2d u:/installedapps/atmel/atmel toolchain/arm gcc/native/4.7.3.1029/arm-gnu-toolchain/bin/../lib/gcc/arm-none-eabi/4.7.3/../../../../arm-none-eabi/lib/armv7-m\libc.a(lib_a-strcmp.o)
 .ARM.attributes
                0x00000c66       0x2d u:/installedapps/atmel/atmel toolchain/arm gcc/native/4.7.3.1029/arm-gnu-toolchain/bin/../lib/gcc/arm-none-eabi/4.7.3/../../../../arm-none-eabi/lib/armv7-m\libc.a(lib_a-wcrtomb.o)
 .ARM.attributes
                0x00000c93       0x2d u:/installedapps/atmel/atmel toolchain/arm gcc/native/4.7.3.1029/arm-gnu-toolchain/bin/../lib/gcc/arm-none-eabi/4.7.3/../../../../arm-none-eabi/lib/armv7-m\libc.a(lib_a-wctomb_r.o)
 .ARM.attributes
                0x00000cc0       0x2d u:/installedapps/atmel/atmel toolchain/arm gcc/native/4.7.3.1029/arm-gnu-toolchain/bin/../lib/gcc/arm-none-eabi/4.7.3/../../../../arm-none-eabi/lib/armv7-m\libc.a(lib_a-writer.o)
 .ARM.attributes
                0x00000ced       0x2d u:/installedapps/atmel/atmel toolchain/arm gcc/native/4.7.3.1029/arm-gnu-toolchain/bin/../lib/gcc/arm-none-eabi/4.7.3/../../../../arm-none-eabi/lib/armv7-m\libc.a(lib_a-closer.o)
 .ARM.attributes
                0x00000d1a       0x2d u:/installedapps/atmel/atmel toolchain/arm gcc/native/4.7.3.1029/arm-gnu-toolchain/bin/../lib/gcc/arm-none-eabi/4.7.3/../../../../arm-none-eabi/lib/armv7-m\libc.a(lib_a-fclose.o)
 .ARM.attributes
                0x00000d47       0x2d u:/installedapps/atmel/atmel toolchain/arm gcc/native/4.7.3.1029/arm-gnu-toolchain/bin/../lib/gcc/arm-none-eabi/4.7.3/../../../../arm-none-eabi/lib/armv7-m\libc.a(lib_a-fstatr.o)
 .ARM.attributes
                0x00000d74       0x2d u:/installedapps/atmel/atmel toolchain/arm gcc/native/4.7.3.1029/arm-gnu-toolchain/bin/../lib/gcc/arm-none-eabi/4.7.3/../../../../arm-none-eabi/lib/armv7-m\libc.a(lib_a-isattyr.o)
 .ARM.attributes
                0x00000da1       0x2d u:/installedapps/atmel/atmel toolchain/arm gcc/native/4.7.3.1029/arm-gnu-toolchain/bin/../lib/gcc/arm-none-eabi/4.7.3/../../../../arm-none-eabi/lib/armv7-m\libc.a(lib_a-lseekr.o)
 .ARM.attributes
                0x00000dce       0x2d u:/installedapps/atmel/atmel toolchain/arm gcc/native/4.7.3.1029/arm-gnu-toolchain/bin/../lib/gcc/arm-none-eabi/4.7.3/../../../../arm-none-eabi/lib/armv7-m\libc.a(lib_a-readr.o)
 .ARM.attributes
                0x00000dfb       0x2d u:/installedapps/atmel/atmel toolchain/arm gcc/native/4.7.3.1029/arm-gnu-toolchain/bin/../lib/gcc/arm-none-eabi/4.7.3/../../../../arm-none-eabi/lib/armv7-m\libc.a(lib_a-reent.o)
 .ARM.attributes
                0x00000e28       0x1d u:/installedapps/atmel/atmel toolchain/arm gcc/native/4.7.3.1029/arm-gnu-toolchain/bin/../lib/gcc/arm-none-eabi/4.7.3/armv7-m\libgcc.a(_aeabi_uldivmod.o)
 .ARM.attributes
                0x00000e45       0x2d u:/installedapps/atmel/atmel toolchain/arm gcc/native/4.7.3.1029/arm-gnu-toolchain/bin/../lib/gcc/arm-none-eabi/4.7.3/armv7-m\libgcc.a(bpabi.o)
 .ARM.attributes
                0x00000e72       0x1d u:/installedapps/atmel/atmel toolchain/arm gcc/native/4.7.3.1029/arm-gnu-toolchain/bin/../lib/gcc/arm-none-eabi/4.7.3/armv7-m\libgcc.a(_dvmd_tls.o)
 .ARM.attributes
                0x00000e8f       0x2d u:/installedapps/atmel/atmel toolchain/arm gcc/native/4.7.3.1029/arm-gnu-toolchain/bin/../lib/gcc/arm-none-eabi/4.7.3/armv7-m\libgcc.a(_divdi3.o)
 .ARM.attributes
                0x00000ebc       0x2d u:/installedapps/atmel/atmel toolchain/arm gcc/native/4.7.3.1029/arm-gnu-toolchain/bin/../lib/gcc/arm-none-eabi/4.7.3/armv7-m\libgcc.a(_udivdi3.o)
 .ARM.attributes
                0x00000ee9       0x2d u:/installedapps/atmel/atmel toolchain/arm gcc/native/4.7.3.1029/arm-gnu-toolchain/bin/../lib/gcc/arm-none-eabi/4.7.3/armv7-m/crtend.o
 .ARM.attributes
                0x00000f16       0x1d u:/installedapps/atmel/atmel toolchain/arm gcc/native/4.7.3.1029/arm-gnu-toolchain/bin/../lib/gcc/arm-none-eabi/4.7.3/armv7-m/crtn.o

.comment        0x00000000       0x71
 .comment       0x00000000       0x71 u:/installedapps/atmel/atmel toolchain/arm gcc/native/4.7.3.1029/arm-gnu-toolchain/bin/../lib/gcc/arm-none-eabi/4.7.3/armv7-m/crtbegin.o
                                 0x72 (size before relaxing)
 .comment       0x00000000       0x72 src/values.o
 .comment       0x00000000       0x72 src/adc_functions.o
 .comment       0x00000000       0x72 src/ASF/common/utils/stdio/read.o
 .comment       0x00000000       0x72 src/ASF/common/utils/stdio/write.o
 .comment       0x00000000       0x72 src/ASF/sam/drivers/adc/adc.o
 .comment       0x00000000       0x72 src/ASF/sam/drivers/uart/uart.o
 .comment       0x00000000       0x72 src/ASF/sam/drivers/usart/usart.o
 .comment       0x00000000       0x72 src/controller_back.o
 .comment       0x00000000       0x72 src/controller_front.o
 .comment       0x00000000       0x72 src/main.o
 .comment       0x00000000       0x72 src/pwm_controller.o
 .comment       0x00000000       0x72 src/serial_communication.o
 .comment       0x00000000       0x72 src/test/test_duty_cycle.o
 .comment       0x00000000       0x72 src/test/unity.o
 .comment       0x00000000       0x72 src/ASF/thirdparty/freertos/freertos-7.3.0/source/list.o
 .comment       0x00000000       0x72 src/ASF/thirdparty/freertos/freertos-7.3.0/source/portable/gcc/sam/port.o
 .comment       0x00000000       0x72 src/ASF/thirdparty/freertos/freertos-7.3.0/source/portable/memmang/heap_4.o
 .comment       0x00000000       0x72 src/ASF/thirdparty/freertos/freertos-7.3.0/source/queue.o
 .comment       0x00000000       0x72 src/ASF/thirdparty/freertos/freertos-7.3.0/source/tasks.o
 .comment       0x00000000       0x72 src/ASF/thirdparty/freertos/freertos-7.3.0/source/timers.o
 .comment       0x00000000       0x72 src/ASF/sam/drivers/pwm/pwm.o
 .comment       0x00000000       0x72 src/ASF/common/services/clock/sam3x/sysclk.o
 .comment       0x00000000       0x72 src/ASF/sam/boards/arduino_due_x/init.o
 .comment       0x00000000       0x72 src/ASF/sam/drivers/pio/pio.o
 .comment       0x00000000       0x72 src/ASF/sam/drivers/pio/pio_handler.o
 .comment       0x00000000       0x72 src/ASF/sam/drivers/pmc/pmc.o
 .comment       0x00000000       0x72 src/ASF/sam/utils/cmsis/sam3x/source/templates/exceptions.o
 .comment       0x00000000       0x72 src/ASF/sam/utils/cmsis/sam3x/source/templates/gcc/startup_sam3x.o
 .comment       0x00000000       0x72 src/ASF/sam/utils/cmsis/sam3x/source/templates/system_sam3x.o
 .comment       0x00000000       0x72 src/ASF/sam/utils/syscalls/gcc/syscalls.o
 .comment       0x00000000       0x72 u:/installedapps/atmel/atmel toolchain/arm gcc/native/4.7.3.1029/arm-gnu-toolchain/bin/../lib/gcc/arm-none-eabi/4.7.3/../../../../arm-none-eabi/lib/armv7-m\libc.a(lib_a-__atexit.o)
 .comment       0x00000000       0x72 u:/installedapps/atmel/atmel toolchain/arm gcc/native/4.7.3.1029/arm-gnu-toolchain/bin/../lib/gcc/arm-none-eabi/4.7.3/../../../../arm-none-eabi/lib/armv7-m\libc.a(lib_a-fini.o)
 .comment       0x00000000       0x72 u:/installedapps/atmel/atmel toolchain/arm gcc/native/4.7.3.1029/arm-gnu-toolchain/bin/../lib/gcc/arm-none-eabi/4.7.3/../../../../arm-none-eabi/lib/armv7-m\libc.a(lib_a-impure.o)
 .comment       0x00000000       0x72 u:/installedapps/atmel/atmel toolchain/arm gcc/native/4.7.3.1029/arm-gnu-toolchain/bin/../lib/gcc/arm-none-eabi/4.7.3/../../../../arm-none-eabi/lib/armv7-m\libc.a(lib_a-init.o)
 .comment       0x00000000       0x72 u:/installedapps/atmel/atmel toolchain/arm gcc/native/4.7.3.1029/arm-gnu-toolchain/bin/../lib/gcc/arm-none-eabi/4.7.3/../../../../arm-none-eabi/lib/armv7-m\libc.a(lib_a-iprintf.o)
 .comment       0x00000000       0x72 u:/installedapps/atmel/atmel toolchain/arm gcc/native/4.7.3.1029/arm-gnu-toolchain/bin/../lib/gcc/arm-none-eabi/4.7.3/../../../../arm-none-eabi/lib/armv7-m\libc.a(lib_a-memcpy.o)
 .comment       0x00000000       0x72 u:/installedapps/atmel/atmel toolchain/arm gcc/native/4.7.3.1029/arm-gnu-toolchain/bin/../lib/gcc/arm-none-eabi/4.7.3/../../../../arm-none-eabi/lib/armv7-m\libc.a(lib_a-memset.o)
 .comment       0x00000000       0x72 u:/installedapps/atmel/atmel toolchain/arm gcc/native/4.7.3.1029/arm-gnu-toolchain/bin/../lib/gcc/arm-none-eabi/4.7.3/../../../../arm-none-eabi/lib/armv7-m\libc.a(lib_a-setbuf.o)
 .comment       0x00000000       0x72 u:/installedapps/atmel/atmel toolchain/arm gcc/native/4.7.3.1029/arm-gnu-toolchain/bin/../lib/gcc/arm-none-eabi/4.7.3/../../../../arm-none-eabi/lib/armv7-m\libc.a(lib_a-setvbuf.o)
 .comment       0x00000000       0x72 u:/installedapps/atmel/atmel toolchain/arm gcc/native/4.7.3.1029/arm-gnu-toolchain/bin/../lib/gcc/arm-none-eabi/4.7.3/../../../../arm-none-eabi/lib/armv7-m\libc.a(lib_a-strlen.o)
 .comment       0x00000000       0x72 u:/installedapps/atmel/atmel toolchain/arm gcc/native/4.7.3.1029/arm-gnu-toolchain/bin/../lib/gcc/arm-none-eabi/4.7.3/../../../../arm-none-eabi/lib/armv7-m\libc.a(lib_a-strncpy.o)
 .comment       0x00000000       0x72 u:/installedapps/atmel/atmel toolchain/arm gcc/native/4.7.3.1029/arm-gnu-toolchain/bin/../lib/gcc/arm-none-eabi/4.7.3/../../../../arm-none-eabi/lib/armv7-m\libc.a(lib_a-vfiprintf.o)
 .comment       0x00000000       0x72 u:/installedapps/atmel/atmel toolchain/arm gcc/native/4.7.3.1029/arm-gnu-toolchain/bin/../lib/gcc/arm-none-eabi/4.7.3/../../../../arm-none-eabi/lib/armv7-m\libc.a(lib_a-wbuf.o)
 .comment       0x00000000       0x72 u:/installedapps/atmel/atmel toolchain/arm gcc/native/4.7.3.1029/arm-gnu-toolchain/bin/../lib/gcc/arm-none-eabi/4.7.3/../../../../arm-none-eabi/lib/armv7-m\libc.a(lib_a-wsetup.o)
 .comment       0x00000000       0x72 u:/installedapps/atmel/atmel toolchain/arm gcc/native/4.7.3.1029/arm-gnu-toolchain/bin/../lib/gcc/arm-none-eabi/4.7.3/../../../../arm-none-eabi/lib/armv7-m\libc.a(lib_a-__call_atexit.o)
 .comment       0x00000000       0x72 u:/installedapps/atmel/atmel toolchain/arm gcc/native/4.7.3.1029/arm-gnu-toolchain/bin/../lib/gcc/arm-none-eabi/4.7.3/../../../../arm-none-eabi/lib/armv7-m\libc.a(lib_a-atexit.o)
 .comment       0x00000000       0x72 u:/installedapps/atmel/atmel toolchain/arm gcc/native/4.7.3.1029/arm-gnu-toolchain/bin/../lib/gcc/arm-none-eabi/4.7.3/../../../../arm-none-eabi/lib/armv7-m\libc.a(lib_a-fflush.o)
 .comment       0x00000000       0x72 u:/installedapps/atmel/atmel toolchain/arm gcc/native/4.7.3.1029/arm-gnu-toolchain/bin/../lib/gcc/arm-none-eabi/4.7.3/../../../../arm-none-eabi/lib/armv7-m\libc.a(lib_a-findfp.o)
 .comment       0x00000000       0x72 u:/installedapps/atmel/atmel toolchain/arm gcc/native/4.7.3.1029/arm-gnu-toolchain/bin/../lib/gcc/arm-none-eabi/4.7.3/../../../../arm-none-eabi/lib/armv7-m\libc.a(lib_a-fputwc.o)
 .comment       0x00000000       0x72 u:/installedapps/atmel/atmel toolchain/arm gcc/native/4.7.3.1029/arm-gnu-toolchain/bin/../lib/gcc/arm-none-eabi/4.7.3/../../../../arm-none-eabi/lib/armv7-m\libc.a(lib_a-freer.o)
 .comment       0x00000000       0x72 u:/installedapps/atmel/atmel toolchain/arm gcc/native/4.7.3.1029/arm-gnu-toolchain/bin/../lib/gcc/arm-none-eabi/4.7.3/../../../../arm-none-eabi/lib/armv7-m\libc.a(lib_a-fvwrite.o)
 .comment       0x00000000       0x72 u:/installedapps/atmel/atmel toolchain/arm gcc/native/4.7.3.1029/arm-gnu-toolchain/bin/../lib/gcc/arm-none-eabi/4.7.3/../../../../arm-none-eabi/lib/armv7-m\libc.a(lib_a-fwalk.o)
 .comment       0x00000000       0x72 u:/installedapps/atmel/atmel toolchain/arm gcc/native/4.7.3.1029/arm-gnu-toolchain/bin/../lib/gcc/arm-none-eabi/4.7.3/../../../../arm-none-eabi/lib/armv7-m\libc.a(lib_a-locale.o)
 .comment       0x00000000       0x72 u:/installedapps/atmel/atmel toolchain/arm gcc/native/4.7.3.1029/arm-gnu-toolchain/bin/../lib/gcc/arm-none-eabi/4.7.3/../../../../arm-none-eabi/lib/armv7-m\libc.a(lib_a-makebuf.o)
 .comment       0x00000000       0x72 u:/installedapps/atmel/atmel toolchain/arm gcc/native/4.7.3.1029/arm-gnu-toolchain/bin/../lib/gcc/arm-none-eabi/4.7.3/../../../../arm-none-eabi/lib/armv7-m\libc.a(lib_a-malloc.o)
 .comment       0x00000000       0x72 u:/installedapps/atmel/atmel toolchain/arm gcc/native/4.7.3.1029/arm-gnu-toolchain/bin/../lib/gcc/arm-none-eabi/4.7.3/../../../../arm-none-eabi/lib/armv7-m\libc.a(lib_a-mallocr.o)
 .comment       0x00000000       0x72 u:/installedapps/atmel/atmel toolchain/arm gcc/native/4.7.3.1029/arm-gnu-toolchain/bin/../lib/gcc/arm-none-eabi/4.7.3/../../../../arm-none-eabi/lib/armv7-m\libc.a(lib_a-memchr.o)
 .comment       0x00000000       0x72 u:/installedapps/atmel/atmel toolchain/arm gcc/native/4.7.3.1029/arm-gnu-toolchain/bin/../lib/gcc/arm-none-eabi/4.7.3/../../../../arm-none-eabi/lib/armv7-m\libc.a(lib_a-memmove.o)
 .comment       0x00000000       0x72 u:/installedapps/atmel/atmel toolchain/arm gcc/native/4.7.3.1029/arm-gnu-toolchain/bin/../lib/gcc/arm-none-eabi/4.7.3/../../../../arm-none-eabi/lib/armv7-m\libc.a(lib_a-mlock.o)
 .comment       0x00000000       0x72 u:/installedapps/atmel/atmel toolchain/arm gcc/native/4.7.3.1029/arm-gnu-toolchain/bin/../lib/gcc/arm-none-eabi/4.7.3/../../../../arm-none-eabi/lib/armv7-m\libc.a(lib_a-reallocr.o)
 .comment       0x00000000       0x72 u:/installedapps/atmel/atmel toolchain/arm gcc/native/4.7.3.1029/arm-gnu-toolchain/bin/../lib/gcc/arm-none-eabi/4.7.3/../../../../arm-none-eabi/lib/armv7-m\libc.a(lib_a-sbrkr.o)
 .comment       0x00000000       0x72 u:/installedapps/atmel/atmel toolchain/arm gcc/native/4.7.3.1029/arm-gnu-toolchain/bin/../lib/gcc/arm-none-eabi/4.7.3/../../../../arm-none-eabi/lib/armv7-m\libc.a(lib_a-stdio.o)
 .comment       0x00000000       0x72 u:/installedapps/atmel/atmel toolchain/arm gcc/native/4.7.3.1029/arm-gnu-toolchain/bin/../lib/gcc/arm-none-eabi/4.7.3/../../../../arm-none-eabi/lib/armv7-m\libc.a(lib_a-strcmp.o)
 .comment       0x00000000       0x72 u:/installedapps/atmel/atmel toolchain/arm gcc/native/4.7.3.1029/arm-gnu-toolchain/bin/../lib/gcc/arm-none-eabi/4.7.3/../../../../arm-none-eabi/lib/armv7-m\libc.a(lib_a-wcrtomb.o)
 .comment       0x00000000       0x72 u:/installedapps/atmel/atmel toolchain/arm gcc/native/4.7.3.1029/arm-gnu-toolchain/bin/../lib/gcc/arm-none-eabi/4.7.3/../../../../arm-none-eabi/lib/armv7-m\libc.a(lib_a-wctomb_r.o)
 .comment       0x00000000       0x72 u:/installedapps/atmel/atmel toolchain/arm gcc/native/4.7.3.1029/arm-gnu-toolchain/bin/../lib/gcc/arm-none-eabi/4.7.3/../../../../arm-none-eabi/lib/armv7-m\libc.a(lib_a-writer.o)
 .comment       0x00000000       0x72 u:/installedapps/atmel/atmel toolchain/arm gcc/native/4.7.3.1029/arm-gnu-toolchain/bin/../lib/gcc/arm-none-eabi/4.7.3/../../../../arm-none-eabi/lib/armv7-m\libc.a(lib_a-closer.o)
 .comment       0x00000000       0x72 u:/installedapps/atmel/atmel toolchain/arm gcc/native/4.7.3.1029/arm-gnu-toolchain/bin/../lib/gcc/arm-none-eabi/4.7.3/../../../../arm-none-eabi/lib/armv7-m\libc.a(lib_a-fclose.o)
 .comment       0x00000000       0x72 u:/installedapps/atmel/atmel toolchain/arm gcc/native/4.7.3.1029/arm-gnu-toolchain/bin/../lib/gcc/arm-none-eabi/4.7.3/../../../../arm-none-eabi/lib/armv7-m\libc.a(lib_a-fstatr.o)
 .comment       0x00000000       0x72 u:/installedapps/atmel/atmel toolchain/arm gcc/native/4.7.3.1029/arm-gnu-toolchain/bin/../lib/gcc/arm-none-eabi/4.7.3/../../../../arm-none-eabi/lib/armv7-m\libc.a(lib_a-isattyr.o)
 .comment       0x00000000       0x72 u:/installedapps/atmel/atmel toolchain/arm gcc/native/4.7.3.1029/arm-gnu-toolchain/bin/../lib/gcc/arm-none-eabi/4.7.3/../../../../arm-none-eabi/lib/armv7-m\libc.a(lib_a-lseekr.o)
 .comment       0x00000000       0x72 u:/installedapps/atmel/atmel toolchain/arm gcc/native/4.7.3.1029/arm-gnu-toolchain/bin/../lib/gcc/arm-none-eabi/4.7.3/../../../../arm-none-eabi/lib/armv7-m\libc.a(lib_a-readr.o)
 .comment       0x00000000       0x72 u:/installedapps/atmel/atmel toolchain/arm gcc/native/4.7.3.1029/arm-gnu-toolchain/bin/../lib/gcc/arm-none-eabi/4.7.3/../../../../arm-none-eabi/lib/armv7-m\libc.a(lib_a-reent.o)
 .comment       0x00000000       0x72 u:/installedapps/atmel/atmel toolchain/arm gcc/native/4.7.3.1029/arm-gnu-toolchain/bin/../lib/gcc/arm-none-eabi/4.7.3/armv7-m\libgcc.a(bpabi.o)
 .comment       0x00000000       0x72 u:/installedapps/atmel/atmel toolchain/arm gcc/native/4.7.3.1029/arm-gnu-toolchain/bin/../lib/gcc/arm-none-eabi/4.7.3/armv7-m\libgcc.a(_divdi3.o)
 .comment       0x00000000       0x72 u:/installedapps/atmel/atmel toolchain/arm gcc/native/4.7.3.1029/arm-gnu-toolchain/bin/../lib/gcc/arm-none-eabi/4.7.3/armv7-m\libgcc.a(_udivdi3.o)
 .comment       0x00000000       0x72 u:/installedapps/atmel/atmel toolchain/arm gcc/native/4.7.3.1029/arm-gnu-toolchain/bin/../lib/gcc/arm-none-eabi/4.7.3/armv7-m/crtend.o

.debug_info     0x00000000    0x3136b
 .debug_info    0x00000000       0x71 src/values.o
 .debug_info    0x00000071     0x18ac src/adc_functions.o
 .debug_info    0x0000191d      0x1d8 src/ASF/common/utils/stdio/read.o
 .debug_info    0x00001af5      0x1a5 src/ASF/common/utils/stdio/write.o
 .debug_info    0x00001c9a     0x112e src/ASF/sam/drivers/adc/adc.o
 .debug_info    0x00002dc8      0x802 src/ASF/sam/drivers/uart/uart.o
 .debug_info    0x000035ca     0x1b26 src/ASF/sam/drivers/usart/usart.o
 .debug_info    0x000050f0     0x10dc src/controller_back.o
 .debug_info    0x000061cc     0x10dc src/controller_front.o
 .debug_info    0x000072a8     0x1b93 src/main.o
 .debug_info    0x00008e3b     0x1a6c src/pwm_controller.o
 .debug_info    0x0000a8a7      0xe0a src/serial_communication.o
 .debug_info    0x0000b6b1      0x2f4 src/test/test_duty_cycle.o
 .debug_info    0x0000b9a5     0x2b14 src/test/unity.o
 .debug_info    0x0000e4b9      0x2b9 src/ASF/thirdparty/freertos/freertos-7.3.0/source/list.o
 .debug_info    0x0000e772      0x38c src/ASF/thirdparty/freertos/freertos-7.3.0/source/portable/gcc/sam/port.o
 .debug_info    0x0000eafe      0x38d src/ASF/thirdparty/freertos/freertos-7.3.0/source/portable/memmang/heap_4.o
 .debug_info    0x0000ee8b      0xeb6 src/ASF/thirdparty/freertos/freertos-7.3.0/source/queue.o
 .debug_info    0x0000fd41     0x18ee src/ASF/thirdparty/freertos/freertos-7.3.0/source/tasks.o
 .debug_info    0x0001162f      0xb56 src/ASF/thirdparty/freertos/freertos-7.3.0/source/timers.o
 .debug_info    0x00012185     0x1557 src/ASF/sam/drivers/pwm/pwm.o